------------------------------------------------------------
Timing Analyzer Summary
------------------------------------------------------------

Type  : Slow 1100mV 85C Model Setup 'clk'
Slack : -0.829
TNS   : -105.552

Type  : Slow 1100mV 85C Model Hold 'clk'
Slack : 0.427
TNS   : 0.000

Type  : Slow 1100mV 85C Model Minimum Pulse Width 'clk'
Slack : -2.225
TNS   : -348.170

Type  : Slow 1100mV 0C Model Setup 'clk'
Slack : -0.877
TNS   : -112.000

Type  : Slow 1100mV 0C Model Hold 'clk'
Slack : 0.459
TNS   : 0.000

Type  : Slow 1100mV 0C Model Minimum Pulse Width 'clk'
Slack : -2.225
TNS   : -348.239

Type  : Fast 1100mV 85C Model Setup 'clk'
Slack : 0.061
TNS   : 0.000

Type  : Fast 1100mV 85C Model Hold 'clk'
Slack : 0.205
TNS   : 0.000

Type  : Fast 1100mV 85C Model Minimum Pulse Width 'clk'
Slack : -1.702
TNS   : -265.678

Type  : Fast 1100mV 0C Model Setup 'clk'
Slack : 0.069
TNS   : 0.000

Type  : Fast 1100mV 0C Model Hold 'clk'
Slack : 0.203
TNS   : 0.000

Type  : Fast 1100mV 0C Model Minimum Pulse Width 'clk'
Slack : -1.702
TNS   : -265.682

------------------------------------------------------------
