Archive member included to satisfy reference by file (symbol)

c:/intelfpga_lite/18.1/nios2eds/bin/gnu/h-x86_64-mingw32/bin/../lib/gcc/nios2-elf/5.3.0/mno-hw-mul\libgcc.a(lib2-mul.o)
                              obj/default/custom_component_demo.o (__mulsi3)
../custom_component_bsp/\libhal_bsp.a(alt_iic.o)
                              obj/default/custom_component_demo.o (alt_ic_isr_register)
../custom_component_bsp/\libhal_bsp.a(alt_iic_isr_register.o)
                              ../custom_component_bsp/\libhal_bsp.a(alt_iic.o) (alt_iic_isr_register)
../custom_component_bsp/\libhal_bsp.a(alt_irq_entry.o)
                              ../custom_component_bsp/\libhal_bsp.a(alt_iic_isr_register.o) (alt_irq_entry)
../custom_component_bsp/\libhal_bsp.a(alt_irq_handler.o)
                              ../custom_component_bsp/\libhal_bsp.a(alt_iic_isr_register.o) (alt_irq)
../custom_component_bsp/\libhal_bsp.a(alt_irq_vars.o)
                              ../custom_component_bsp/\libhal_bsp.a(alt_iic.o) (alt_irq_active)
../custom_component_bsp/\libhal_bsp.a(alt_load.o)
                              ../custom_component_bsp//obj/HAL/src/crt0.o (alt_load)
../custom_component_bsp/\libhal_bsp.a(alt_main.o)
                              ../custom_component_bsp//obj/HAL/src/crt0.o (alt_main)
../custom_component_bsp/\libhal_bsp.a(alt_sys_init.o)
                              ../custom_component_bsp/\libhal_bsp.a(alt_main.o) (alt_irq_init)
../custom_component_bsp/\libhal_bsp.a(altera_avalon_jtag_uart_fd.o)
                              ../custom_component_bsp/\libhal_bsp.a(alt_sys_init.o) (altera_avalon_jtag_uart_read_fd)
../custom_component_bsp/\libhal_bsp.a(altera_avalon_jtag_uart_init.o)
                              ../custom_component_bsp/\libhal_bsp.a(alt_sys_init.o) (altera_avalon_jtag_uart_init)
../custom_component_bsp/\libhal_bsp.a(altera_avalon_jtag_uart_ioctl.o)
                              ../custom_component_bsp/\libhal_bsp.a(altera_avalon_jtag_uart_fd.o) (altera_avalon_jtag_uart_ioctl)
../custom_component_bsp/\libhal_bsp.a(altera_avalon_jtag_uart_read.o)
                              ../custom_component_bsp/\libhal_bsp.a(altera_avalon_jtag_uart_fd.o) (altera_avalon_jtag_uart_read)
../custom_component_bsp/\libhal_bsp.a(altera_avalon_jtag_uart_write.o)
                              ../custom_component_bsp/\libhal_bsp.a(altera_avalon_jtag_uart_fd.o) (altera_avalon_jtag_uart_write)
../custom_component_bsp/\libhal_bsp.a(alt_alarm_start.o)
                              ../custom_component_bsp/\libhal_bsp.a(altera_avalon_jtag_uart_init.o) (alt_alarm_start)
../custom_component_bsp/\libhal_bsp.a(alt_close.o)
                              ../custom_component_bsp/\libhal_bsp.a(alt_main.o) (close)
../custom_component_bsp/\libhal_bsp.a(alt_dcache_flush_all.o)
                              ../custom_component_bsp/\libhal_bsp.a(alt_load.o) (alt_dcache_flush_all)
../custom_component_bsp/\libhal_bsp.a(alt_dev.o)
                              ../custom_component_bsp/\libhal_bsp.a(alt_sys_init.o) (alt_dev_list)
../custom_component_bsp/\libhal_bsp.a(alt_dev_llist_insert.o)
                              ../custom_component_bsp/\libhal_bsp.a(alt_sys_init.o) (alt_dev_llist_insert)
../custom_component_bsp/\libhal_bsp.a(alt_do_ctors.o)
                              ../custom_component_bsp/\libhal_bsp.a(alt_main.o) (_do_ctors)
../custom_component_bsp/\libhal_bsp.a(alt_do_dtors.o)
                              ../custom_component_bsp/\libhal_bsp.a(alt_main.o) (_do_dtors)
../custom_component_bsp/\libhal_bsp.a(alt_errno.o)
                              ../custom_component_bsp/\libhal_bsp.a(alt_close.o) (alt_errno)
../custom_component_bsp/\libhal_bsp.a(alt_exception_entry.o)
                              ../custom_component_bsp/\libhal_bsp.a(alt_irq_entry.o) (alt_exception)
../custom_component_bsp/\libhal_bsp.a(alt_icache_flush_all.o)
                              ../custom_component_bsp/\libhal_bsp.a(alt_load.o) (alt_icache_flush_all)
../custom_component_bsp/\libhal_bsp.a(alt_instruction_exception_entry.o)
                              ../custom_component_bsp/\libhal_bsp.a(alt_exception_entry.o) (alt_instruction_exception_entry)
../custom_component_bsp/\libhal_bsp.a(alt_io_redirect.o)
                              ../custom_component_bsp/\libhal_bsp.a(alt_main.o) (alt_io_redirect)
../custom_component_bsp/\libhal_bsp.a(alt_open.o)
                              ../custom_component_bsp/\libhal_bsp.a(alt_io_redirect.o) (open)
../custom_component_bsp/\libhal_bsp.a(alt_release_fd.o)
                              ../custom_component_bsp/\libhal_bsp.a(alt_close.o) (alt_release_fd)
../custom_component_bsp/\libhal_bsp.a(alt_tick.o)
                              ../custom_component_bsp/\libhal_bsp.a(altera_avalon_jtag_uart_init.o) (_alt_tick_rate)
../custom_component_bsp/\libhal_bsp.a(altera_nios2_gen2_irq.o)
                              ../custom_component_bsp/\libhal_bsp.a(alt_sys_init.o) (altera_nios2_gen2_irq_init)
../custom_component_bsp/\libhal_bsp.a(alt_find_dev.o)
                              ../custom_component_bsp/\libhal_bsp.a(alt_open.o) (alt_find_dev)
../custom_component_bsp/\libhal_bsp.a(alt_find_file.o)
                              ../custom_component_bsp/\libhal_bsp.a(alt_open.o) (alt_find_file)
../custom_component_bsp/\libhal_bsp.a(alt_get_fd.o)
                              ../custom_component_bsp/\libhal_bsp.a(alt_open.o) (alt_get_fd)
c:/intelfpga_lite/18.1/nios2eds/bin/gnu/h-x86_64-mingw32/bin/../lib/gcc/nios2-elf/5.3.0/../../../../../H-x86_64-mingw32/nios2-elf/lib/mno-hw-mul\libc.a(lib_a-atexit.o)
                              ../custom_component_bsp/\libhal_bsp.a(alt_main.o) (atexit)
c:/intelfpga_lite/18.1/nios2eds/bin/gnu/h-x86_64-mingw32/bin/../lib/gcc/nios2-elf/5.3.0/../../../../../H-x86_64-mingw32/nios2-elf/lib/mno-hw-mul\libc.a(lib_a-exit.o)
                              ../custom_component_bsp/\libhal_bsp.a(alt_main.o) (exit)
c:/intelfpga_lite/18.1/nios2eds/bin/gnu/h-x86_64-mingw32/bin/../lib/gcc/nios2-elf/5.3.0/../../../../../H-x86_64-mingw32/nios2-elf/lib/mno-hw-mul\libc.a(lib_a-impure.o)
                              c:/intelfpga_lite/18.1/nios2eds/bin/gnu/h-x86_64-mingw32/bin/../lib/gcc/nios2-elf/5.3.0/../../../../../H-x86_64-mingw32/nios2-elf/lib/mno-hw-mul\libc.a(lib_a-exit.o) (_global_impure_ptr)
c:/intelfpga_lite/18.1/nios2eds/bin/gnu/h-x86_64-mingw32/bin/../lib/gcc/nios2-elf/5.3.0/../../../../../H-x86_64-mingw32/nios2-elf/lib/mno-hw-mul\libc.a(lib_a-int_errno.o)
                              ../custom_component_bsp/\libhal_bsp.a(alt_close.o) (errno)
c:/intelfpga_lite/18.1/nios2eds/bin/gnu/h-x86_64-mingw32/bin/../lib/gcc/nios2-elf/5.3.0/../../../../../H-x86_64-mingw32/nios2-elf/lib/mno-hw-mul\libc.a(lib_a-memcmp.o)
                              ../custom_component_bsp/\libhal_bsp.a(alt_find_dev.o) (memcmp)
c:/intelfpga_lite/18.1/nios2eds/bin/gnu/h-x86_64-mingw32/bin/../lib/gcc/nios2-elf/5.3.0/../../../../../H-x86_64-mingw32/nios2-elf/lib/mno-hw-mul\libc.a(lib_a-memcpy.o)
                              ../custom_component_bsp/\libhal_bsp.a(altera_avalon_jtag_uart_read.o) (memcpy)
c:/intelfpga_lite/18.1/nios2eds/bin/gnu/h-x86_64-mingw32/bin/../lib/gcc/nios2-elf/5.3.0/../../../../../H-x86_64-mingw32/nios2-elf/lib/mno-hw-mul\libc.a(lib_a-strlen.o)
                              ../custom_component_bsp/\libhal_bsp.a(alt_find_dev.o) (strlen)
c:/intelfpga_lite/18.1/nios2eds/bin/gnu/h-x86_64-mingw32/bin/../lib/gcc/nios2-elf/5.3.0/../../../../../H-x86_64-mingw32/nios2-elf/lib/mno-hw-mul\libc.a(lib_a-__atexit.o)
                              c:/intelfpga_lite/18.1/nios2eds/bin/gnu/h-x86_64-mingw32/bin/../lib/gcc/nios2-elf/5.3.0/../../../../../H-x86_64-mingw32/nios2-elf/lib/mno-hw-mul\libc.a(lib_a-atexit.o) (__register_exitproc)
c:/intelfpga_lite/18.1/nios2eds/bin/gnu/h-x86_64-mingw32/bin/../lib/gcc/nios2-elf/5.3.0/../../../../../H-x86_64-mingw32/nios2-elf/lib/mno-hw-mul\libc.a(lib_a-__call_atexit.o)
                              c:/intelfpga_lite/18.1/nios2eds/bin/gnu/h-x86_64-mingw32/bin/../lib/gcc/nios2-elf/5.3.0/../../../../../H-x86_64-mingw32/nios2-elf/lib/mno-hw-mul\libc.a(lib_a-exit.o) (__call_exitprocs)
../custom_component_bsp/\libhal_bsp.a(alt_exit.o)
                              c:/intelfpga_lite/18.1/nios2eds/bin/gnu/h-x86_64-mingw32/bin/../lib/gcc/nios2-elf/5.3.0/../../../../../H-x86_64-mingw32/nios2-elf/lib/mno-hw-mul\libc.a(lib_a-exit.o) (_exit)

Allocating common symbols
Common symbol       size              file

alt_irq             0x100             ../custom_component_bsp/\libhal_bsp.a(alt_irq_handler.o)
errno               0x4               c:/intelfpga_lite/18.1/nios2eds/bin/gnu/h-x86_64-mingw32/bin/../lib/gcc/nios2-elf/5.3.0/../../../../../H-x86_64-mingw32/nios2-elf/lib/mno-hw-mul\libc.a(lib_a-int_errno.o)

Memory Configuration

Name             Origin             Length             Attributes
reset            0x0000000000008000 0x0000000000000020
onchip_memory2_0 0x0000000000008020 0x0000000000007fe0
*default*        0x0000000000000000 0xffffffffffffffff

Linker script and memory map

LOAD ../custom_component_bsp//obj/HAL/src/crt0.o
LOAD obj/default/custom_component_demo.o
LOAD c:/intelfpga_lite/18.1/nios2eds/bin/gnu/h-x86_64-mingw32/bin/../lib/gcc/nios2-elf/5.3.0/../../../../../H-x86_64-mingw32/nios2-elf/lib/mno-hw-mul\libstdc++.a
LOAD c:/intelfpga_lite/18.1/nios2eds/bin/gnu/h-x86_64-mingw32/bin/../lib/gcc/nios2-elf/5.3.0/../../../../../H-x86_64-mingw32/nios2-elf/lib/mno-hw-mul\libm.a
LOAD c:/intelfpga_lite/18.1/nios2eds/bin/gnu/h-x86_64-mingw32/bin/../lib/gcc/nios2-elf/5.3.0/mno-hw-mul\libgcc.a
START GROUP
LOAD c:/intelfpga_lite/18.1/nios2eds/bin/gnu/h-x86_64-mingw32/bin/../lib/gcc/nios2-elf/5.3.0/../../../../../H-x86_64-mingw32/nios2-elf/lib/mno-hw-mul\libc.a
LOAD c:/intelfpga_lite/18.1/nios2eds/bin/gnu/h-x86_64-mingw32/bin/../lib/gcc/nios2-elf/5.3.0/mno-hw-mul\libgcc.a
LOAD ../custom_component_bsp/\libhal_bsp.a
LOAD c:/intelfpga_lite/18.1/nios2eds/bin/gnu/h-x86_64-mingw32/bin/../lib/gcc/nios2-elf/5.3.0/../../../../../H-x86_64-mingw32/nios2-elf/lib/mno-hw-mul\libm.a
END GROUP
LOAD c:/intelfpga_lite/18.1/nios2eds/bin/gnu/h-x86_64-mingw32/bin/../lib/gcc/nios2-elf/5.3.0/mno-hw-mul\libgcc.a
                0x0000000000008000                __alt_mem_onchip_memory2_0 = 0x8000

.entry          0x0000000000008000       0x20
 *(.entry)
 .entry         0x0000000000008000       0x20 ../custom_component_bsp//obj/HAL/src/crt0.o
                0x0000000000008000                __reset

.exceptions     0x0000000000008020      0x210
                0x0000000000008020                PROVIDE (__ram_exceptions_start, ABSOLUTE (.))
                0x0000000000008020                . = ALIGN (0x20)
 *(.irq)
 *(.exceptions.entry.label)
 .exceptions.entry.label
                0x0000000000008020        0x0 ../custom_component_bsp/\libhal_bsp.a(alt_irq_entry.o)
                0x0000000000008020                alt_irq_entry
 .exceptions.entry.label
                0x0000000000008020        0x0 ../custom_component_bsp/\libhal_bsp.a(alt_exception_entry.o)
                0x0000000000008020                alt_exception
 *(.exceptions.entry.user)
 *(.exceptions.entry.ecc_fatal)
 *(.exceptions.entry)
 .exceptions.entry
                0x0000000000008020       0x54 ../custom_component_bsp/\libhal_bsp.a(alt_exception_entry.o)
 *(.exceptions.irqtest.user)
 *(.exceptions.irqtest)
 .exceptions.irqtest
                0x0000000000008074       0x10 ../custom_component_bsp/\libhal_bsp.a(alt_irq_entry.o)
 *(.exceptions.irqhandler.user)
 *(.exceptions.irqhandler)
 .exceptions.irqhandler
                0x0000000000008084        0x4 ../custom_component_bsp/\libhal_bsp.a(alt_irq_entry.o)
 *(.exceptions.irqreturn.user)
 *(.exceptions.irqreturn)
 .exceptions.irqreturn
                0x0000000000008088        0x4 ../custom_component_bsp/\libhal_bsp.a(alt_irq_entry.o)
 *(.exceptions.notirq.label)
 .exceptions.notirq.label
                0x000000000000808c        0x0 ../custom_component_bsp/\libhal_bsp.a(alt_irq_entry.o)
 *(.exceptions.notirq.user)
 *(.exceptions.notirq)
 .exceptions.notirq
                0x000000000000808c        0x8 ../custom_component_bsp/\libhal_bsp.a(alt_exception_entry.o)
 *(.exceptions.soft.user)
 *(.exceptions.soft)
 *(.exceptions.unknown.user)
 *(.exceptions.unknown)
 .exceptions.unknown
                0x0000000000008094       0x14 ../custom_component_bsp/\libhal_bsp.a(alt_exception_entry.o)
 *(.exceptions.exit.label)
 .exceptions.exit.label
                0x00000000000080a8        0x0 ../custom_component_bsp/\libhal_bsp.a(alt_irq_entry.o)
 .exceptions.exit.label
                0x00000000000080a8        0x0 ../custom_component_bsp/\libhal_bsp.a(alt_exception_entry.o)
 *(.exceptions.exit.user)
 *(.exceptions.exit)
 .exceptions.exit
                0x00000000000080a8       0x54 ../custom_component_bsp/\libhal_bsp.a(alt_exception_entry.o)
 *(.exceptions)
 .exceptions    0x00000000000080fc       0xd4 ../custom_component_bsp/\libhal_bsp.a(alt_irq_handler.o)
                0x00000000000080fc                alt_irq_handler
 .exceptions    0x00000000000081d0       0x60 ../custom_component_bsp/\libhal_bsp.a(alt_instruction_exception_entry.o)
                0x00000000000081d0                alt_instruction_exception_entry
                0x0000000000008230                PROVIDE (__ram_exceptions_end, ABSOLUTE (.))
                0x0000000000008020                PROVIDE (__flash_exceptions_start, LOADADDR (.exceptions))

.text           0x0000000000008230     0x238c
                [!provide]                        PROVIDE (stext, ABSOLUTE (.))
 *(.interp)
 *(.hash)
 *(.dynsym)
 *(.dynstr)
 *(.gnu.version)
 *(.gnu.version_d)
 *(.gnu.version_r)
 *(.rel.init)
 *(.rela.init)
 *(.rel.text .rel.text.* .rel.gnu.linkonce.t.*)
 *(.rela.text .rela.text.* .rela.gnu.linkonce.t.*)
 *(.rel.fini)
 *(.rela.fini)
 *(.rel.rodata .rel.rodata.* .rel.gnu.linkonce.r.*)
 *(.rela.rodata .rela.rodata.* .rela.gnu.linkonce.r.*)
 *(.rel.data .rel.data.* .rel.gnu.linkonce.d.*)
 *(.rela.data .rela.data.* .rela.gnu.linkonce.d.*)
 *(.rel.tdata .rel.tdata.* .rel.gnu.linkonce.td.*)
 *(.rela.tdata .rela.tdata.* .rela.gnu.linkonce.td.*)
 *(.rel.tbss .rel.tbss.* .rel.gnu.linkonce.tb.*)
 *(.rela.tbss .rela.tbss.* .rela.gnu.linkonce.tb.*)
 *(.rel.ctors)
 *(.rela.ctors)
 *(.rel.dtors)
 *(.rela.dtors)
 *(.rel.got)
 *(.rela.got)
 *(.rel.sdata .rel.sdata.* .rel.gnu.linkonce.s.*)
 *(.rela.sdata .rela.sdata.* .rela.gnu.linkonce.s.*)
 *(.rel.sbss .rel.sbss.* .rel.gnu.linkonce.sb.*)
 *(.rela.sbss .rela.sbss.* .rela.gnu.linkonce.sb.*)
 *(.rel.sdata2 .rel.sdata2.* .rel.gnu.linkonce.s2.*)
 *(.rela.sdata2 .rela.sdata2.* .rela.gnu.linkonce.s2.*)
 *(.rel.sbss2 .rel.sbss2.* .rel.gnu.linkonce.sb2.*)
 *(.rela.sbss2 .rela.sbss2.* .rela.gnu.linkonce.sb2.*)
 *(.rel.bss .rel.bss.* .rel.gnu.linkonce.b.*)
 *(.rela.bss .rela.bss.* .rela.gnu.linkonce.b.*)
 *(.rel.plt)
 *(.rela.plt)
 *(.rel.dyn)
 *(.init)
 *(.plt)
 *(.text .stub .text.* .gnu.linkonce.t.*)
 .text          0x0000000000008230       0x3c ../custom_component_bsp//obj/HAL/src/crt0.o
                0x0000000000008230                _start
 .text          0x000000000000826c      0x118 obj/default/custom_component_demo.o
                0x000000000000826c                jtag_display
                0x00000000000082d0                customIpIsr
                0x000000000000830c                main
 .text          0x0000000000008384       0x28 c:/intelfpga_lite/18.1/nios2eds/bin/gnu/h-x86_64-mingw32/bin/../lib/gcc/nios2-elf/5.3.0/mno-hw-mul\libgcc.a(lib2-mul.o)
                0x0000000000008384                __mulsi3
 .text          0x00000000000083ac      0x1b0 ../custom_component_bsp/\libhal_bsp.a(alt_iic.o)
                0x00000000000083ac                alt_ic_isr_register
                0x00000000000083fc                alt_ic_irq_enable
                0x0000000000008484                alt_ic_irq_disable
                0x0000000000008510                alt_ic_irq_enabled
 .text          0x000000000000855c       0xf0 ../custom_component_bsp/\libhal_bsp.a(alt_iic_isr_register.o)
                0x000000000000855c                alt_iic_isr_register
 .text          0x000000000000864c        0x0 ../custom_component_bsp/\libhal_bsp.a(alt_irq_entry.o)
 .text          0x000000000000864c        0x0 ../custom_component_bsp/\libhal_bsp.a(alt_irq_handler.o)
 .text          0x000000000000864c        0x0 ../custom_component_bsp/\libhal_bsp.a(alt_irq_vars.o)
 .text          0x000000000000864c       0xec ../custom_component_bsp/\libhal_bsp.a(alt_load.o)
                0x00000000000086b4                alt_load
 .text          0x0000000000008738       0x7c ../custom_component_bsp/\libhal_bsp.a(alt_main.o)
                0x0000000000008738                alt_main
 .text          0x00000000000087b4       0xb8 ../custom_component_bsp/\libhal_bsp.a(alt_sys_init.o)
                0x00000000000087e8                alt_irq_init
                0x0000000000008820                alt_sys_init
 .text          0x000000000000886c      0x164 ../custom_component_bsp/\libhal_bsp.a(altera_avalon_jtag_uart_fd.o)
                0x000000000000886c                altera_avalon_jtag_uart_read_fd
                0x00000000000088cc                altera_avalon_jtag_uart_write_fd
                0x000000000000892c                altera_avalon_jtag_uart_close_fd
                0x000000000000897c                altera_avalon_jtag_uart_ioctl_fd
 .text          0x00000000000089d0      0x3d4 ../custom_component_bsp/\libhal_bsp.a(altera_avalon_jtag_uart_init.o)
                0x00000000000089d0                altera_avalon_jtag_uart_init
                0x0000000000008d3c                altera_avalon_jtag_uart_close
 .text          0x0000000000008da4       0xf0 ../custom_component_bsp/\libhal_bsp.a(altera_avalon_jtag_uart_ioctl.o)
                0x0000000000008da4                altera_avalon_jtag_uart_ioctl
 .text          0x0000000000008e94      0x21c ../custom_component_bsp/\libhal_bsp.a(altera_avalon_jtag_uart_read.o)
                0x0000000000008e94                altera_avalon_jtag_uart_read
 .text          0x00000000000090b0      0x224 ../custom_component_bsp/\libhal_bsp.a(altera_avalon_jtag_uart_write.o)
                0x00000000000090b0                altera_avalon_jtag_uart_write
 .text          0x00000000000092d4      0x12c ../custom_component_bsp/\libhal_bsp.a(alt_alarm_start.o)
                0x00000000000092d4                alt_alarm_start
 .text          0x0000000000009400      0x114 ../custom_component_bsp/\libhal_bsp.a(alt_close.o)
                0x000000000000943c                close
 .text          0x0000000000009514       0x20 ../custom_component_bsp/\libhal_bsp.a(alt_dcache_flush_all.o)
                0x0000000000009514                alt_dcache_flush_all
 .text          0x0000000000009534       0x2c ../custom_component_bsp/\libhal_bsp.a(alt_dev.o)
 .text          0x0000000000009560       0xe0 ../custom_component_bsp/\libhal_bsp.a(alt_dev_llist_insert.o)
                0x000000000000959c                alt_dev_llist_insert
 .text          0x0000000000009640       0x60 ../custom_component_bsp/\libhal_bsp.a(alt_do_ctors.o)
                0x0000000000009640                _do_ctors
 .text          0x00000000000096a0       0x60 ../custom_component_bsp/\libhal_bsp.a(alt_do_dtors.o)
                0x00000000000096a0                _do_dtors
 .text          0x0000000000009700        0x0 ../custom_component_bsp/\libhal_bsp.a(alt_errno.o)
 .text          0x0000000000009700        0x0 ../custom_component_bsp/\libhal_bsp.a(alt_exception_entry.o)
 .text          0x0000000000009700       0x20 ../custom_component_bsp/\libhal_bsp.a(alt_icache_flush_all.o)
                0x0000000000009700                alt_icache_flush_all
 .text          0x0000000000009720       0x9c ../custom_component_bsp/\libhal_bsp.a(alt_instruction_exception_entry.o)
                0x0000000000009720                alt_exception_cause_generated_bad_addr
 .text          0x00000000000097bc      0x160 ../custom_component_bsp/\libhal_bsp.a(alt_io_redirect.o)
                0x00000000000098a0                alt_io_redirect
 .text          0x000000000000991c      0x284 ../custom_component_bsp/\libhal_bsp.a(alt_open.o)
                0x0000000000009a44                open
 .text          0x0000000000009ba0       0x84 ../custom_component_bsp/\libhal_bsp.a(alt_release_fd.o)
                0x0000000000009ba0                alt_release_fd
 .text          0x0000000000009c24      0x1a4 ../custom_component_bsp/\libhal_bsp.a(alt_tick.o)
                0x0000000000009c24                alt_alarm_stop
                0x0000000000009cc0                alt_tick
 .text          0x0000000000009dc8       0x24 ../custom_component_bsp/\libhal_bsp.a(altera_nios2_gen2_irq.o)
                0x0000000000009dc8                altera_nios2_gen2_irq_init
 .text          0x0000000000009dec       0x90 ../custom_component_bsp/\libhal_bsp.a(alt_find_dev.o)
                0x0000000000009dec                alt_find_dev
 .text          0x0000000000009e7c      0x108 ../custom_component_bsp/\libhal_bsp.a(alt_find_file.o)
                0x0000000000009e7c                alt_find_file
 .text          0x0000000000009f84       0xc4 ../custom_component_bsp/\libhal_bsp.a(alt_get_fd.o)
                0x0000000000009f84                alt_get_fd
 .text          0x000000000000a048        0x0 c:/intelfpga_lite/18.1/nios2eds/bin/gnu/h-x86_64-mingw32/bin/../lib/gcc/nios2-elf/5.3.0/../../../../../H-x86_64-mingw32/nios2-elf/lib/mno-hw-mul\libc.a(lib_a-atexit.o)
 .text.atexit   0x000000000000a048       0x14 c:/intelfpga_lite/18.1/nios2eds/bin/gnu/h-x86_64-mingw32/bin/../lib/gcc/nios2-elf/5.3.0/../../../../../H-x86_64-mingw32/nios2-elf/lib/mno-hw-mul\libc.a(lib_a-atexit.o)
                0x000000000000a048                atexit
 .text          0x000000000000a05c        0x0 c:/intelfpga_lite/18.1/nios2eds/bin/gnu/h-x86_64-mingw32/bin/../lib/gcc/nios2-elf/5.3.0/../../../../../H-x86_64-mingw32/nios2-elf/lib/mno-hw-mul\libc.a(lib_a-exit.o)
 .text.exit     0x000000000000a05c       0x38 c:/intelfpga_lite/18.1/nios2eds/bin/gnu/h-x86_64-mingw32/bin/../lib/gcc/nios2-elf/5.3.0/../../../../../H-x86_64-mingw32/nios2-elf/lib/mno-hw-mul\libc.a(lib_a-exit.o)
                0x000000000000a05c                exit
 .text          0x000000000000a094        0x0 c:/intelfpga_lite/18.1/nios2eds/bin/gnu/h-x86_64-mingw32/bin/../lib/gcc/nios2-elf/5.3.0/../../../../../H-x86_64-mingw32/nios2-elf/lib/mno-hw-mul\libc.a(lib_a-impure.o)
 .text          0x000000000000a094        0x0 c:/intelfpga_lite/18.1/nios2eds/bin/gnu/h-x86_64-mingw32/bin/../lib/gcc/nios2-elf/5.3.0/../../../../../H-x86_64-mingw32/nios2-elf/lib/mno-hw-mul\libc.a(lib_a-int_errno.o)
 .text          0x000000000000a094        0x0 c:/intelfpga_lite/18.1/nios2eds/bin/gnu/h-x86_64-mingw32/bin/../lib/gcc/nios2-elf/5.3.0/../../../../../H-x86_64-mingw32/nios2-elf/lib/mno-hw-mul\libc.a(lib_a-memcmp.o)
 .text.memcmp   0x000000000000a094       0x7c c:/intelfpga_lite/18.1/nios2eds/bin/gnu/h-x86_64-mingw32/bin/../lib/gcc/nios2-elf/5.3.0/../../../../../H-x86_64-mingw32/nios2-elf/lib/mno-hw-mul\libc.a(lib_a-memcmp.o)
                0x000000000000a094                memcmp
 .text          0x000000000000a110        0x0 c:/intelfpga_lite/18.1/nios2eds/bin/gnu/h-x86_64-mingw32/bin/../lib/gcc/nios2-elf/5.3.0/../../../../../H-x86_64-mingw32/nios2-elf/lib/mno-hw-mul\libc.a(lib_a-memcpy.o)
 .text.memcpy   0x000000000000a110      0x148 c:/intelfpga_lite/18.1/nios2eds/bin/gnu/h-x86_64-mingw32/bin/../lib/gcc/nios2-elf/5.3.0/../../../../../H-x86_64-mingw32/nios2-elf/lib/mno-hw-mul\libc.a(lib_a-memcpy.o)
                0x000000000000a110                memcpy
 .text          0x000000000000a258        0x0 c:/intelfpga_lite/18.1/nios2eds/bin/gnu/h-x86_64-mingw32/bin/../lib/gcc/nios2-elf/5.3.0/../../../../../H-x86_64-mingw32/nios2-elf/lib/mno-hw-mul\libc.a(lib_a-strlen.o)
 .text.strlen   0x000000000000a258       0x98 c:/intelfpga_lite/18.1/nios2eds/bin/gnu/h-x86_64-mingw32/bin/../lib/gcc/nios2-elf/5.3.0/../../../../../H-x86_64-mingw32/nios2-elf/lib/mno-hw-mul\libc.a(lib_a-strlen.o)
                0x000000000000a258                strlen
 .text          0x000000000000a2f0        0x0 c:/intelfpga_lite/18.1/nios2eds/bin/gnu/h-x86_64-mingw32/bin/../lib/gcc/nios2-elf/5.3.0/../../../../../H-x86_64-mingw32/nios2-elf/lib/mno-hw-mul\libc.a(lib_a-__atexit.o)
 .text.__register_exitproc
                0x000000000000a2f0      0x118 c:/intelfpga_lite/18.1/nios2eds/bin/gnu/h-x86_64-mingw32/bin/../lib/gcc/nios2-elf/5.3.0/../../../../../H-x86_64-mingw32/nios2-elf/lib/mno-hw-mul\libc.a(lib_a-__atexit.o)
                0x000000000000a2f0                __register_exitproc
 .text          0x000000000000a408        0x0 c:/intelfpga_lite/18.1/nios2eds/bin/gnu/h-x86_64-mingw32/bin/../lib/gcc/nios2-elf/5.3.0/../../../../../H-x86_64-mingw32/nios2-elf/lib/mno-hw-mul\libc.a(lib_a-__call_atexit.o)
 .text.__call_exitprocs
                0x000000000000a408      0x180 c:/intelfpga_lite/18.1/nios2eds/bin/gnu/h-x86_64-mingw32/bin/../lib/gcc/nios2-elf/5.3.0/../../../../../H-x86_64-mingw32/nios2-elf/lib/mno-hw-mul\libc.a(lib_a-__call_atexit.o)
                0x000000000000a408                __call_exitprocs
 .text          0x000000000000a588       0x34 ../custom_component_bsp/\libhal_bsp.a(alt_exit.o)
                0x000000000000a588                _exit
 *(.gnu.warning.*)
 *(.fini)
                [!provide]                        PROVIDE (__etext, ABSOLUTE (.))
                [!provide]                        PROVIDE (_etext, ABSOLUTE (.))
                [!provide]                        PROVIDE (etext, ABSOLUTE (.))
 *(.eh_frame_hdr)
                0x000000000000a5bc                . = ALIGN (0x4)
                [!provide]                        PROVIDE (__preinit_array_start, ABSOLUTE (.))
 *(.preinit_array)
                [!provide]                        PROVIDE (__preinit_array_end, ABSOLUTE (.))
                [!provide]                        PROVIDE (__init_array_start, ABSOLUTE (.))
 *(.init_array)
                [!provide]                        PROVIDE (__init_array_end, ABSOLUTE (.))
                [!provide]                        PROVIDE (__fini_array_start, ABSOLUTE (.))
 *(.fini_array)
                [!provide]                        PROVIDE (__fini_array_end, ABSOLUTE (.))
 *(.eh_frame)
 *(.gcc_except_table .gcc_except_table.*)
 *(.dynamic)
                0x000000000000a5bc                PROVIDE (__CTOR_LIST__, ABSOLUTE (.))
 *(.ctors)
 *(SORT(.ctors.*))
                0x000000000000a5bc                PROVIDE (__CTOR_END__, ABSOLUTE (.))
                0x000000000000a5bc                PROVIDE (__DTOR_LIST__, ABSOLUTE (.))
 *(.dtors)
 *(SORT(.dtors.*))
                0x000000000000a5bc                PROVIDE (__DTOR_END__, ABSOLUTE (.))
 *(.jcr)
                0x000000000000a5bc                . = ALIGN (0x4)

.rodata         0x000000000000a5bc       0x40
                0x000000000000a5bc                PROVIDE (__ram_rodata_start, ABSOLUTE (.))
                0x000000000000a5bc                . = ALIGN (0x4)
 *(.rodata .rodata.* .gnu.linkonce.r.*)
 .rodata        0x000000000000a5bc        0x6 obj/default/custom_component_demo.o
 *fill*         0x000000000000a5c2        0x2 
 .rodata        0x000000000000a5c4       0x11 ../custom_component_bsp/\libhal_bsp.a(alt_main.o)
 *fill*         0x000000000000a5d5        0x3 
 .rodata        0x000000000000a5d8       0x11 ../custom_component_bsp/\libhal_bsp.a(alt_sys_init.o)
 *fill*         0x000000000000a5e9        0x3 
 .rodata        0x000000000000a5ec        0xa ../custom_component_bsp/\libhal_bsp.a(alt_dev.o)
 *fill*         0x000000000000a5f6        0x2 
 .rodata.str1.4
                0x000000000000a5f8        0x4 c:/intelfpga_lite/18.1/nios2eds/bin/gnu/h-x86_64-mingw32/bin/../lib/gcc/nios2-elf/5.3.0/../../../../../H-x86_64-mingw32/nios2-elf/lib/mno-hw-mul\libc.a(lib_a-impure.o)
                                          0x2 (size before relaxing)
 *(.rodata1)
                0x000000000000a5fc                . = ALIGN (0x4)
                0x000000000000a5fc                PROVIDE (__ram_rodata_end, ABSOLUTE (.))
                0x000000000000a5bc                PROVIDE (__flash_rodata_start, LOADADDR (.rodata))

.rwdata         0x000000000000a5fc     0x1660 load address 0x000000000000bc5c
                0x000000000000a5fc                PROVIDE (__ram_rwdata_start, ABSOLUTE (.))
                0x000000000000a5fc                . = ALIGN (0x4)
 *(.got.plt)
 *(.got)
 *(.data1)
 *(.data .data.* .gnu.linkonce.d.*)
 .data          0x000000000000a5fc        0x0 ../custom_component_bsp//obj/HAL/src/crt0.o
 .data          0x000000000000a5fc        0x0 obj/default/custom_component_demo.o
 .data          0x000000000000a5fc        0x0 c:/intelfpga_lite/18.1/nios2eds/bin/gnu/h-x86_64-mingw32/bin/../lib/gcc/nios2-elf/5.3.0/mno-hw-mul\libgcc.a(lib2-mul.o)
 .data          0x000000000000a5fc        0x0 ../custom_component_bsp/\libhal_bsp.a(alt_iic.o)
 .data          0x000000000000a5fc        0x0 ../custom_component_bsp/\libhal_bsp.a(alt_iic_isr_register.o)
 .data          0x000000000000a5fc        0x0 ../custom_component_bsp/\libhal_bsp.a(alt_irq_entry.o)
 .data          0x000000000000a5fc        0x0 ../custom_component_bsp/\libhal_bsp.a(alt_irq_handler.o)
 .data          0x000000000000a5fc        0x0 ../custom_component_bsp/\libhal_bsp.a(alt_irq_vars.o)
 .data          0x000000000000a5fc        0x0 ../custom_component_bsp/\libhal_bsp.a(alt_load.o)
 .data          0x000000000000a5fc        0x0 ../custom_component_bsp/\libhal_bsp.a(alt_main.o)
 .data          0x000000000000a5fc     0x1060 ../custom_component_bsp/\libhal_bsp.a(alt_sys_init.o)
 .data          0x000000000000b65c        0x0 ../custom_component_bsp/\libhal_bsp.a(altera_avalon_jtag_uart_fd.o)
 .data          0x000000000000b65c        0x0 ../custom_component_bsp/\libhal_bsp.a(altera_avalon_jtag_uart_init.o)
 .data          0x000000000000b65c        0x0 ../custom_component_bsp/\libhal_bsp.a(altera_avalon_jtag_uart_ioctl.o)
 .data          0x000000000000b65c        0x0 ../custom_component_bsp/\libhal_bsp.a(altera_avalon_jtag_uart_read.o)
 .data          0x000000000000b65c        0x0 ../custom_component_bsp/\libhal_bsp.a(altera_avalon_jtag_uart_write.o)
 .data          0x000000000000b65c        0x0 ../custom_component_bsp/\libhal_bsp.a(alt_alarm_start.o)
 .data          0x000000000000b65c        0x0 ../custom_component_bsp/\libhal_bsp.a(alt_close.o)
 .data          0x000000000000b65c        0x0 ../custom_component_bsp/\libhal_bsp.a(alt_dcache_flush_all.o)
 .data          0x000000000000b65c      0x1a8 ../custom_component_bsp/\libhal_bsp.a(alt_dev.o)
                0x000000000000b65c                alt_dev_null
                0x000000000000b684                alt_fd_list
 .data          0x000000000000b804        0x0 ../custom_component_bsp/\libhal_bsp.a(alt_dev_llist_insert.o)
 .data          0x000000000000b804        0x0 ../custom_component_bsp/\libhal_bsp.a(alt_do_ctors.o)
 .data          0x000000000000b804        0x0 ../custom_component_bsp/\libhal_bsp.a(alt_do_dtors.o)
 .data          0x000000000000b804        0x0 ../custom_component_bsp/\libhal_bsp.a(alt_errno.o)
 .data          0x000000000000b804        0x0 ../custom_component_bsp/\libhal_bsp.a(alt_exception_entry.o)
 .data          0x000000000000b804        0x0 ../custom_component_bsp/\libhal_bsp.a(alt_icache_flush_all.o)
 .data          0x000000000000b804        0x0 ../custom_component_bsp/\libhal_bsp.a(alt_instruction_exception_entry.o)
 .data          0x000000000000b804        0x0 ../custom_component_bsp/\libhal_bsp.a(alt_io_redirect.o)
 .data          0x000000000000b804        0x0 ../custom_component_bsp/\libhal_bsp.a(alt_open.o)
 .data          0x000000000000b804        0x0 ../custom_component_bsp/\libhal_bsp.a(alt_release_fd.o)
 .data          0x000000000000b804        0x0 ../custom_component_bsp/\libhal_bsp.a(alt_tick.o)
 .data          0x000000000000b804        0x0 ../custom_component_bsp/\libhal_bsp.a(altera_nios2_gen2_irq.o)
 .data          0x000000000000b804        0x0 ../custom_component_bsp/\libhal_bsp.a(alt_find_dev.o)
 .data          0x000000000000b804        0x0 ../custom_component_bsp/\libhal_bsp.a(alt_find_file.o)
 .data          0x000000000000b804        0x0 ../custom_component_bsp/\libhal_bsp.a(alt_get_fd.o)
 .data          0x000000000000b804        0x0 c:/intelfpga_lite/18.1/nios2eds/bin/gnu/h-x86_64-mingw32/bin/../lib/gcc/nios2-elf/5.3.0/../../../../../H-x86_64-mingw32/nios2-elf/lib/mno-hw-mul\libc.a(lib_a-atexit.o)
 .data          0x000000000000b804        0x0 c:/intelfpga_lite/18.1/nios2eds/bin/gnu/h-x86_64-mingw32/bin/../lib/gcc/nios2-elf/5.3.0/../../../../../H-x86_64-mingw32/nios2-elf/lib/mno-hw-mul\libc.a(lib_a-exit.o)
 .data          0x000000000000b804        0x0 c:/intelfpga_lite/18.1/nios2eds/bin/gnu/h-x86_64-mingw32/bin/../lib/gcc/nios2-elf/5.3.0/../../../../../H-x86_64-mingw32/nios2-elf/lib/mno-hw-mul\libc.a(lib_a-impure.o)
 .data.impure_data
                0x000000000000b804      0x424 c:/intelfpga_lite/18.1/nios2eds/bin/gnu/h-x86_64-mingw32/bin/../lib/gcc/nios2-elf/5.3.0/../../../../../H-x86_64-mingw32/nios2-elf/lib/mno-hw-mul\libc.a(lib_a-impure.o)
 .data          0x000000000000bc28        0x0 c:/intelfpga_lite/18.1/nios2eds/bin/gnu/h-x86_64-mingw32/bin/../lib/gcc/nios2-elf/5.3.0/../../../../../H-x86_64-mingw32/nios2-elf/lib/mno-hw-mul\libc.a(lib_a-int_errno.o)
 .data          0x000000000000bc28        0x0 c:/intelfpga_lite/18.1/nios2eds/bin/gnu/h-x86_64-mingw32/bin/../lib/gcc/nios2-elf/5.3.0/../../../../../H-x86_64-mingw32/nios2-elf/lib/mno-hw-mul\libc.a(lib_a-memcmp.o)
 .data          0x000000000000bc28        0x0 c:/intelfpga_lite/18.1/nios2eds/bin/gnu/h-x86_64-mingw32/bin/../lib/gcc/nios2-elf/5.3.0/../../../../../H-x86_64-mingw32/nios2-elf/lib/mno-hw-mul\libc.a(lib_a-memcpy.o)
 .data          0x000000000000bc28        0x0 c:/intelfpga_lite/18.1/nios2eds/bin/gnu/h-x86_64-mingw32/bin/../lib/gcc/nios2-elf/5.3.0/../../../../../H-x86_64-mingw32/nios2-elf/lib/mno-hw-mul\libc.a(lib_a-strlen.o)
 .data          0x000000000000bc28        0x0 c:/intelfpga_lite/18.1/nios2eds/bin/gnu/h-x86_64-mingw32/bin/../lib/gcc/nios2-elf/5.3.0/../../../../../H-x86_64-mingw32/nios2-elf/lib/mno-hw-mul\libc.a(lib_a-__atexit.o)
 .data          0x000000000000bc28        0x0 c:/intelfpga_lite/18.1/nios2eds/bin/gnu/h-x86_64-mingw32/bin/../lib/gcc/nios2-elf/5.3.0/../../../../../H-x86_64-mingw32/nios2-elf/lib/mno-hw-mul\libc.a(lib_a-__call_atexit.o)
 .data          0x000000000000bc28        0x0 ../custom_component_bsp/\libhal_bsp.a(alt_exit.o)
                0x0000000000013c28                _gp = ABSOLUTE ((. + 0x8000))
                [!provide]                        PROVIDE (gp, _gp)
 *(.rwdata .rwdata.*)
 *(.sdata .sdata.* .gnu.linkonce.s.*)
 .sdata         0x000000000000bc28        0x8 obj/default/custom_component_demo.o
                0x000000000000bc28                CustomIpPtr
                0x000000000000bc2c                JtagUartPtr
 .sdata         0x000000000000bc30        0x4 ../custom_component_bsp/\libhal_bsp.a(alt_irq_vars.o)
                0x000000000000bc30                alt_priority_mask
 .sdata         0x000000000000bc34       0x14 ../custom_component_bsp/\libhal_bsp.a(alt_dev.o)
                0x000000000000bc34                alt_fs_list
                0x000000000000bc3c                alt_dev_list
                0x000000000000bc44                alt_max_fd
 .sdata         0x000000000000bc48        0x4 ../custom_component_bsp/\libhal_bsp.a(alt_errno.o)
                0x000000000000bc48                alt_errno
 .sdata         0x000000000000bc4c        0x8 ../custom_component_bsp/\libhal_bsp.a(alt_tick.o)
                0x000000000000bc4c                alt_alarm_list
 .sdata._global_impure_ptr
                0x000000000000bc54        0x4 c:/intelfpga_lite/18.1/nios2eds/bin/gnu/h-x86_64-mingw32/bin/../lib/gcc/nios2-elf/5.3.0/../../../../../H-x86_64-mingw32/nios2-elf/lib/mno-hw-mul\libc.a(lib_a-impure.o)
                0x000000000000bc54                _global_impure_ptr
 .sdata._impure_ptr
                0x000000000000bc58        0x4 c:/intelfpga_lite/18.1/nios2eds/bin/gnu/h-x86_64-mingw32/bin/../lib/gcc/nios2-elf/5.3.0/../../../../../H-x86_64-mingw32/nios2-elf/lib/mno-hw-mul\libc.a(lib_a-impure.o)
                0x000000000000bc58                _impure_ptr
 *(.sdata2 .sdata2.* .gnu.linkonce.s2.*)
                0x000000000000bc5c                . = ALIGN (0x4)
                0x000000000000bc5c                _edata = ABSOLUTE (.)
                [!provide]                        PROVIDE (edata, ABSOLUTE (.))
                0x000000000000bc5c                PROVIDE (__ram_rwdata_end, ABSOLUTE (.))
                0x000000000000bc5c                PROVIDE (__flash_rwdata_start, LOADADDR (.rwdata))

.bss            0x000000000000d2bc      0x120
                0x000000000000d2bc                __bss_start = ABSOLUTE (.)
                [!provide]                        PROVIDE (__sbss_start, ABSOLUTE (.))
                [!provide]                        PROVIDE (___sbss_start, ABSOLUTE (.))
 *(.dynsbss)
 *(.sbss .sbss.* .gnu.linkonce.sb.*)
 .sbss          0x000000000000d2bc        0x4 ../custom_component_bsp/\libhal_bsp.a(alt_irq_vars.o)
                0x000000000000d2bc                alt_irq_active
 .sbss          0x000000000000d2c0        0xc ../custom_component_bsp/\libhal_bsp.a(alt_main.o)
                0x000000000000d2c0                alt_argc
                0x000000000000d2c4                alt_argv
                0x000000000000d2c8                alt_envp
 .sbss          0x000000000000d2cc        0x4 ../custom_component_bsp/\libhal_bsp.a(alt_instruction_exception_entry.o)
                0x000000000000d2cc                alt_instruction_exception_handler
 .sbss          0x000000000000d2d0        0x8 ../custom_component_bsp/\libhal_bsp.a(alt_tick.o)
                0x000000000000d2d0                _alt_tick_rate
                0x000000000000d2d4                _alt_nticks
 .sbss          0x000000000000d2d8        0x4 c:/intelfpga_lite/18.1/nios2eds/bin/gnu/h-x86_64-mingw32/bin/../lib/gcc/nios2-elf/5.3.0/../../../../../H-x86_64-mingw32/nios2-elf/lib/mno-hw-mul\libc.a(lib_a-int_errno.o)
                0x000000000000d2d8                errno
 *(.sbss2 .sbss2.* .gnu.linkonce.sb2.*)
 *(.scommon)
                [!provide]                        PROVIDE (__sbss_end, ABSOLUTE (.))
                [!provide]                        PROVIDE (___sbss_end, ABSOLUTE (.))
 *(.dynbss)
 *(.bss .bss.* .gnu.linkonce.b.*)
 .bss           0x000000000000d2dc        0x0 ../custom_component_bsp//obj/HAL/src/crt0.o
 .bss           0x000000000000d2dc        0x0 obj/default/custom_component_demo.o
 .bss           0x000000000000d2dc        0x0 c:/intelfpga_lite/18.1/nios2eds/bin/gnu/h-x86_64-mingw32/bin/../lib/gcc/nios2-elf/5.3.0/mno-hw-mul\libgcc.a(lib2-mul.o)
 .bss           0x000000000000d2dc        0x0 ../custom_component_bsp/\libhal_bsp.a(alt_iic.o)
 .bss           0x000000000000d2dc        0x0 ../custom_component_bsp/\libhal_bsp.a(alt_iic_isr_register.o)
 .bss           0x000000000000d2dc        0x0 ../custom_component_bsp/\libhal_bsp.a(alt_irq_entry.o)
 .bss           0x000000000000d2dc        0x0 ../custom_component_bsp/\libhal_bsp.a(alt_irq_handler.o)
 .bss           0x000000000000d2dc        0x0 ../custom_component_bsp/\libhal_bsp.a(alt_irq_vars.o)
 .bss           0x000000000000d2dc        0x0 ../custom_component_bsp/\libhal_bsp.a(alt_load.o)
 .bss           0x000000000000d2dc        0x0 ../custom_component_bsp/\libhal_bsp.a(alt_main.o)
 .bss           0x000000000000d2dc        0x0 ../custom_component_bsp/\libhal_bsp.a(alt_sys_init.o)
 .bss           0x000000000000d2dc        0x0 ../custom_component_bsp/\libhal_bsp.a(altera_avalon_jtag_uart_fd.o)
 .bss           0x000000000000d2dc        0x0 ../custom_component_bsp/\libhal_bsp.a(altera_avalon_jtag_uart_init.o)
 .bss           0x000000000000d2dc        0x0 ../custom_component_bsp/\libhal_bsp.a(altera_avalon_jtag_uart_ioctl.o)
 .bss           0x000000000000d2dc        0x0 ../custom_component_bsp/\libhal_bsp.a(altera_avalon_jtag_uart_read.o)
 .bss           0x000000000000d2dc        0x0 ../custom_component_bsp/\libhal_bsp.a(altera_avalon_jtag_uart_write.o)
 .bss           0x000000000000d2dc        0x0 ../custom_component_bsp/\libhal_bsp.a(alt_alarm_start.o)
 .bss           0x000000000000d2dc        0x0 ../custom_component_bsp/\libhal_bsp.a(alt_close.o)
 .bss           0x000000000000d2dc        0x0 ../custom_component_bsp/\libhal_bsp.a(alt_dcache_flush_all.o)
 .bss           0x000000000000d2dc        0x0 ../custom_component_bsp/\libhal_bsp.a(alt_dev.o)
 .bss           0x000000000000d2dc        0x0 ../custom_component_bsp/\libhal_bsp.a(alt_dev_llist_insert.o)
 .bss           0x000000000000d2dc        0x0 ../custom_component_bsp/\libhal_bsp.a(alt_do_ctors.o)
 .bss           0x000000000000d2dc        0x0 ../custom_component_bsp/\libhal_bsp.a(alt_do_dtors.o)
 .bss           0x000000000000d2dc        0x0 ../custom_component_bsp/\libhal_bsp.a(alt_errno.o)
 .bss           0x000000000000d2dc        0x0 ../custom_component_bsp/\libhal_bsp.a(alt_exception_entry.o)
 .bss           0x000000000000d2dc        0x0 ../custom_component_bsp/\libhal_bsp.a(alt_icache_flush_all.o)
 .bss           0x000000000000d2dc        0x0 ../custom_component_bsp/\libhal_bsp.a(alt_instruction_exception_entry.o)
 .bss           0x000000000000d2dc        0x0 ../custom_component_bsp/\libhal_bsp.a(alt_io_redirect.o)
 .bss           0x000000000000d2dc        0x0 ../custom_component_bsp/\libhal_bsp.a(alt_open.o)
 .bss           0x000000000000d2dc        0x0 ../custom_component_bsp/\libhal_bsp.a(alt_release_fd.o)
 .bss           0x000000000000d2dc        0x0 ../custom_component_bsp/\libhal_bsp.a(alt_tick.o)
 .bss           0x000000000000d2dc        0x0 ../custom_component_bsp/\libhal_bsp.a(altera_nios2_gen2_irq.o)
 .bss           0x000000000000d2dc        0x0 ../custom_component_bsp/\libhal_bsp.a(alt_find_dev.o)
 .bss           0x000000000000d2dc        0x0 ../custom_component_bsp/\libhal_bsp.a(alt_find_file.o)
 .bss           0x000000000000d2dc        0x0 ../custom_component_bsp/\libhal_bsp.a(alt_get_fd.o)
 .bss           0x000000000000d2dc        0x0 c:/intelfpga_lite/18.1/nios2eds/bin/gnu/h-x86_64-mingw32/bin/../lib/gcc/nios2-elf/5.3.0/../../../../../H-x86_64-mingw32/nios2-elf/lib/mno-hw-mul\libc.a(lib_a-atexit.o)
 .bss           0x000000000000d2dc        0x0 c:/intelfpga_lite/18.1/nios2eds/bin/gnu/h-x86_64-mingw32/bin/../lib/gcc/nios2-elf/5.3.0/../../../../../H-x86_64-mingw32/nios2-elf/lib/mno-hw-mul\libc.a(lib_a-exit.o)
 .bss           0x000000000000d2dc        0x0 c:/intelfpga_lite/18.1/nios2eds/bin/gnu/h-x86_64-mingw32/bin/../lib/gcc/nios2-elf/5.3.0/../../../../../H-x86_64-mingw32/nios2-elf/lib/mno-hw-mul\libc.a(lib_a-impure.o)
 .bss           0x000000000000d2dc        0x0 c:/intelfpga_lite/18.1/nios2eds/bin/gnu/h-x86_64-mingw32/bin/../lib/gcc/nios2-elf/5.3.0/../../../../../H-x86_64-mingw32/nios2-elf/lib/mno-hw-mul\libc.a(lib_a-int_errno.o)
 .bss           0x000000000000d2dc        0x0 c:/intelfpga_lite/18.1/nios2eds/bin/gnu/h-x86_64-mingw32/bin/../lib/gcc/nios2-elf/5.3.0/../../../../../H-x86_64-mingw32/nios2-elf/lib/mno-hw-mul\libc.a(lib_a-memcmp.o)
 .bss           0x000000000000d2dc        0x0 c:/intelfpga_lite/18.1/nios2eds/bin/gnu/h-x86_64-mingw32/bin/../lib/gcc/nios2-elf/5.3.0/../../../../../H-x86_64-mingw32/nios2-elf/lib/mno-hw-mul\libc.a(lib_a-memcpy.o)
 .bss           0x000000000000d2dc        0x0 c:/intelfpga_lite/18.1/nios2eds/bin/gnu/h-x86_64-mingw32/bin/../lib/gcc/nios2-elf/5.3.0/../../../../../H-x86_64-mingw32/nios2-elf/lib/mno-hw-mul\libc.a(lib_a-strlen.o)
 .bss           0x000000000000d2dc        0x0 c:/intelfpga_lite/18.1/nios2eds/bin/gnu/h-x86_64-mingw32/bin/../lib/gcc/nios2-elf/5.3.0/../../../../../H-x86_64-mingw32/nios2-elf/lib/mno-hw-mul\libc.a(lib_a-__atexit.o)
 .bss           0x000000000000d2dc        0x0 c:/intelfpga_lite/18.1/nios2eds/bin/gnu/h-x86_64-mingw32/bin/../lib/gcc/nios2-elf/5.3.0/../../../../../H-x86_64-mingw32/nios2-elf/lib/mno-hw-mul\libc.a(lib_a-__call_atexit.o)
 .bss           0x000000000000d2dc        0x0 ../custom_component_bsp/\libhal_bsp.a(alt_exit.o)
 *(COMMON)
 COMMON         0x000000000000d2dc      0x100 ../custom_component_bsp/\libhal_bsp.a(alt_irq_handler.o)
                0x000000000000d2dc                alt_irq
                0x000000000000d3dc                . = ALIGN (0x4)
                0x000000000000d3dc                __bss_end = ABSOLUTE (.)

.onchip_memory2_0
                0x000000000000d3dc        0x0
                [!provide]                        PROVIDE (_alt_partition_onchip_memory2_0_start, ABSOLUTE (.))
 *(.onchip_memory2_0 .onchip_memory2_0. onchip_memory2_0.*)
                0x000000000000d3dc                . = ALIGN (0x4)
                [!provide]                        PROVIDE (_alt_partition_onchip_memory2_0_end, ABSOLUTE (.))
                0x000000000000d3dc                _end = ABSOLUTE (.)
                0x000000000000d3dc                end = ABSOLUTE (.)
                0x000000000000d3dc                __alt_stack_base = ABSOLUTE (.)
                [!provide]                        PROVIDE (_alt_partition_onchip_memory2_0_load_addr, LOADADDR (.onchip_memory2_0))

.stab
 *(.stab)

.stabstr
 *(.stabstr)

.stab.excl
 *(.stab.excl)

.stab.exclstr
 *(.stab.exclstr)

.stab.index
 *(.stab.index)

.stab.indexstr
 *(.stab.indexstr)

.comment        0x0000000000000000       0x23
 *(.comment)
 .comment       0x0000000000000000       0x23 obj/default/custom_component_demo.o
                                         0x24 (size before relaxing)
 .comment       0x0000000000000023       0x24 c:/intelfpga_lite/18.1/nios2eds/bin/gnu/h-x86_64-mingw32/bin/../lib/gcc/nios2-elf/5.3.0/mno-hw-mul\libgcc.a(lib2-mul.o)
 .comment       0x0000000000000023       0x24 ../custom_component_bsp/\libhal_bsp.a(alt_iic.o)
 .comment       0x0000000000000023       0x24 ../custom_component_bsp/\libhal_bsp.a(alt_iic_isr_register.o)
 .comment       0x0000000000000023       0x24 ../custom_component_bsp/\libhal_bsp.a(alt_irq_handler.o)
 .comment       0x0000000000000023       0x24 ../custom_component_bsp/\libhal_bsp.a(alt_irq_vars.o)
 .comment       0x0000000000000023       0x24 ../custom_component_bsp/\libhal_bsp.a(alt_load.o)
 .comment       0x0000000000000023       0x24 ../custom_component_bsp/\libhal_bsp.a(alt_main.o)
 .comment       0x0000000000000023       0x24 ../custom_component_bsp/\libhal_bsp.a(alt_sys_init.o)
 .comment       0x0000000000000023       0x24 ../custom_component_bsp/\libhal_bsp.a(altera_avalon_jtag_uart_fd.o)
 .comment       0x0000000000000023       0x24 ../custom_component_bsp/\libhal_bsp.a(altera_avalon_jtag_uart_init.o)
 .comment       0x0000000000000023       0x24 ../custom_component_bsp/\libhal_bsp.a(altera_avalon_jtag_uart_ioctl.o)
 .comment       0x0000000000000023       0x24 ../custom_component_bsp/\libhal_bsp.a(altera_avalon_jtag_uart_read.o)
 .comment       0x0000000000000023       0x24 ../custom_component_bsp/\libhal_bsp.a(altera_avalon_jtag_uart_write.o)
 .comment       0x0000000000000023       0x24 ../custom_component_bsp/\libhal_bsp.a(alt_alarm_start.o)
 .comment       0x0000000000000023       0x24 ../custom_component_bsp/\libhal_bsp.a(alt_close.o)
 .comment       0x0000000000000023       0x24 ../custom_component_bsp/\libhal_bsp.a(alt_dcache_flush_all.o)
 .comment       0x0000000000000023       0x24 ../custom_component_bsp/\libhal_bsp.a(alt_dev.o)
 .comment       0x0000000000000023       0x24 ../custom_component_bsp/\libhal_bsp.a(alt_dev_llist_insert.o)
 .comment       0x0000000000000023       0x24 ../custom_component_bsp/\libhal_bsp.a(alt_do_ctors.o)
 .comment       0x0000000000000023       0x24 ../custom_component_bsp/\libhal_bsp.a(alt_do_dtors.o)
 .comment       0x0000000000000023       0x24 ../custom_component_bsp/\libhal_bsp.a(alt_errno.o)
 .comment       0x0000000000000023       0x24 ../custom_component_bsp/\libhal_bsp.a(alt_icache_flush_all.o)
 .comment       0x0000000000000023       0x24 ../custom_component_bsp/\libhal_bsp.a(alt_instruction_exception_entry.o)
 .comment       0x0000000000000023       0x24 ../custom_component_bsp/\libhal_bsp.a(alt_io_redirect.o)
 .comment       0x0000000000000023       0x24 ../custom_component_bsp/\libhal_bsp.a(alt_open.o)
 .comment       0x0000000000000023       0x24 ../custom_component_bsp/\libhal_bsp.a(alt_release_fd.o)
 .comment       0x0000000000000023       0x24 ../custom_component_bsp/\libhal_bsp.a(alt_tick.o)
 .comment       0x0000000000000023       0x24 ../custom_component_bsp/\libhal_bsp.a(altera_nios2_gen2_irq.o)
 .comment       0x0000000000000023       0x24 ../custom_component_bsp/\libhal_bsp.a(alt_find_dev.o)
 .comment       0x0000000000000023       0x24 ../custom_component_bsp/\libhal_bsp.a(alt_find_file.o)
 .comment       0x0000000000000023       0x24 ../custom_component_bsp/\libhal_bsp.a(alt_get_fd.o)
 .comment       0x0000000000000023       0x24 c:/intelfpga_lite/18.1/nios2eds/bin/gnu/h-x86_64-mingw32/bin/../lib/gcc/nios2-elf/5.3.0/../../../../../H-x86_64-mingw32/nios2-elf/lib/mno-hw-mul\libc.a(lib_a-atexit.o)
 .comment       0x0000000000000023       0x24 c:/intelfpga_lite/18.1/nios2eds/bin/gnu/h-x86_64-mingw32/bin/../lib/gcc/nios2-elf/5.3.0/../../../../../H-x86_64-mingw32/nios2-elf/lib/mno-hw-mul\libc.a(lib_a-exit.o)
 .comment       0x0000000000000023       0x24 c:/intelfpga_lite/18.1/nios2eds/bin/gnu/h-x86_64-mingw32/bin/../lib/gcc/nios2-elf/5.3.0/../../../../../H-x86_64-mingw32/nios2-elf/lib/mno-hw-mul\libc.a(lib_a-impure.o)
 .comment       0x0000000000000023       0x24 c:/intelfpga_lite/18.1/nios2eds/bin/gnu/h-x86_64-mingw32/bin/../lib/gcc/nios2-elf/5.3.0/../../../../../H-x86_64-mingw32/nios2-elf/lib/mno-hw-mul\libc.a(lib_a-int_errno.o)
 .comment       0x0000000000000023       0x24 c:/intelfpga_lite/18.1/nios2eds/bin/gnu/h-x86_64-mingw32/bin/../lib/gcc/nios2-elf/5.3.0/../../../../../H-x86_64-mingw32/nios2-elf/lib/mno-hw-mul\libc.a(lib_a-memcmp.o)
 .comment       0x0000000000000023       0x24 c:/intelfpga_lite/18.1/nios2eds/bin/gnu/h-x86_64-mingw32/bin/../lib/gcc/nios2-elf/5.3.0/../../../../../H-x86_64-mingw32/nios2-elf/lib/mno-hw-mul\libc.a(lib_a-memcpy.o)
 .comment       0x0000000000000023       0x24 c:/intelfpga_lite/18.1/nios2eds/bin/gnu/h-x86_64-mingw32/bin/../lib/gcc/nios2-elf/5.3.0/../../../../../H-x86_64-mingw32/nios2-elf/lib/mno-hw-mul\libc.a(lib_a-strlen.o)
 .comment       0x0000000000000023       0x24 c:/intelfpga_lite/18.1/nios2eds/bin/gnu/h-x86_64-mingw32/bin/../lib/gcc/nios2-elf/5.3.0/../../../../../H-x86_64-mingw32/nios2-elf/lib/mno-hw-mul\libc.a(lib_a-__atexit.o)
 .comment       0x0000000000000023       0x24 c:/intelfpga_lite/18.1/nios2eds/bin/gnu/h-x86_64-mingw32/bin/../lib/gcc/nios2-elf/5.3.0/../../../../../H-x86_64-mingw32/nios2-elf/lib/mno-hw-mul\libc.a(lib_a-__call_atexit.o)
 .comment       0x0000000000000023       0x24 ../custom_component_bsp/\libhal_bsp.a(alt_exit.o)

.debug
 *(.debug)

.line
 *(.line)

.debug_srcinfo
 *(.debug_srcinfo)

.debug_sfnames
 *(.debug_sfnames)

.debug_aranges  0x0000000000000000      0x5b8
 *(.debug_aranges)
 .debug_aranges
                0x0000000000000000       0x28 ../custom_component_bsp//obj/HAL/src/crt0.o
 .debug_aranges
                0x0000000000000028       0x20 obj/default/custom_component_demo.o
 .debug_aranges
                0x0000000000000048       0x20 c:/intelfpga_lite/18.1/nios2eds/bin/gnu/h-x86_64-mingw32/bin/../lib/gcc/nios2-elf/5.3.0/mno-hw-mul\libgcc.a(lib2-mul.o)
 .debug_aranges
                0x0000000000000068       0x20 ../custom_component_bsp/\libhal_bsp.a(alt_iic.o)
 .debug_aranges
                0x0000000000000088       0x20 ../custom_component_bsp/\libhal_bsp.a(alt_iic_isr_register.o)
 .debug_aranges
                0x00000000000000a8       0x30 ../custom_component_bsp/\libhal_bsp.a(alt_irq_entry.o)
 .debug_aranges
                0x00000000000000d8       0x20 ../custom_component_bsp/\libhal_bsp.a(alt_irq_handler.o)
 .debug_aranges
                0x00000000000000f8       0x18 ../custom_component_bsp/\libhal_bsp.a(alt_irq_vars.o)
 .debug_aranges
                0x0000000000000110       0x20 ../custom_component_bsp/\libhal_bsp.a(alt_load.o)
 .debug_aranges
                0x0000000000000130       0x20 ../custom_component_bsp/\libhal_bsp.a(alt_main.o)
 .debug_aranges
                0x0000000000000150       0x20 ../custom_component_bsp/\libhal_bsp.a(alt_sys_init.o)
 .debug_aranges
                0x0000000000000170       0x20 ../custom_component_bsp/\libhal_bsp.a(altera_avalon_jtag_uart_fd.o)
 .debug_aranges
                0x0000000000000190       0x20 ../custom_component_bsp/\libhal_bsp.a(altera_avalon_jtag_uart_init.o)
 .debug_aranges
                0x00000000000001b0       0x20 ../custom_component_bsp/\libhal_bsp.a(altera_avalon_jtag_uart_ioctl.o)
 .debug_aranges
                0x00000000000001d0       0x20 ../custom_component_bsp/\libhal_bsp.a(altera_avalon_jtag_uart_read.o)
 .debug_aranges
                0x00000000000001f0       0x20 ../custom_component_bsp/\libhal_bsp.a(altera_avalon_jtag_uart_write.o)
 .debug_aranges
                0x0000000000000210       0x20 ../custom_component_bsp/\libhal_bsp.a(alt_alarm_start.o)
 .debug_aranges
                0x0000000000000230       0x20 ../custom_component_bsp/\libhal_bsp.a(alt_close.o)
 .debug_aranges
                0x0000000000000250       0x20 ../custom_component_bsp/\libhal_bsp.a(alt_dcache_flush_all.o)
 .debug_aranges
                0x0000000000000270       0x20 ../custom_component_bsp/\libhal_bsp.a(alt_dev.o)
 .debug_aranges
                0x0000000000000290       0x20 ../custom_component_bsp/\libhal_bsp.a(alt_dev_llist_insert.o)
 .debug_aranges
                0x00000000000002b0       0x20 ../custom_component_bsp/\libhal_bsp.a(alt_do_ctors.o)
 .debug_aranges
                0x00000000000002d0       0x20 ../custom_component_bsp/\libhal_bsp.a(alt_do_dtors.o)
 .debug_aranges
                0x00000000000002f0       0x18 ../custom_component_bsp/\libhal_bsp.a(alt_errno.o)
 .debug_aranges
                0x0000000000000308       0x38 ../custom_component_bsp/\libhal_bsp.a(alt_exception_entry.o)
 .debug_aranges
                0x0000000000000340       0x20 ../custom_component_bsp/\libhal_bsp.a(alt_icache_flush_all.o)
 .debug_aranges
                0x0000000000000360       0x28 ../custom_component_bsp/\libhal_bsp.a(alt_instruction_exception_entry.o)
 .debug_aranges
                0x0000000000000388       0x20 ../custom_component_bsp/\libhal_bsp.a(alt_io_redirect.o)
 .debug_aranges
                0x00000000000003a8       0x20 ../custom_component_bsp/\libhal_bsp.a(alt_open.o)
 .debug_aranges
                0x00000000000003c8       0x20 ../custom_component_bsp/\libhal_bsp.a(alt_release_fd.o)
 .debug_aranges
                0x00000000000003e8       0x20 ../custom_component_bsp/\libhal_bsp.a(alt_tick.o)
 .debug_aranges
                0x0000000000000408       0x20 ../custom_component_bsp/\libhal_bsp.a(altera_nios2_gen2_irq.o)
 .debug_aranges
                0x0000000000000428       0x20 ../custom_component_bsp/\libhal_bsp.a(alt_find_dev.o)
 .debug_aranges
                0x0000000000000448       0x20 ../custom_component_bsp/\libhal_bsp.a(alt_find_file.o)
 .debug_aranges
                0x0000000000000468       0x20 ../custom_component_bsp/\libhal_bsp.a(alt_get_fd.o)
 .debug_aranges
                0x0000000000000488       0x20 c:/intelfpga_lite/18.1/nios2eds/bin/gnu/h-x86_64-mingw32/bin/../lib/gcc/nios2-elf/5.3.0/../../../../../H-x86_64-mingw32/nios2-elf/lib/mno-hw-mul\libc.a(lib_a-atexit.o)
 .debug_aranges
                0x00000000000004a8       0x20 c:/intelfpga_lite/18.1/nios2eds/bin/gnu/h-x86_64-mingw32/bin/../lib/gcc/nios2-elf/5.3.0/../../../../../H-x86_64-mingw32/nios2-elf/lib/mno-hw-mul\libc.a(lib_a-exit.o)
 .debug_aranges
                0x00000000000004c8       0x18 c:/intelfpga_lite/18.1/nios2eds/bin/gnu/h-x86_64-mingw32/bin/../lib/gcc/nios2-elf/5.3.0/../../../../../H-x86_64-mingw32/nios2-elf/lib/mno-hw-mul\libc.a(lib_a-impure.o)
 .debug_aranges
                0x00000000000004e0       0x18 c:/intelfpga_lite/18.1/nios2eds/bin/gnu/h-x86_64-mingw32/bin/../lib/gcc/nios2-elf/5.3.0/../../../../../H-x86_64-mingw32/nios2-elf/lib/mno-hw-mul\libc.a(lib_a-int_errno.o)
 .debug_aranges
                0x00000000000004f8       0x20 c:/intelfpga_lite/18.1/nios2eds/bin/gnu/h-x86_64-mingw32/bin/../lib/gcc/nios2-elf/5.3.0/../../../../../H-x86_64-mingw32/nios2-elf/lib/mno-hw-mul\libc.a(lib_a-memcmp.o)
 .debug_aranges
                0x0000000000000518       0x20 c:/intelfpga_lite/18.1/nios2eds/bin/gnu/h-x86_64-mingw32/bin/../lib/gcc/nios2-elf/5.3.0/../../../../../H-x86_64-mingw32/nios2-elf/lib/mno-hw-mul\libc.a(lib_a-memcpy.o)
 .debug_aranges
                0x0000000000000538       0x20 c:/intelfpga_lite/18.1/nios2eds/bin/gnu/h-x86_64-mingw32/bin/../lib/gcc/nios2-elf/5.3.0/../../../../../H-x86_64-mingw32/nios2-elf/lib/mno-hw-mul\libc.a(lib_a-strlen.o)
 .debug_aranges
                0x0000000000000558       0x20 c:/intelfpga_lite/18.1/nios2eds/bin/gnu/h-x86_64-mingw32/bin/../lib/gcc/nios2-elf/5.3.0/../../../../../H-x86_64-mingw32/nios2-elf/lib/mno-hw-mul\libc.a(lib_a-__atexit.o)
 .debug_aranges
                0x0000000000000578       0x20 c:/intelfpga_lite/18.1/nios2eds/bin/gnu/h-x86_64-mingw32/bin/../lib/gcc/nios2-elf/5.3.0/../../../../../H-x86_64-mingw32/nios2-elf/lib/mno-hw-mul\libc.a(lib_a-__call_atexit.o)
 .debug_aranges
                0x0000000000000598       0x20 ../custom_component_bsp/\libhal_bsp.a(alt_exit.o)

.debug_pubnames
 *(.debug_pubnames)

.debug_info     0x0000000000000000     0x75f5
 *(.debug_info .gnu.linkonce.wi.*)
 .debug_info    0x0000000000000000       0x8c ../custom_component_bsp//obj/HAL/src/crt0.o
 .debug_info    0x000000000000008c      0x156 obj/default/custom_component_demo.o
 .debug_info    0x00000000000001e2       0xb4 c:/intelfpga_lite/18.1/nios2eds/bin/gnu/h-x86_64-mingw32/bin/../lib/gcc/nios2-elf/5.3.0/mno-hw-mul\libgcc.a(lib2-mul.o)
 .debug_info    0x0000000000000296      0x350 ../custom_component_bsp/\libhal_bsp.a(alt_iic.o)
 .debug_info    0x00000000000005e6      0x1ef ../custom_component_bsp/\libhal_bsp.a(alt_iic_isr_register.o)
 .debug_info    0x00000000000007d5       0x95 ../custom_component_bsp/\libhal_bsp.a(alt_irq_entry.o)
 .debug_info    0x000000000000086a      0x187 ../custom_component_bsp/\libhal_bsp.a(alt_irq_handler.o)
 .debug_info    0x00000000000009f1       0x88 ../custom_component_bsp/\libhal_bsp.a(alt_irq_vars.o)
 .debug_info    0x0000000000000a79      0x145 ../custom_component_bsp/\libhal_bsp.a(alt_load.o)
 .debug_info    0x0000000000000bbe      0x131 ../custom_component_bsp/\libhal_bsp.a(alt_main.o)
 .debug_info    0x0000000000000cef      0x4c3 ../custom_component_bsp/\libhal_bsp.a(alt_sys_init.o)
 .debug_info    0x00000000000011b2      0x52e ../custom_component_bsp/\libhal_bsp.a(altera_avalon_jtag_uart_fd.o)
 .debug_info    0x00000000000016e0      0x3a0 ../custom_component_bsp/\libhal_bsp.a(altera_avalon_jtag_uart_init.o)
 .debug_info    0x0000000000001a80      0x280 ../custom_component_bsp/\libhal_bsp.a(altera_avalon_jtag_uart_ioctl.o)
 .debug_info    0x0000000000001d00      0x345 ../custom_component_bsp/\libhal_bsp.a(altera_avalon_jtag_uart_read.o)
 .debug_info    0x0000000000002045      0x340 ../custom_component_bsp/\libhal_bsp.a(altera_avalon_jtag_uart_write.o)
 .debug_info    0x0000000000002385      0x2cc ../custom_component_bsp/\libhal_bsp.a(alt_alarm_start.o)
 .debug_info    0x0000000000002651      0x321 ../custom_component_bsp/\libhal_bsp.a(alt_close.o)
 .debug_info    0x0000000000002972       0x92 ../custom_component_bsp/\libhal_bsp.a(alt_dcache_flush_all.o)
 .debug_info    0x0000000000002a04      0x49c ../custom_component_bsp/\libhal_bsp.a(alt_dev.o)
 .debug_info    0x0000000000002ea0      0x1a9 ../custom_component_bsp/\libhal_bsp.a(alt_dev_llist_insert.o)
 .debug_info    0x0000000000003049       0x83 ../custom_component_bsp/\libhal_bsp.a(alt_do_ctors.o)
 .debug_info    0x00000000000030cc       0x83 ../custom_component_bsp/\libhal_bsp.a(alt_do_dtors.o)
 .debug_info    0x000000000000314f       0xa6 ../custom_component_bsp/\libhal_bsp.a(alt_errno.o)
 .debug_info    0x00000000000031f5       0x9b ../custom_component_bsp/\libhal_bsp.a(alt_exception_entry.o)
 .debug_info    0x0000000000003290       0x92 ../custom_component_bsp/\libhal_bsp.a(alt_icache_flush_all.o)
 .debug_info    0x0000000000003322      0x1e7 ../custom_component_bsp/\libhal_bsp.a(alt_instruction_exception_entry.o)
 .debug_info    0x0000000000003509      0x4a5 ../custom_component_bsp/\libhal_bsp.a(alt_io_redirect.o)
 .debug_info    0x00000000000039ae      0x3bb ../custom_component_bsp/\libhal_bsp.a(alt_open.o)
 .debug_info    0x0000000000003d69      0x2b0 ../custom_component_bsp/\libhal_bsp.a(alt_release_fd.o)
 .debug_info    0x0000000000004019      0x299 ../custom_component_bsp/\libhal_bsp.a(alt_tick.o)
 .debug_info    0x00000000000042b2       0x92 ../custom_component_bsp/\libhal_bsp.a(altera_nios2_gen2_irq.o)
 .debug_info    0x0000000000004344      0x2e9 ../custom_component_bsp/\libhal_bsp.a(alt_find_dev.o)
 .debug_info    0x000000000000462d      0x2e6 ../custom_component_bsp/\libhal_bsp.a(alt_find_file.o)
 .debug_info    0x0000000000004913      0x310 ../custom_component_bsp/\libhal_bsp.a(alt_get_fd.o)
 .debug_info    0x0000000000004c23       0xfe c:/intelfpga_lite/18.1/nios2eds/bin/gnu/h-x86_64-mingw32/bin/../lib/gcc/nios2-elf/5.3.0/../../../../../H-x86_64-mingw32/nios2-elf/lib/mno-hw-mul\libc.a(lib_a-atexit.o)
 .debug_info    0x0000000000004d21      0x8e4 c:/intelfpga_lite/18.1/nios2eds/bin/gnu/h-x86_64-mingw32/bin/../lib/gcc/nios2-elf/5.3.0/../../../../../H-x86_64-mingw32/nios2-elf/lib/mno-hw-mul\libc.a(lib_a-exit.o)
 .debug_info    0x0000000000005605      0x8a1 c:/intelfpga_lite/18.1/nios2eds/bin/gnu/h-x86_64-mingw32/bin/../lib/gcc/nios2-elf/5.3.0/../../../../../H-x86_64-mingw32/nios2-elf/lib/mno-hw-mul\libc.a(lib_a-impure.o)
 .debug_info    0x0000000000005ea6       0x8a c:/intelfpga_lite/18.1/nios2eds/bin/gnu/h-x86_64-mingw32/bin/../lib/gcc/nios2-elf/5.3.0/../../../../../H-x86_64-mingw32/nios2-elf/lib/mno-hw-mul\libc.a(lib_a-int_errno.o)
 .debug_info    0x0000000000005f30      0x11a c:/intelfpga_lite/18.1/nios2eds/bin/gnu/h-x86_64-mingw32/bin/../lib/gcc/nios2-elf/5.3.0/../../../../../H-x86_64-mingw32/nios2-elf/lib/mno-hw-mul\libc.a(lib_a-memcmp.o)
 .debug_info    0x000000000000604a      0x144 c:/intelfpga_lite/18.1/nios2eds/bin/gnu/h-x86_64-mingw32/bin/../lib/gcc/nios2-elf/5.3.0/../../../../../H-x86_64-mingw32/nios2-elf/lib/mno-hw-mul\libc.a(lib_a-memcpy.o)
 .debug_info    0x000000000000618e       0xe2 c:/intelfpga_lite/18.1/nios2eds/bin/gnu/h-x86_64-mingw32/bin/../lib/gcc/nios2-elf/5.3.0/../../../../../H-x86_64-mingw32/nios2-elf/lib/mno-hw-mul\libc.a(lib_a-strlen.o)
 .debug_info    0x0000000000006270      0x934 c:/intelfpga_lite/18.1/nios2eds/bin/gnu/h-x86_64-mingw32/bin/../lib/gcc/nios2-elf/5.3.0/../../../../../H-x86_64-mingw32/nios2-elf/lib/mno-hw-mul\libc.a(lib_a-__atexit.o)
 .debug_info    0x0000000000006ba4      0x965 c:/intelfpga_lite/18.1/nios2eds/bin/gnu/h-x86_64-mingw32/bin/../lib/gcc/nios2-elf/5.3.0/../../../../../H-x86_64-mingw32/nios2-elf/lib/mno-hw-mul\libc.a(lib_a-__call_atexit.o)
 .debug_info    0x0000000000007509       0xec ../custom_component_bsp/\libhal_bsp.a(alt_exit.o)

.debug_abbrev   0x0000000000000000     0x297a
 *(.debug_abbrev)
 .debug_abbrev  0x0000000000000000       0x12 ../custom_component_bsp//obj/HAL/src/crt0.o
 .debug_abbrev  0x0000000000000012       0xc6 obj/default/custom_component_demo.o
 .debug_abbrev  0x00000000000000d8       0x6f c:/intelfpga_lite/18.1/nios2eds/bin/gnu/h-x86_64-mingw32/bin/../lib/gcc/nios2-elf/5.3.0/mno-hw-mul\libgcc.a(lib2-mul.o)
 .debug_abbrev  0x0000000000000147      0x163 ../custom_component_bsp/\libhal_bsp.a(alt_iic.o)
 .debug_abbrev  0x00000000000002aa      0x169 ../custom_component_bsp/\libhal_bsp.a(alt_iic_isr_register.o)
 .debug_abbrev  0x0000000000000413       0x12 ../custom_component_bsp/\libhal_bsp.a(alt_irq_entry.o)
 .debug_abbrev  0x0000000000000425      0x122 ../custom_component_bsp/\libhal_bsp.a(alt_irq_handler.o)
 .debug_abbrev  0x0000000000000547       0x40 ../custom_component_bsp/\libhal_bsp.a(alt_irq_vars.o)
 .debug_abbrev  0x0000000000000587       0x9f ../custom_component_bsp/\libhal_bsp.a(alt_load.o)
 .debug_abbrev  0x0000000000000626       0xba ../custom_component_bsp/\libhal_bsp.a(alt_main.o)
 .debug_abbrev  0x00000000000006e0      0x187 ../custom_component_bsp/\libhal_bsp.a(alt_sys_init.o)
 .debug_abbrev  0x0000000000000867      0x127 ../custom_component_bsp/\libhal_bsp.a(altera_avalon_jtag_uart_fd.o)
 .debug_abbrev  0x000000000000098e      0x19e ../custom_component_bsp/\libhal_bsp.a(altera_avalon_jtag_uart_init.o)
 .debug_abbrev  0x0000000000000b2c      0x111 ../custom_component_bsp/\libhal_bsp.a(altera_avalon_jtag_uart_ioctl.o)
 .debug_abbrev  0x0000000000000c3d      0x1aa ../custom_component_bsp/\libhal_bsp.a(altera_avalon_jtag_uart_read.o)
 .debug_abbrev  0x0000000000000de7      0x1a8 ../custom_component_bsp/\libhal_bsp.a(altera_avalon_jtag_uart_write.o)
 .debug_abbrev  0x0000000000000f8f      0x162 ../custom_component_bsp/\libhal_bsp.a(alt_alarm_start.o)
 .debug_abbrev  0x00000000000010f1      0x11f ../custom_component_bsp/\libhal_bsp.a(alt_close.o)
 .debug_abbrev  0x0000000000001210       0x42 ../custom_component_bsp/\libhal_bsp.a(alt_dcache_flush_all.o)
 .debug_abbrev  0x0000000000001252       0xd9 ../custom_component_bsp/\libhal_bsp.a(alt_dev.o)
 .debug_abbrev  0x000000000000132b      0x114 ../custom_component_bsp/\libhal_bsp.a(alt_dev_llist_insert.o)
 .debug_abbrev  0x000000000000143f       0x79 ../custom_component_bsp/\libhal_bsp.a(alt_do_ctors.o)
 .debug_abbrev  0x00000000000014b8       0x79 ../custom_component_bsp/\libhal_bsp.a(alt_do_dtors.o)
 .debug_abbrev  0x0000000000001531       0x5a ../custom_component_bsp/\libhal_bsp.a(alt_errno.o)
 .debug_abbrev  0x000000000000158b       0x12 ../custom_component_bsp/\libhal_bsp.a(alt_exception_entry.o)
 .debug_abbrev  0x000000000000159d       0x42 ../custom_component_bsp/\libhal_bsp.a(alt_icache_flush_all.o)
 .debug_abbrev  0x00000000000015df       0xdc ../custom_component_bsp/\libhal_bsp.a(alt_instruction_exception_entry.o)
 .debug_abbrev  0x00000000000016bb      0x114 ../custom_component_bsp/\libhal_bsp.a(alt_io_redirect.o)
 .debug_abbrev  0x00000000000017cf      0x148 ../custom_component_bsp/\libhal_bsp.a(alt_open.o)
 .debug_abbrev  0x0000000000001917       0xde ../custom_component_bsp/\libhal_bsp.a(alt_release_fd.o)
 .debug_abbrev  0x00000000000019f5      0x15a ../custom_component_bsp/\libhal_bsp.a(alt_tick.o)
 .debug_abbrev  0x0000000000001b4f       0x42 ../custom_component_bsp/\libhal_bsp.a(altera_nios2_gen2_irq.o)
 .debug_abbrev  0x0000000000001b91       0xf0 ../custom_component_bsp/\libhal_bsp.a(alt_find_dev.o)
 .debug_abbrev  0x0000000000001c81       0xf0 ../custom_component_bsp/\libhal_bsp.a(alt_find_file.o)
 .debug_abbrev  0x0000000000001d71      0x10d ../custom_component_bsp/\libhal_bsp.a(alt_get_fd.o)
 .debug_abbrev  0x0000000000001e7e       0xaa c:/intelfpga_lite/18.1/nios2eds/bin/gnu/h-x86_64-mingw32/bin/../lib/gcc/nios2-elf/5.3.0/../../../../../H-x86_64-mingw32/nios2-elf/lib/mno-hw-mul\libc.a(lib_a-atexit.o)
 .debug_abbrev  0x0000000000001f28      0x1e5 c:/intelfpga_lite/18.1/nios2eds/bin/gnu/h-x86_64-mingw32/bin/../lib/gcc/nios2-elf/5.3.0/../../../../../H-x86_64-mingw32/nios2-elf/lib/mno-hw-mul\libc.a(lib_a-exit.o)
 .debug_abbrev  0x000000000000210d      0x18f c:/intelfpga_lite/18.1/nios2eds/bin/gnu/h-x86_64-mingw32/bin/../lib/gcc/nios2-elf/5.3.0/../../../../../H-x86_64-mingw32/nios2-elf/lib/mno-hw-mul\libc.a(lib_a-impure.o)
 .debug_abbrev  0x000000000000229c       0x37 c:/intelfpga_lite/18.1/nios2eds/bin/gnu/h-x86_64-mingw32/bin/../lib/gcc/nios2-elf/5.3.0/../../../../../H-x86_64-mingw32/nios2-elf/lib/mno-hw-mul\libc.a(lib_a-int_errno.o)
 .debug_abbrev  0x00000000000022d3       0x7f c:/intelfpga_lite/18.1/nios2eds/bin/gnu/h-x86_64-mingw32/bin/../lib/gcc/nios2-elf/5.3.0/../../../../../H-x86_64-mingw32/nios2-elf/lib/mno-hw-mul\libc.a(lib_a-memcmp.o)
 .debug_abbrev  0x0000000000002352       0xa3 c:/intelfpga_lite/18.1/nios2eds/bin/gnu/h-x86_64-mingw32/bin/../lib/gcc/nios2-elf/5.3.0/../../../../../H-x86_64-mingw32/nios2-elf/lib/mno-hw-mul\libc.a(lib_a-memcpy.o)
 .debug_abbrev  0x00000000000023f5       0x90 c:/intelfpga_lite/18.1/nios2eds/bin/gnu/h-x86_64-mingw32/bin/../lib/gcc/nios2-elf/5.3.0/../../../../../H-x86_64-mingw32/nios2-elf/lib/mno-hw-mul\libc.a(lib_a-strlen.o)
 .debug_abbrev  0x0000000000002485      0x21e c:/intelfpga_lite/18.1/nios2eds/bin/gnu/h-x86_64-mingw32/bin/../lib/gcc/nios2-elf/5.3.0/../../../../../H-x86_64-mingw32/nios2-elf/lib/mno-hw-mul\libc.a(lib_a-__atexit.o)
 .debug_abbrev  0x00000000000026a3      0x22e c:/intelfpga_lite/18.1/nios2eds/bin/gnu/h-x86_64-mingw32/bin/../lib/gcc/nios2-elf/5.3.0/../../../../../H-x86_64-mingw32/nios2-elf/lib/mno-hw-mul\libc.a(lib_a-__call_atexit.o)
 .debug_abbrev  0x00000000000028d1       0xa9 ../custom_component_bsp/\libhal_bsp.a(alt_exit.o)

.debug_line     0x0000000000000000     0x2998
 *(.debug_line)
 .debug_line    0x0000000000000000       0x66 ../custom_component_bsp//obj/HAL/src/crt0.o
 .debug_line    0x0000000000000066       0x84 obj/default/custom_component_demo.o
 .debug_line    0x00000000000000ea       0x80 c:/intelfpga_lite/18.1/nios2eds/bin/gnu/h-x86_64-mingw32/bin/../lib/gcc/nios2-elf/5.3.0/mno-hw-mul\libgcc.a(lib2-mul.o)
 .debug_line    0x000000000000016a       0xeb ../custom_component_bsp/\libhal_bsp.a(alt_iic.o)
 .debug_line    0x0000000000000255       0xdb ../custom_component_bsp/\libhal_bsp.a(alt_iic_isr_register.o)
 .debug_line    0x0000000000000330       0x6b ../custom_component_bsp/\libhal_bsp.a(alt_irq_entry.o)
 .debug_line    0x000000000000039b       0xaa ../custom_component_bsp/\libhal_bsp.a(alt_irq_handler.o)
 .debug_line    0x0000000000000445       0x50 ../custom_component_bsp/\libhal_bsp.a(alt_irq_vars.o)
 .debug_line    0x0000000000000495       0x8e ../custom_component_bsp/\libhal_bsp.a(alt_load.o)
 .debug_line    0x0000000000000523       0xa4 ../custom_component_bsp/\libhal_bsp.a(alt_main.o)
 .debug_line    0x00000000000005c7      0x137 ../custom_component_bsp/\libhal_bsp.a(alt_sys_init.o)
 .debug_line    0x00000000000006fe      0x12f ../custom_component_bsp/\libhal_bsp.a(altera_avalon_jtag_uart_fd.o)
 .debug_line    0x000000000000082d      0x18b ../custom_component_bsp/\libhal_bsp.a(altera_avalon_jtag_uart_init.o)
 .debug_line    0x00000000000009b8      0x131 ../custom_component_bsp/\libhal_bsp.a(altera_avalon_jtag_uart_ioctl.o)
 .debug_line    0x0000000000000ae9      0x171 ../custom_component_bsp/\libhal_bsp.a(altera_avalon_jtag_uart_read.o)
 .debug_line    0x0000000000000c5a      0x170 ../custom_component_bsp/\libhal_bsp.a(altera_avalon_jtag_uart_write.o)
 .debug_line    0x0000000000000dca       0xf9 ../custom_component_bsp/\libhal_bsp.a(alt_alarm_start.o)
 .debug_line    0x0000000000000ec3      0x165 ../custom_component_bsp/\libhal_bsp.a(alt_close.o)
 .debug_line    0x0000000000001028       0x51 ../custom_component_bsp/\libhal_bsp.a(alt_dcache_flush_all.o)
 .debug_line    0x0000000000001079       0xf8 ../custom_component_bsp/\libhal_bsp.a(alt_dev.o)
 .debug_line    0x0000000000001171       0xcf ../custom_component_bsp/\libhal_bsp.a(alt_dev_llist_insert.o)
 .debug_line    0x0000000000001240       0x59 ../custom_component_bsp/\libhal_bsp.a(alt_do_ctors.o)
 .debug_line    0x0000000000001299       0x59 ../custom_component_bsp/\libhal_bsp.a(alt_do_dtors.o)
 .debug_line    0x00000000000012f2       0x51 ../custom_component_bsp/\libhal_bsp.a(alt_errno.o)
 .debug_line    0x0000000000001343       0xb3 ../custom_component_bsp/\libhal_bsp.a(alt_exception_entry.o)
 .debug_line    0x00000000000013f6       0x4f ../custom_component_bsp/\libhal_bsp.a(alt_icache_flush_all.o)
 .debug_line    0x0000000000001445       0xb9 ../custom_component_bsp/\libhal_bsp.a(alt_instruction_exception_entry.o)
 .debug_line    0x00000000000014fe      0x135 ../custom_component_bsp/\libhal_bsp.a(alt_io_redirect.o)
 .debug_line    0x0000000000001633      0x12b ../custom_component_bsp/\libhal_bsp.a(alt_open.o)
 .debug_line    0x000000000000175e       0xb0 ../custom_component_bsp/\libhal_bsp.a(alt_release_fd.o)
 .debug_line    0x000000000000180e       0xff ../custom_component_bsp/\libhal_bsp.a(alt_tick.o)
 .debug_line    0x000000000000190d       0x51 ../custom_component_bsp/\libhal_bsp.a(altera_nios2_gen2_irq.o)
 .debug_line    0x000000000000195e       0xb5 ../custom_component_bsp/\libhal_bsp.a(alt_find_dev.o)
 .debug_line    0x0000000000001a13       0xd1 ../custom_component_bsp/\libhal_bsp.a(alt_find_file.o)
 .debug_line    0x0000000000001ae4       0xd7 ../custom_component_bsp/\libhal_bsp.a(alt_get_fd.o)
 .debug_line    0x0000000000001bbb       0xe7 c:/intelfpga_lite/18.1/nios2eds/bin/gnu/h-x86_64-mingw32/bin/../lib/gcc/nios2-elf/5.3.0/../../../../../H-x86_64-mingw32/nios2-elf/lib/mno-hw-mul\libc.a(lib_a-atexit.o)
 .debug_line    0x0000000000001ca2      0x1fc c:/intelfpga_lite/18.1/nios2eds/bin/gnu/h-x86_64-mingw32/bin/../lib/gcc/nios2-elf/5.3.0/../../../../../H-x86_64-mingw32/nios2-elf/lib/mno-hw-mul\libc.a(lib_a-exit.o)
 .debug_line    0x0000000000001e9e      0x160 c:/intelfpga_lite/18.1/nios2eds/bin/gnu/h-x86_64-mingw32/bin/../lib/gcc/nios2-elf/5.3.0/../../../../../H-x86_64-mingw32/nios2-elf/lib/mno-hw-mul\libc.a(lib_a-impure.o)
 .debug_line    0x0000000000001ffe       0x5f c:/intelfpga_lite/18.1/nios2eds/bin/gnu/h-x86_64-mingw32/bin/../lib/gcc/nios2-elf/5.3.0/../../../../../H-x86_64-mingw32/nios2-elf/lib/mno-hw-mul\libc.a(lib_a-int_errno.o)
 .debug_line    0x000000000000205d      0x176 c:/intelfpga_lite/18.1/nios2eds/bin/gnu/h-x86_64-mingw32/bin/../lib/gcc/nios2-elf/5.3.0/../../../../../H-x86_64-mingw32/nios2-elf/lib/mno-hw-mul\libc.a(lib_a-memcmp.o)
 .debug_line    0x00000000000021d3      0x18c c:/intelfpga_lite/18.1/nios2eds/bin/gnu/h-x86_64-mingw32/bin/../lib/gcc/nios2-elf/5.3.0/../../../../../H-x86_64-mingw32/nios2-elf/lib/mno-hw-mul\libc.a(lib_a-memcpy.o)
 .debug_line    0x000000000000235f      0x16f c:/intelfpga_lite/18.1/nios2eds/bin/gnu/h-x86_64-mingw32/bin/../lib/gcc/nios2-elf/5.3.0/../../../../../H-x86_64-mingw32/nios2-elf/lib/mno-hw-mul\libc.a(lib_a-strlen.o)
 .debug_line    0x00000000000024ce      0x21f c:/intelfpga_lite/18.1/nios2eds/bin/gnu/h-x86_64-mingw32/bin/../lib/gcc/nios2-elf/5.3.0/../../../../../H-x86_64-mingw32/nios2-elf/lib/mno-hw-mul\libc.a(lib_a-__atexit.o)
 .debug_line    0x00000000000026ed      0x23a c:/intelfpga_lite/18.1/nios2eds/bin/gnu/h-x86_64-mingw32/bin/../lib/gcc/nios2-elf/5.3.0/../../../../../H-x86_64-mingw32/nios2-elf/lib/mno-hw-mul\libc.a(lib_a-__call_atexit.o)
 .debug_line    0x0000000000002927       0x71 ../custom_component_bsp/\libhal_bsp.a(alt_exit.o)

.debug_frame    0x0000000000000000      0xaf4
 *(.debug_frame)
 .debug_frame   0x0000000000000000       0x7c obj/default/custom_component_demo.o
 .debug_frame   0x000000000000007c       0x20 c:/intelfpga_lite/18.1/nios2eds/bin/gnu/h-x86_64-mingw32/bin/../lib/gcc/nios2-elf/5.3.0/mno-hw-mul\libgcc.a(lib2-mul.o)
 .debug_frame   0x000000000000009c       0xa4 ../custom_component_bsp/\libhal_bsp.a(alt_iic.o)
 .debug_frame   0x0000000000000140       0x38 ../custom_component_bsp/\libhal_bsp.a(alt_iic_isr_register.o)
 .debug_frame   0x0000000000000178       0x38 ../custom_component_bsp/\libhal_bsp.a(alt_irq_handler.o)
 .debug_frame   0x00000000000001b0       0x5c ../custom_component_bsp/\libhal_bsp.a(alt_load.o)
 .debug_frame   0x000000000000020c       0x2c ../custom_component_bsp/\libhal_bsp.a(alt_main.o)
 .debug_frame   0x0000000000000238       0x88 ../custom_component_bsp/\libhal_bsp.a(alt_sys_init.o)
 .debug_frame   0x00000000000002c0       0xb0 ../custom_component_bsp/\libhal_bsp.a(altera_avalon_jtag_uart_fd.o)
 .debug_frame   0x0000000000000370       0xa4 ../custom_component_bsp/\libhal_bsp.a(altera_avalon_jtag_uart_init.o)
 .debug_frame   0x0000000000000414       0x34 ../custom_component_bsp/\libhal_bsp.a(altera_avalon_jtag_uart_ioctl.o)
 .debug_frame   0x0000000000000448       0x38 ../custom_component_bsp/\libhal_bsp.a(altera_avalon_jtag_uart_read.o)
 .debug_frame   0x0000000000000480       0x38 ../custom_component_bsp/\libhal_bsp.a(altera_avalon_jtag_uart_write.o)
 .debug_frame   0x00000000000004b8       0x34 ../custom_component_bsp/\libhal_bsp.a(alt_alarm_start.o)
 .debug_frame   0x00000000000004ec       0x60 ../custom_component_bsp/\libhal_bsp.a(alt_close.o)
 .debug_frame   0x000000000000054c       0x34 ../custom_component_bsp/\libhal_bsp.a(alt_dcache_flush_all.o)
 .debug_frame   0x0000000000000580       0x34 ../custom_component_bsp/\libhal_bsp.a(alt_dev.o)
 .debug_frame   0x00000000000005b4       0x60 ../custom_component_bsp/\libhal_bsp.a(alt_dev_llist_insert.o)
 .debug_frame   0x0000000000000614       0x38 ../custom_component_bsp/\libhal_bsp.a(alt_do_ctors.o)
 .debug_frame   0x000000000000064c       0x38 ../custom_component_bsp/\libhal_bsp.a(alt_do_dtors.o)
 .debug_frame   0x0000000000000684       0x34 ../custom_component_bsp/\libhal_bsp.a(alt_icache_flush_all.o)
 .debug_frame   0x00000000000006b8       0x5c ../custom_component_bsp/\libhal_bsp.a(alt_instruction_exception_entry.o)
 .debug_frame   0x0000000000000714       0x64 ../custom_component_bsp/\libhal_bsp.a(alt_io_redirect.o)
 .debug_frame   0x0000000000000778       0x8c ../custom_component_bsp/\libhal_bsp.a(alt_open.o)
 .debug_frame   0x0000000000000804       0x3c ../custom_component_bsp/\libhal_bsp.a(alt_release_fd.o)
 .debug_frame   0x0000000000000840       0x5c ../custom_component_bsp/\libhal_bsp.a(alt_tick.o)
 .debug_frame   0x000000000000089c       0x34 ../custom_component_bsp/\libhal_bsp.a(altera_nios2_gen2_irq.o)
 .debug_frame   0x00000000000008d0       0x38 ../custom_component_bsp/\libhal_bsp.a(alt_find_dev.o)
 .debug_frame   0x0000000000000908       0x38 ../custom_component_bsp/\libhal_bsp.a(alt_find_file.o)
 .debug_frame   0x0000000000000940       0x3c ../custom_component_bsp/\libhal_bsp.a(alt_get_fd.o)
 .debug_frame   0x000000000000097c       0x20 c:/intelfpga_lite/18.1/nios2eds/bin/gnu/h-x86_64-mingw32/bin/../lib/gcc/nios2-elf/5.3.0/../../../../../H-x86_64-mingw32/nios2-elf/lib/mno-hw-mul\libc.a(lib_a-atexit.o)
 .debug_frame   0x000000000000099c       0x28 c:/intelfpga_lite/18.1/nios2eds/bin/gnu/h-x86_64-mingw32/bin/../lib/gcc/nios2-elf/5.3.0/../../../../../H-x86_64-mingw32/nios2-elf/lib/mno-hw-mul\libc.a(lib_a-exit.o)
 .debug_frame   0x00000000000009c4       0x20 c:/intelfpga_lite/18.1/nios2eds/bin/gnu/h-x86_64-mingw32/bin/../lib/gcc/nios2-elf/5.3.0/../../../../../H-x86_64-mingw32/nios2-elf/lib/mno-hw-mul\libc.a(lib_a-memcmp.o)
 .debug_frame   0x00000000000009e4       0x38 c:/intelfpga_lite/18.1/nios2eds/bin/gnu/h-x86_64-mingw32/bin/../lib/gcc/nios2-elf/5.3.0/../../../../../H-x86_64-mingw32/nios2-elf/lib/mno-hw-mul\libc.a(lib_a-memcpy.o)
 .debug_frame   0x0000000000000a1c       0x20 c:/intelfpga_lite/18.1/nios2eds/bin/gnu/h-x86_64-mingw32/bin/../lib/gcc/nios2-elf/5.3.0/../../../../../H-x86_64-mingw32/nios2-elf/lib/mno-hw-mul\libc.a(lib_a-strlen.o)
 .debug_frame   0x0000000000000a3c       0x38 c:/intelfpga_lite/18.1/nios2eds/bin/gnu/h-x86_64-mingw32/bin/../lib/gcc/nios2-elf/5.3.0/../../../../../H-x86_64-mingw32/nios2-elf/lib/mno-hw-mul\libc.a(lib_a-__atexit.o)
 .debug_frame   0x0000000000000a74       0x54 c:/intelfpga_lite/18.1/nios2eds/bin/gnu/h-x86_64-mingw32/bin/../lib/gcc/nios2-elf/5.3.0/../../../../../H-x86_64-mingw32/nios2-elf/lib/mno-hw-mul\libc.a(lib_a-__call_atexit.o)
 .debug_frame   0x0000000000000ac8       0x2c ../custom_component_bsp/\libhal_bsp.a(alt_exit.o)

.debug_str      0x0000000000000000     0x1be8
 *(.debug_str)
 .debug_str     0x0000000000000000      0x165 obj/default/custom_component_demo.o
                                        0x1b1 (size before relaxing)
 .debug_str     0x0000000000000165      0x148 c:/intelfpga_lite/18.1/nios2eds/bin/gnu/h-x86_64-mingw32/bin/../lib/gcc/nios2-elf/5.3.0/mno-hw-mul\libgcc.a(lib2-mul.o)
                                        0x193 (size before relaxing)
 .debug_str     0x00000000000002ad      0x15b ../custom_component_bsp/\libhal_bsp.a(alt_iic.o)
                                        0x25c (size before relaxing)
 .debug_str     0x0000000000000408       0x4c ../custom_component_bsp/\libhal_bsp.a(alt_iic_isr_register.o)
                                        0x206 (size before relaxing)
 .debug_str     0x0000000000000454       0x3a ../custom_component_bsp/\libhal_bsp.a(alt_irq_handler.o)
                                        0x1b5 (size before relaxing)
 .debug_str     0x000000000000048e       0x17 ../custom_component_bsp/\libhal_bsp.a(alt_irq_vars.o)
                                        0x158 (size before relaxing)
 .debug_str     0x00000000000004a5       0xe9 ../custom_component_bsp/\libhal_bsp.a(alt_load.o)
                                        0x230 (size before relaxing)
 .debug_str     0x000000000000058e       0x70 ../custom_component_bsp/\libhal_bsp.a(alt_main.o)
                                        0x1bb (size before relaxing)
 .debug_str     0x00000000000005fe      0x1a2 ../custom_component_bsp/\libhal_bsp.a(alt_sys_init.o)
                                        0x376 (size before relaxing)
 .debug_str     0x00000000000007a0       0xb9 ../custom_component_bsp/\libhal_bsp.a(altera_avalon_jtag_uart_fd.o)
                                        0x3c2 (size before relaxing)
 .debug_str     0x0000000000000859       0xd1 ../custom_component_bsp/\libhal_bsp.a(altera_avalon_jtag_uart_init.o)
                                        0x356 (size before relaxing)
 .debug_str     0x000000000000092a       0x4a ../custom_component_bsp/\libhal_bsp.a(altera_avalon_jtag_uart_ioctl.o)
                                        0x2b1 (size before relaxing)
 .debug_str     0x0000000000000974       0x48 ../custom_component_bsp/\libhal_bsp.a(altera_avalon_jtag_uart_read.o)
                                        0x306 (size before relaxing)
 .debug_str     0x00000000000009bc       0x4a ../custom_component_bsp/\libhal_bsp.a(altera_avalon_jtag_uart_write.o)
                                        0x307 (size before relaxing)
 .debug_str     0x0000000000000a06       0x59 ../custom_component_bsp/\libhal_bsp.a(alt_alarm_start.o)
                                        0x29c (size before relaxing)
 .debug_str     0x0000000000000a5f       0x44 ../custom_component_bsp/\libhal_bsp.a(alt_close.o)
                                        0x229 (size before relaxing)
 .debug_str     0x0000000000000aa3       0x34 ../custom_component_bsp/\libhal_bsp.a(alt_dcache_flush_all.o)
                                        0x173 (size before relaxing)
 .debug_str     0x0000000000000ad7      0x120 ../custom_component_bsp/\libhal_bsp.a(alt_dev.o)
                                        0x323 (size before relaxing)
 .debug_str     0x0000000000000bf7       0x34 ../custom_component_bsp/\libhal_bsp.a(alt_dev_llist_insert.o)
                                        0x1ea (size before relaxing)
 .debug_str     0x0000000000000c2b       0x48 ../custom_component_bsp/\libhal_bsp.a(alt_do_ctors.o)
                                         0xee (size before relaxing)
 .debug_str     0x0000000000000c73       0x4c ../custom_component_bsp/\libhal_bsp.a(alt_do_dtors.o)
                                         0xed (size before relaxing)
 .debug_str     0x0000000000000cbf       0x14 ../custom_component_bsp/\libhal_bsp.a(alt_errno.o)
                                        0x163 (size before relaxing)
 .debug_str     0x0000000000000cd3       0x34 ../custom_component_bsp/\libhal_bsp.a(alt_icache_flush_all.o)
                                        0x173 (size before relaxing)
 .debug_str     0x0000000000000d07      0x48b ../custom_component_bsp/\libhal_bsp.a(alt_instruction_exception_entry.o)
                                        0x5be (size before relaxing)
 .debug_str     0x0000000000001192       0x56 ../custom_component_bsp/\libhal_bsp.a(alt_io_redirect.o)
                                        0x334 (size before relaxing)
 .debug_str     0x00000000000011e8       0x2f ../custom_component_bsp/\libhal_bsp.a(alt_open.o)
                                        0x269 (size before relaxing)
 .debug_str     0x0000000000001217       0x28 ../custom_component_bsp/\libhal_bsp.a(alt_release_fd.o)
                                        0x1f1 (size before relaxing)
 .debug_str     0x000000000000123f       0x4a ../custom_component_bsp/\libhal_bsp.a(alt_tick.o)
                                        0x270 (size before relaxing)
 .debug_str     0x0000000000001289       0x3b ../custom_component_bsp/\libhal_bsp.a(altera_nios2_gen2_irq.o)
                                        0x17a (size before relaxing)
 .debug_str     0x00000000000012c4       0x24 ../custom_component_bsp/\libhal_bsp.a(alt_find_dev.o)
                                        0x20a (size before relaxing)
 .debug_str     0x00000000000012e8       0x26 ../custom_component_bsp/\libhal_bsp.a(alt_find_file.o)
                                        0x218 (size before relaxing)
 .debug_str     0x000000000000130e       0x30 ../custom_component_bsp/\libhal_bsp.a(alt_get_fd.o)
                                        0x23a (size before relaxing)
 .debug_str     0x000000000000133e      0x17c c:/intelfpga_lite/18.1/nios2eds/bin/gnu/h-x86_64-mingw32/bin/../lib/gcc/nios2-elf/5.3.0/../../../../../H-x86_64-mingw32/nios2-elf/lib/mno-hw-mul\libc.a(lib_a-atexit.o)
                                        0x221 (size before relaxing)
 .debug_str     0x00000000000014ba      0x3b5 c:/intelfpga_lite/18.1/nios2eds/bin/gnu/h-x86_64-mingw32/bin/../lib/gcc/nios2-elf/5.3.0/../../../../../H-x86_64-mingw32/nios2-elf/lib/mno-hw-mul\libc.a(lib_a-exit.o)
                                        0x5be (size before relaxing)
 .debug_str     0x000000000000186f       0xd6 c:/intelfpga_lite/18.1/nios2eds/bin/gnu/h-x86_64-mingw32/bin/../lib/gcc/nios2-elf/5.3.0/../../../../../H-x86_64-mingw32/nios2-elf/lib/mno-hw-mul\libc.a(lib_a-impure.o)
                                        0x5b5 (size before relaxing)
 .debug_str     0x0000000000001945       0x3f c:/intelfpga_lite/18.1/nios2eds/bin/gnu/h-x86_64-mingw32/bin/../lib/gcc/nios2-elf/5.3.0/../../../../../H-x86_64-mingw32/nios2-elf/lib/mno-hw-mul\libc.a(lib_a-int_errno.o)
                                        0x1dd (size before relaxing)
 .debug_str     0x0000000000001984       0xda c:/intelfpga_lite/18.1/nios2eds/bin/gnu/h-x86_64-mingw32/bin/../lib/gcc/nios2-elf/5.3.0/../../../../../H-x86_64-mingw32/nios2-elf/lib/mno-hw-mul\libc.a(lib_a-memcmp.o)
                                        0x1e4 (size before relaxing)
 .debug_str     0x0000000000001a5e       0x6b c:/intelfpga_lite/18.1/nios2eds/bin/gnu/h-x86_64-mingw32/bin/../lib/gcc/nios2-elf/5.3.0/../../../../../H-x86_64-mingw32/nios2-elf/lib/mno-hw-mul\libc.a(lib_a-memcpy.o)
                                        0x20b (size before relaxing)
 .debug_str     0x0000000000001ac9       0x51 c:/intelfpga_lite/18.1/nios2eds/bin/gnu/h-x86_64-mingw32/bin/../lib/gcc/nios2-elf/5.3.0/../../../../../H-x86_64-mingw32/nios2-elf/lib/mno-hw-mul\libc.a(lib_a-strlen.o)
                                        0x1f7 (size before relaxing)
 .debug_str     0x0000000000001b1a       0x3f c:/intelfpga_lite/18.1/nios2eds/bin/gnu/h-x86_64-mingw32/bin/../lib/gcc/nios2-elf/5.3.0/../../../../../H-x86_64-mingw32/nios2-elf/lib/mno-hw-mul\libc.a(lib_a-__atexit.o)
                                        0x5f6 (size before relaxing)
 .debug_str     0x0000000000001b59       0x65 c:/intelfpga_lite/18.1/nios2eds/bin/gnu/h-x86_64-mingw32/bin/../lib/gcc/nios2-elf/5.3.0/../../../../../H-x86_64-mingw32/nios2-elf/lib/mno-hw-mul\libc.a(lib_a-__call_atexit.o)
                                        0x5e2 (size before relaxing)
 .debug_str     0x0000000000001bbe       0x2a ../custom_component_bsp/\libhal_bsp.a(alt_exit.o)
                                        0x16f (size before relaxing)

.debug_loc      0x0000000000000000      0x803
 *(.debug_loc)
 .debug_loc     0x0000000000000000       0x93 c:/intelfpga_lite/18.1/nios2eds/bin/gnu/h-x86_64-mingw32/bin/../lib/gcc/nios2-elf/5.3.0/mno-hw-mul\libgcc.a(lib2-mul.o)
 .debug_loc     0x0000000000000093       0x2c c:/intelfpga_lite/18.1/nios2eds/bin/gnu/h-x86_64-mingw32/bin/../lib/gcc/nios2-elf/5.3.0/../../../../../H-x86_64-mingw32/nios2-elf/lib/mno-hw-mul\libc.a(lib_a-atexit.o)
 .debug_loc     0x00000000000000bf       0x1e c:/intelfpga_lite/18.1/nios2eds/bin/gnu/h-x86_64-mingw32/bin/../lib/gcc/nios2-elf/5.3.0/../../../../../H-x86_64-mingw32/nios2-elf/lib/mno-hw-mul\libc.a(lib_a-exit.o)
 .debug_loc     0x00000000000000dd      0x126 c:/intelfpga_lite/18.1/nios2eds/bin/gnu/h-x86_64-mingw32/bin/../lib/gcc/nios2-elf/5.3.0/../../../../../H-x86_64-mingw32/nios2-elf/lib/mno-hw-mul\libc.a(lib_a-memcmp.o)
 .debug_loc     0x0000000000000203      0x266 c:/intelfpga_lite/18.1/nios2eds/bin/gnu/h-x86_64-mingw32/bin/../lib/gcc/nios2-elf/5.3.0/../../../../../H-x86_64-mingw32/nios2-elf/lib/mno-hw-mul\libc.a(lib_a-memcpy.o)
 .debug_loc     0x0000000000000469       0x47 c:/intelfpga_lite/18.1/nios2eds/bin/gnu/h-x86_64-mingw32/bin/../lib/gcc/nios2-elf/5.3.0/../../../../../H-x86_64-mingw32/nios2-elf/lib/mno-hw-mul\libc.a(lib_a-strlen.o)
 .debug_loc     0x00000000000004b0      0x185 c:/intelfpga_lite/18.1/nios2eds/bin/gnu/h-x86_64-mingw32/bin/../lib/gcc/nios2-elf/5.3.0/../../../../../H-x86_64-mingw32/nios2-elf/lib/mno-hw-mul\libc.a(lib_a-__atexit.o)
 .debug_loc     0x0000000000000635      0x1ce c:/intelfpga_lite/18.1/nios2eds/bin/gnu/h-x86_64-mingw32/bin/../lib/gcc/nios2-elf/5.3.0/../../../../../H-x86_64-mingw32/nios2-elf/lib/mno-hw-mul\libc.a(lib_a-__call_atexit.o)

.debug_macinfo
 *(.debug_macinfo)

.debug_weaknames
 *(.debug_weaknames)

.debug_funcnames
 *(.debug_funcnames)

.debug_typenames
 *(.debug_typenames)

.debug_varnames
 *(.debug_varnames)

.debug_alt_sim_info
                0x0000000000000000       0x10
 *(.debug_alt_sim_info)
 .debug_alt_sim_info
                0x0000000000000000       0x10 ../custom_component_bsp//obj/HAL/src/crt0.o
                0x0000000000010000                __alt_data_end = 0x10000
                0x0000000000010000                PROVIDE (__alt_stack_pointer, __alt_data_end)
                [!provide]                        PROVIDE (__alt_stack_limit, __alt_stack_base)
                [!provide]                        PROVIDE (__alt_heap_start, end)
                [!provide]                        PROVIDE (__alt_heap_limit, 0x10000)
OUTPUT(custom_component.elf elf32-littlenios2)

.debug_ranges   0x0000000000000000      0x178
 .debug_ranges  0x0000000000000000       0x20 ../custom_component_bsp//obj/HAL/src/crt0.o
 .debug_ranges  0x0000000000000020       0x28 ../custom_component_bsp/\libhal_bsp.a(alt_irq_entry.o)
 .debug_ranges  0x0000000000000048       0x10 ../custom_component_bsp/\libhal_bsp.a(alt_irq_handler.o)
 .debug_ranges  0x0000000000000058       0x30 ../custom_component_bsp/\libhal_bsp.a(altera_avalon_jtag_uart_init.o)
 .debug_ranges  0x0000000000000088       0x18 ../custom_component_bsp/\libhal_bsp.a(altera_avalon_jtag_uart_read.o)
 .debug_ranges  0x00000000000000a0       0x30 ../custom_component_bsp/\libhal_bsp.a(alt_exception_entry.o)
 .debug_ranges  0x00000000000000d0       0x18 ../custom_component_bsp/\libhal_bsp.a(alt_instruction_exception_entry.o)
 .debug_ranges  0x00000000000000e8       0x10 c:/intelfpga_lite/18.1/nios2eds/bin/gnu/h-x86_64-mingw32/bin/../lib/gcc/nios2-elf/5.3.0/../../../../../H-x86_64-mingw32/nios2-elf/lib/mno-hw-mul\libc.a(lib_a-atexit.o)
 .debug_ranges  0x00000000000000f8       0x10 c:/intelfpga_lite/18.1/nios2eds/bin/gnu/h-x86_64-mingw32/bin/../lib/gcc/nios2-elf/5.3.0/../../../../../H-x86_64-mingw32/nios2-elf/lib/mno-hw-mul\libc.a(lib_a-exit.o)
 .debug_ranges  0x0000000000000108       0x10 c:/intelfpga_lite/18.1/nios2eds/bin/gnu/h-x86_64-mingw32/bin/../lib/gcc/nios2-elf/5.3.0/../../../../../H-x86_64-mingw32/nios2-elf/lib/mno-hw-mul\libc.a(lib_a-memcmp.o)
 .debug_ranges  0x0000000000000118       0x10 c:/intelfpga_lite/18.1/nios2eds/bin/gnu/h-x86_64-mingw32/bin/../lib/gcc/nios2-elf/5.3.0/../../../../../H-x86_64-mingw32/nios2-elf/lib/mno-hw-mul\libc.a(lib_a-memcpy.o)
 .debug_ranges  0x0000000000000128       0x10 c:/intelfpga_lite/18.1/nios2eds/bin/gnu/h-x86_64-mingw32/bin/../lib/gcc/nios2-elf/5.3.0/../../../../../H-x86_64-mingw32/nios2-elf/lib/mno-hw-mul\libc.a(lib_a-strlen.o)
 .debug_ranges  0x0000000000000138       0x10 c:/intelfpga_lite/18.1/nios2eds/bin/gnu/h-x86_64-mingw32/bin/../lib/gcc/nios2-elf/5.3.0/../../../../../H-x86_64-mingw32/nios2-elf/lib/mno-hw-mul\libc.a(lib_a-__atexit.o)
 .debug_ranges  0x0000000000000148       0x30 c:/intelfpga_lite/18.1/nios2eds/bin/gnu/h-x86_64-mingw32/bin/../lib/gcc/nios2-elf/5.3.0/../../../../../H-x86_64-mingw32/nios2-elf/lib/mno-hw-mul\libc.a(lib_a-__call_atexit.o)
