Archive member included to satisfy reference by file (symbol)

../Lab6_Part2_APP_bsp/\libhal_bsp.a(alt_load.o)
                              ../Lab6_Part2_APP_bsp//obj/HAL/src/crt0.o (alt_load)
../Lab6_Part2_APP_bsp/\libhal_bsp.a(alt_main.o)
                              ../Lab6_Part2_APP_bsp//obj/HAL/src/crt0.o (alt_main)
../Lab6_Part2_APP_bsp/\libhal_bsp.a(alt_sys_init.o)
                              ../Lab6_Part2_APP_bsp/\libhal_bsp.a(alt_main.o) (alt_irq_init)
../Lab6_Part2_APP_bsp/\libhal_bsp.a(altera_avalon_jtag_uart_fd.o)
                              ../Lab6_Part2_APP_bsp/\libhal_bsp.a(alt_sys_init.o) (altera_avalon_jtag_uart_read_fd)
../Lab6_Part2_APP_bsp/\libhal_bsp.a(altera_avalon_jtag_uart_read.o)
                              ../Lab6_Part2_APP_bsp/\libhal_bsp.a(altera_avalon_jtag_uart_fd.o) (altera_avalon_jtag_uart_read)
../Lab6_Part2_APP_bsp/\libhal_bsp.a(altera_avalon_jtag_uart_write.o)
                              ../Lab6_Part2_APP_bsp/\libhal_bsp.a(altera_avalon_jtag_uart_fd.o) (altera_avalon_jtag_uart_write)
../Lab6_Part2_APP_bsp/\libhal_bsp.a(alt_close.o)
                              ../Lab6_Part2_APP_bsp/\libhal_bsp.a(alt_main.o) (close)
../Lab6_Part2_APP_bsp/\libhal_bsp.a(alt_dcache_flush_all.o)
                              ../Lab6_Part2_APP_bsp/\libhal_bsp.a(alt_load.o) (alt_dcache_flush_all)
../Lab6_Part2_APP_bsp/\libhal_bsp.a(alt_dev.o)
                              ../Lab6_Part2_APP_bsp/\libhal_bsp.a(alt_sys_init.o) (alt_dev_list)
../Lab6_Part2_APP_bsp/\libhal_bsp.a(alt_dev_llist_insert.o)
                              ../Lab6_Part2_APP_bsp/\libhal_bsp.a(alt_sys_init.o) (alt_dev_llist_insert)
../Lab6_Part2_APP_bsp/\libhal_bsp.a(alt_errno.o)
                              ../Lab6_Part2_APP_bsp/\libhal_bsp.a(alt_close.o) (alt_errno)
../Lab6_Part2_APP_bsp/\libhal_bsp.a(alt_icache_flush_all.o)
                              ../Lab6_Part2_APP_bsp/\libhal_bsp.a(alt_load.o) (alt_icache_flush_all)
../Lab6_Part2_APP_bsp/\libhal_bsp.a(alt_io_redirect.o)
                              ../Lab6_Part2_APP_bsp/\libhal_bsp.a(alt_main.o) (alt_io_redirect)
../Lab6_Part2_APP_bsp/\libhal_bsp.a(alt_open.o)
                              ../Lab6_Part2_APP_bsp/\libhal_bsp.a(alt_io_redirect.o) (open)
../Lab6_Part2_APP_bsp/\libhal_bsp.a(alt_release_fd.o)
                              ../Lab6_Part2_APP_bsp/\libhal_bsp.a(alt_close.o) (alt_release_fd)
../Lab6_Part2_APP_bsp/\libhal_bsp.a(altera_nios2_gen2_irq.o)
                              ../Lab6_Part2_APP_bsp/\libhal_bsp.a(alt_sys_init.o) (altera_nios2_gen2_irq_init)
../Lab6_Part2_APP_bsp/\libhal_bsp.a(alt_find_dev.o)
                              ../Lab6_Part2_APP_bsp/\libhal_bsp.a(alt_open.o) (alt_find_dev)
../Lab6_Part2_APP_bsp/\libhal_bsp.a(alt_find_file.o)
                              ../Lab6_Part2_APP_bsp/\libhal_bsp.a(alt_open.o) (alt_find_file)
../Lab6_Part2_APP_bsp/\libhal_bsp.a(alt_get_fd.o)
                              ../Lab6_Part2_APP_bsp/\libhal_bsp.a(alt_open.o) (alt_get_fd)
c:/intelfpga/18.1/nios2eds/bin/gnu/h-x86_64-mingw32/bin/../lib/gcc/nios2-elf/5.3.0/../../../../../H-x86_64-mingw32/nios2-elf/lib/mno-hw-mul\libsmallc.a(lib_a-exit.o)
                              ../Lab6_Part2_APP_bsp/\libhal_bsp.a(alt_main.o) (exit)
c:/intelfpga/18.1/nios2eds/bin/gnu/h-x86_64-mingw32/bin/../lib/gcc/nios2-elf/5.3.0/../../../../../H-x86_64-mingw32/nios2-elf/lib/mno-hw-mul\libsmallc.a(lib_a-int_errno.o)
                              ../Lab6_Part2_APP_bsp/\libhal_bsp.a(alt_close.o) (errno)
c:/intelfpga/18.1/nios2eds/bin/gnu/h-x86_64-mingw32/bin/../lib/gcc/nios2-elf/5.3.0/../../../../../H-x86_64-mingw32/nios2-elf/lib/mno-hw-mul\libsmallc.a(lib_a-memcmp.o)
                              ../Lab6_Part2_APP_bsp/\libhal_bsp.a(alt_find_dev.o) (memcmp)
c:/intelfpga/18.1/nios2eds/bin/gnu/h-x86_64-mingw32/bin/../lib/gcc/nios2-elf/5.3.0/../../../../../H-x86_64-mingw32/nios2-elf/lib/mno-hw-mul\libsmallc.a(lib_a-strlen.o)
                              ../Lab6_Part2_APP_bsp/\libhal_bsp.a(alt_find_dev.o) (strlen)
c:/intelfpga/18.1/nios2eds/bin/gnu/h-x86_64-mingw32/bin/../lib/gcc/nios2-elf/5.3.0/../../../../../H-x86_64-mingw32/nios2-elf/lib/mno-hw-mul\libsmallc.a(lib_a-__call_atexit.o)
                              c:/intelfpga/18.1/nios2eds/bin/gnu/h-x86_64-mingw32/bin/../lib/gcc/nios2-elf/5.3.0/../../../../../H-x86_64-mingw32/nios2-elf/lib/mno-hw-mul\libsmallc.a(lib_a-exit.o) (__call_exitprocs)
c:/intelfpga/18.1/nios2eds/bin/gnu/h-x86_64-mingw32/bin/../lib/gcc/nios2-elf/5.3.0/../../../../../H-x86_64-mingw32/nios2-elf/lib/mno-hw-mul\libsmallc.a(lib_a-impure.o)
                              c:/intelfpga/18.1/nios2eds/bin/gnu/h-x86_64-mingw32/bin/../lib/gcc/nios2-elf/5.3.0/../../../../../H-x86_64-mingw32/nios2-elf/lib/mno-hw-mul\libsmallc.a(lib_a-__call_atexit.o) (_global_impure_ptr)
c:/intelfpga/18.1/nios2eds/bin/gnu/h-x86_64-mingw32/bin/../lib/gcc/nios2-elf/5.3.0/mno-hw-mul\libgcc.a(lib2-mul.o)
                              ../Lab6_Part2_APP_bsp/\libhal_bsp.a(alt_close.o) (__mulsi3)
../Lab6_Part2_APP_bsp/\libhal_bsp.a(alt_exit.o)
                              c:/intelfpga/18.1/nios2eds/bin/gnu/h-x86_64-mingw32/bin/../lib/gcc/nios2-elf/5.3.0/../../../../../H-x86_64-mingw32/nios2-elf/lib/mno-hw-mul\libsmallc.a(lib_a-exit.o) (_exit)

Allocating common symbols
Common symbol       size              file

Ramp16              0x2               obj/default/Lab6_Part2_code.o
Ramp8               0x1               obj/default/Lab6_Part2_code.o
Check32bit          0x4               obj/default/Lab6_Part2_code.o
errno               0x4               c:/intelfpga/18.1/nios2eds/bin/gnu/h-x86_64-mingw32/bin/../lib/gcc/nios2-elf/5.3.0/../../../../../H-x86_64-mingw32/nios2-elf/lib/mno-hw-mul\libsmallc.a(lib_a-int_errno.o)
Check16bit          0x4               obj/default/Lab6_Part2_code.o
sAddress            0x4               obj/default/Lab6_Part2_code.o
Check8bit           0x4               obj/default/Lab6_Part2_code.o
Data                0x4               obj/default/Lab6_Part2_code.o
Ramp32              0x4               obj/default/Lab6_Part2_code.o

Memory Configuration

Name             Origin             Length             Attributes
reset            0x0000000000004000 0x0000000000000020
onchip_memory2_0 0x0000000000004020 0x0000000000003fe0
*default*        0x0000000000000000 0xffffffffffffffff

Linker script and memory map

LOAD ../Lab6_Part2_APP_bsp//obj/HAL/src/crt0.o
LOAD obj/default/Lab6_Part2_code.o
LOAD c:/intelfpga/18.1/nios2eds/bin/gnu/h-x86_64-mingw32/bin/../lib/gcc/nios2-elf/5.3.0/../../../../../H-x86_64-mingw32/nios2-elf/lib/mno-hw-mul\libstdc++.a
LOAD c:/intelfpga/18.1/nios2eds/bin/gnu/h-x86_64-mingw32/bin/../lib/gcc/nios2-elf/5.3.0/../../../../../H-x86_64-mingw32/nios2-elf/lib/mno-hw-mul\libm.a
LOAD c:/intelfpga/18.1/nios2eds/bin/gnu/h-x86_64-mingw32/bin/../lib/gcc/nios2-elf/5.3.0/mno-hw-mul\libgcc.a
START GROUP
LOAD c:/intelfpga/18.1/nios2eds/bin/gnu/h-x86_64-mingw32/bin/../lib/gcc/nios2-elf/5.3.0/../../../../../H-x86_64-mingw32/nios2-elf/lib/mno-hw-mul\libsmallc.a
LOAD c:/intelfpga/18.1/nios2eds/bin/gnu/h-x86_64-mingw32/bin/../lib/gcc/nios2-elf/5.3.0/mno-hw-mul\libgcc.a
LOAD ../Lab6_Part2_APP_bsp/\libhal_bsp.a
LOAD c:/intelfpga/18.1/nios2eds/bin/gnu/h-x86_64-mingw32/bin/../lib/gcc/nios2-elf/5.3.0/../../../../../H-x86_64-mingw32/nios2-elf/lib/mno-hw-mul\libm.a
END GROUP
LOAD c:/intelfpga/18.1/nios2eds/bin/gnu/h-x86_64-mingw32/bin/../lib/gcc/nios2-elf/5.3.0/mno-hw-mul\libgcc.a
                0x0000000000004000                __alt_mem_onchip_memory2_0 = 0x4000

.entry          0x0000000000004000       0x20
 *(.entry)
 .entry         0x0000000000004000       0x20 ../Lab6_Part2_APP_bsp//obj/HAL/src/crt0.o
                0x0000000000004000                __reset

.exceptions     0x0000000000004020        0x0
                0x0000000000004020                PROVIDE (__ram_exceptions_start, ABSOLUTE (.))
                0x0000000000004020                . = ALIGN (0x20)
 *(.irq)
 *(.exceptions.entry.label)
 *(.exceptions.entry.user)
 *(.exceptions.entry.ecc_fatal)
 *(.exceptions.entry)
 *(.exceptions.irqtest.user)
 *(.exceptions.irqtest)
 *(.exceptions.irqhandler.user)
 *(.exceptions.irqhandler)
 *(.exceptions.irqreturn.user)
 *(.exceptions.irqreturn)
 *(.exceptions.notirq.label)
 *(.exceptions.notirq.user)
 *(.exceptions.notirq)
 *(.exceptions.soft.user)
 *(.exceptions.soft)
 *(.exceptions.unknown.user)
 *(.exceptions.unknown)
 *(.exceptions.exit.label)
 *(.exceptions.exit.user)
 *(.exceptions.exit)
 *(.exceptions)
                0x0000000000004020                PROVIDE (__ram_exceptions_end, ABSOLUTE (.))
                0x0000000000004020                PROVIDE (__flash_exceptions_start, LOADADDR (.exceptions))

.text           0x0000000000004020     0x12fc
                [!provide]                        PROVIDE (stext, ABSOLUTE (.))
 *(.interp)
 *(.hash)
 *(.dynsym)
 *(.dynstr)
 *(.gnu.version)
 *(.gnu.version_d)
 *(.gnu.version_r)
 *(.rel.init)
 *(.rela.init)
 *(.rel.text .rel.text.* .rel.gnu.linkonce.t.*)
 *(.rela.text .rela.text.* .rela.gnu.linkonce.t.*)
 *(.rel.fini)
 *(.rela.fini)
 *(.rel.rodata .rel.rodata.* .rel.gnu.linkonce.r.*)
 *(.rela.rodata .rela.rodata.* .rela.gnu.linkonce.r.*)
 *(.rel.data .rel.data.* .rel.gnu.linkonce.d.*)
 *(.rela.data .rela.data.* .rela.gnu.linkonce.d.*)
 *(.rel.tdata .rel.tdata.* .rel.gnu.linkonce.td.*)
 *(.rela.tdata .rela.tdata.* .rela.gnu.linkonce.td.*)
 *(.rel.tbss .rel.tbss.* .rel.gnu.linkonce.tb.*)
 *(.rela.tbss .rela.tbss.* .rela.gnu.linkonce.tb.*)
 *(.rel.ctors)
 *(.rela.ctors)
 *(.rel.dtors)
 *(.rela.dtors)
 *(.rel.got)
 *(.rela.got)
 *(.rel.sdata .rel.sdata.* .rel.gnu.linkonce.s.*)
 *(.rela.sdata .rela.sdata.* .rela.gnu.linkonce.s.*)
 *(.rel.sbss .rel.sbss.* .rel.gnu.linkonce.sb.*)
 *(.rela.sbss .rela.sbss.* .rela.gnu.linkonce.sb.*)
 *(.rel.sdata2 .rel.sdata2.* .rel.gnu.linkonce.s2.*)
 *(.rela.sdata2 .rela.sdata2.* .rela.gnu.linkonce.s2.*)
 *(.rel.sbss2 .rel.sbss2.* .rel.gnu.linkonce.sb2.*)
 *(.rela.sbss2 .rela.sbss2.* .rela.gnu.linkonce.sb2.*)
 *(.rel.bss .rel.bss.* .rel.gnu.linkonce.b.*)
 *(.rela.bss .rela.bss.* .rela.gnu.linkonce.b.*)
 *(.rel.plt)
 *(.rela.plt)
 *(.rel.dyn)
 *(.init)
 *(.plt)
 *(.text .stub .text.* .gnu.linkonce.t.*)
 .text          0x0000000000004020       0x3c ../Lab6_Part2_APP_bsp//obj/HAL/src/crt0.o
                0x0000000000004020                _start
 .text          0x000000000000405c      0x2e4 obj/default/Lab6_Part2_code.o
                0x000000000000405c                Memory_Access_8
                0x0000000000004114                Memory_Access_16
                0x00000000000041e0                Memory_Access_32
                0x00000000000042a8                main
 .text          0x0000000000004340       0xec ../Lab6_Part2_APP_bsp/\libhal_bsp.a(alt_load.o)
                0x00000000000043a8                alt_load
 .text          0x000000000000442c       0x6c ../Lab6_Part2_APP_bsp/\libhal_bsp.a(alt_main.o)
                0x000000000000442c                alt_main
 .text          0x0000000000004498       0xa4 ../Lab6_Part2_APP_bsp/\libhal_bsp.a(alt_sys_init.o)
                0x00000000000044cc                alt_irq_init
                0x0000000000004504                alt_sys_init
 .text          0x000000000000453c       0xc0 ../Lab6_Part2_APP_bsp/\libhal_bsp.a(altera_avalon_jtag_uart_fd.o)
                0x000000000000453c                altera_avalon_jtag_uart_read_fd
                0x000000000000459c                altera_avalon_jtag_uart_write_fd
 .text          0x00000000000045fc       0xec ../Lab6_Part2_APP_bsp/\libhal_bsp.a(altera_avalon_jtag_uart_read.o)
                0x00000000000045fc                altera_avalon_jtag_uart_read
 .text          0x00000000000046e8       0x94 ../Lab6_Part2_APP_bsp/\libhal_bsp.a(altera_avalon_jtag_uart_write.o)
                0x00000000000046e8                altera_avalon_jtag_uart_write
 .text          0x000000000000477c      0x114 ../Lab6_Part2_APP_bsp/\libhal_bsp.a(alt_close.o)
                0x00000000000047b8                close
 .text          0x0000000000004890       0x20 ../Lab6_Part2_APP_bsp/\libhal_bsp.a(alt_dcache_flush_all.o)
                0x0000000000004890                alt_dcache_flush_all
 .text          0x00000000000048b0       0x2c ../Lab6_Part2_APP_bsp/\libhal_bsp.a(alt_dev.o)
 .text          0x00000000000048dc       0xe0 ../Lab6_Part2_APP_bsp/\libhal_bsp.a(alt_dev_llist_insert.o)
                0x0000000000004918                alt_dev_llist_insert
 .text          0x00000000000049bc        0x0 ../Lab6_Part2_APP_bsp/\libhal_bsp.a(alt_errno.o)
 .text          0x00000000000049bc       0x20 ../Lab6_Part2_APP_bsp/\libhal_bsp.a(alt_icache_flush_all.o)
                0x00000000000049bc                alt_icache_flush_all
 .text          0x00000000000049dc      0x160 ../Lab6_Part2_APP_bsp/\libhal_bsp.a(alt_io_redirect.o)
                0x0000000000004ac0                alt_io_redirect
 .text          0x0000000000004b3c      0x284 ../Lab6_Part2_APP_bsp/\libhal_bsp.a(alt_open.o)
                0x0000000000004c64                open
 .text          0x0000000000004dc0       0x84 ../Lab6_Part2_APP_bsp/\libhal_bsp.a(alt_release_fd.o)
                0x0000000000004dc0                alt_release_fd
 .text          0x0000000000004e44       0x24 ../Lab6_Part2_APP_bsp/\libhal_bsp.a(altera_nios2_gen2_irq.o)
                0x0000000000004e44                altera_nios2_gen2_irq_init
 .text          0x0000000000004e68       0x90 ../Lab6_Part2_APP_bsp/\libhal_bsp.a(alt_find_dev.o)
                0x0000000000004e68                alt_find_dev
 .text          0x0000000000004ef8      0x108 ../Lab6_Part2_APP_bsp/\libhal_bsp.a(alt_find_file.o)
                0x0000000000004ef8                alt_find_file
 .text          0x0000000000005000       0xc4 ../Lab6_Part2_APP_bsp/\libhal_bsp.a(alt_get_fd.o)
                0x0000000000005000                alt_get_fd
 .text          0x00000000000050c4        0x0 c:/intelfpga/18.1/nios2eds/bin/gnu/h-x86_64-mingw32/bin/../lib/gcc/nios2-elf/5.3.0/../../../../../H-x86_64-mingw32/nios2-elf/lib/mno-hw-mul\libsmallc.a(lib_a-exit.o)
 .text.exit     0x00000000000050c4       0x20 c:/intelfpga/18.1/nios2eds/bin/gnu/h-x86_64-mingw32/bin/../lib/gcc/nios2-elf/5.3.0/../../../../../H-x86_64-mingw32/nios2-elf/lib/mno-hw-mul\libsmallc.a(lib_a-exit.o)
                0x00000000000050c4                exit
 .text          0x00000000000050e4        0x0 c:/intelfpga/18.1/nios2eds/bin/gnu/h-x86_64-mingw32/bin/../lib/gcc/nios2-elf/5.3.0/../../../../../H-x86_64-mingw32/nios2-elf/lib/mno-hw-mul\libsmallc.a(lib_a-int_errno.o)
 .text          0x00000000000050e4        0x0 c:/intelfpga/18.1/nios2eds/bin/gnu/h-x86_64-mingw32/bin/../lib/gcc/nios2-elf/5.3.0/../../../../../H-x86_64-mingw32/nios2-elf/lib/mno-hw-mul\libsmallc.a(lib_a-memcmp.o)
 .text.memcmp   0x00000000000050e4       0x30 c:/intelfpga/18.1/nios2eds/bin/gnu/h-x86_64-mingw32/bin/../lib/gcc/nios2-elf/5.3.0/../../../../../H-x86_64-mingw32/nios2-elf/lib/mno-hw-mul\libsmallc.a(lib_a-memcmp.o)
                0x00000000000050e4                memcmp
 .text          0x0000000000005114        0x0 c:/intelfpga/18.1/nios2eds/bin/gnu/h-x86_64-mingw32/bin/../lib/gcc/nios2-elf/5.3.0/../../../../../H-x86_64-mingw32/nios2-elf/lib/mno-hw-mul\libsmallc.a(lib_a-strlen.o)
 .text.strlen   0x0000000000005114       0x1c c:/intelfpga/18.1/nios2eds/bin/gnu/h-x86_64-mingw32/bin/../lib/gcc/nios2-elf/5.3.0/../../../../../H-x86_64-mingw32/nios2-elf/lib/mno-hw-mul\libsmallc.a(lib_a-strlen.o)
                0x0000000000005114                strlen
 .text          0x0000000000005130        0x0 c:/intelfpga/18.1/nios2eds/bin/gnu/h-x86_64-mingw32/bin/../lib/gcc/nios2-elf/5.3.0/../../../../../H-x86_64-mingw32/nios2-elf/lib/mno-hw-mul\libsmallc.a(lib_a-__call_atexit.o)
 .text.__call_exitprocs
                0x0000000000005130      0x190 c:/intelfpga/18.1/nios2eds/bin/gnu/h-x86_64-mingw32/bin/../lib/gcc/nios2-elf/5.3.0/../../../../../H-x86_64-mingw32/nios2-elf/lib/mno-hw-mul\libsmallc.a(lib_a-__call_atexit.o)
                0x0000000000005130                __call_exitprocs
 .text          0x00000000000052c0        0x0 c:/intelfpga/18.1/nios2eds/bin/gnu/h-x86_64-mingw32/bin/../lib/gcc/nios2-elf/5.3.0/../../../../../H-x86_64-mingw32/nios2-elf/lib/mno-hw-mul\libsmallc.a(lib_a-impure.o)
 .text          0x00000000000052c0       0x28 c:/intelfpga/18.1/nios2eds/bin/gnu/h-x86_64-mingw32/bin/../lib/gcc/nios2-elf/5.3.0/mno-hw-mul\libgcc.a(lib2-mul.o)
                0x00000000000052c0                __mulsi3
 .text          0x00000000000052e8       0x34 ../Lab6_Part2_APP_bsp/\libhal_bsp.a(alt_exit.o)
                0x00000000000052e8                _exit
 *(.gnu.warning.*)
 *(.fini)
                [!provide]                        PROVIDE (__etext, ABSOLUTE (.))
                [!provide]                        PROVIDE (_etext, ABSOLUTE (.))
                [!provide]                        PROVIDE (etext, ABSOLUTE (.))
 *(.eh_frame_hdr)
                0x000000000000531c                . = ALIGN (0x4)
                [!provide]                        PROVIDE (__preinit_array_start, ABSOLUTE (.))
 *(.preinit_array)
                [!provide]                        PROVIDE (__preinit_array_end, ABSOLUTE (.))
                [!provide]                        PROVIDE (__init_array_start, ABSOLUTE (.))
 *(.init_array)
                [!provide]                        PROVIDE (__init_array_end, ABSOLUTE (.))
                [!provide]                        PROVIDE (__fini_array_start, ABSOLUTE (.))
 *(.fini_array)
                [!provide]                        PROVIDE (__fini_array_end, ABSOLUTE (.))
 *(.eh_frame)
 *(.gcc_except_table .gcc_except_table.*)
 *(.dynamic)
                [!provide]                        PROVIDE (__CTOR_LIST__, ABSOLUTE (.))
 *(.ctors)
 *(SORT(.ctors.*))
                [!provide]                        PROVIDE (__CTOR_END__, ABSOLUTE (.))
                [!provide]                        PROVIDE (__DTOR_LIST__, ABSOLUTE (.))
 *(.dtors)
 *(SORT(.dtors.*))
                [!provide]                        PROVIDE (__DTOR_END__, ABSOLUTE (.))
 *(.jcr)
                0x000000000000531c                . = ALIGN (0x4)

.rodata         0x000000000000531c       0x34
                0x000000000000531c                PROVIDE (__ram_rodata_start, ABSOLUTE (.))
                0x000000000000531c                . = ALIGN (0x4)
 *(.rodata .rodata.* .gnu.linkonce.r.*)
 .rodata        0x000000000000531c       0x11 ../Lab6_Part2_APP_bsp/\libhal_bsp.a(alt_main.o)
 *fill*         0x000000000000532d        0x3 
 .rodata        0x0000000000005330       0x11 ../Lab6_Part2_APP_bsp/\libhal_bsp.a(alt_sys_init.o)
 *fill*         0x0000000000005341        0x3 
 .rodata        0x0000000000005344        0xa ../Lab6_Part2_APP_bsp/\libhal_bsp.a(alt_dev.o)
 *(.rodata1)
                0x0000000000005350                . = ALIGN (0x4)
 *fill*         0x000000000000534e        0x2 
                0x0000000000005350                PROVIDE (__ram_rodata_end, ABSOLUTE (.))
                0x000000000000531c                PROVIDE (__flash_rodata_start, LOADADDR (.rodata))

.rwdata         0x0000000000005350      0x2e0 load address 0x0000000000005630
                0x0000000000005350                PROVIDE (__ram_rwdata_start, ABSOLUTE (.))
                0x0000000000005350                . = ALIGN (0x4)
 *(.got.plt)
 *(.got)
 *(.data1)
 *(.data .data.* .gnu.linkonce.d.*)
 .data          0x0000000000005350        0x0 ../Lab6_Part2_APP_bsp//obj/HAL/src/crt0.o
 .data          0x0000000000005350        0x0 obj/default/Lab6_Part2_code.o
 .data          0x0000000000005350        0x0 ../Lab6_Part2_APP_bsp/\libhal_bsp.a(alt_load.o)
 .data          0x0000000000005350        0x0 ../Lab6_Part2_APP_bsp/\libhal_bsp.a(alt_main.o)
 .data          0x0000000000005350       0x2c ../Lab6_Part2_APP_bsp/\libhal_bsp.a(alt_sys_init.o)
 .data          0x000000000000537c        0x0 ../Lab6_Part2_APP_bsp/\libhal_bsp.a(altera_avalon_jtag_uart_fd.o)
 .data          0x000000000000537c        0x0 ../Lab6_Part2_APP_bsp/\libhal_bsp.a(altera_avalon_jtag_uart_read.o)
 .data          0x000000000000537c        0x0 ../Lab6_Part2_APP_bsp/\libhal_bsp.a(altera_avalon_jtag_uart_write.o)
 .data          0x000000000000537c        0x0 ../Lab6_Part2_APP_bsp/\libhal_bsp.a(alt_close.o)
 .data          0x000000000000537c        0x0 ../Lab6_Part2_APP_bsp/\libhal_bsp.a(alt_dcache_flush_all.o)
 .data          0x000000000000537c      0x1a8 ../Lab6_Part2_APP_bsp/\libhal_bsp.a(alt_dev.o)
                0x000000000000537c                alt_dev_null
                0x00000000000053a4                alt_fd_list
 .data          0x0000000000005524        0x0 ../Lab6_Part2_APP_bsp/\libhal_bsp.a(alt_dev_llist_insert.o)
 .data          0x0000000000005524        0x0 ../Lab6_Part2_APP_bsp/\libhal_bsp.a(alt_errno.o)
 .data          0x0000000000005524        0x0 ../Lab6_Part2_APP_bsp/\libhal_bsp.a(alt_icache_flush_all.o)
 .data          0x0000000000005524        0x0 ../Lab6_Part2_APP_bsp/\libhal_bsp.a(alt_io_redirect.o)
 .data          0x0000000000005524        0x0 ../Lab6_Part2_APP_bsp/\libhal_bsp.a(alt_open.o)
 .data          0x0000000000005524        0x0 ../Lab6_Part2_APP_bsp/\libhal_bsp.a(alt_release_fd.o)
 .data          0x0000000000005524        0x0 ../Lab6_Part2_APP_bsp/\libhal_bsp.a(altera_nios2_gen2_irq.o)
 .data          0x0000000000005524        0x0 ../Lab6_Part2_APP_bsp/\libhal_bsp.a(alt_find_dev.o)
 .data          0x0000000000005524        0x0 ../Lab6_Part2_APP_bsp/\libhal_bsp.a(alt_find_file.o)
 .data          0x0000000000005524        0x0 ../Lab6_Part2_APP_bsp/\libhal_bsp.a(alt_get_fd.o)
 .data          0x0000000000005524        0x0 c:/intelfpga/18.1/nios2eds/bin/gnu/h-x86_64-mingw32/bin/../lib/gcc/nios2-elf/5.3.0/../../../../../H-x86_64-mingw32/nios2-elf/lib/mno-hw-mul\libsmallc.a(lib_a-exit.o)
 .data          0x0000000000005524        0x0 c:/intelfpga/18.1/nios2eds/bin/gnu/h-x86_64-mingw32/bin/../lib/gcc/nios2-elf/5.3.0/../../../../../H-x86_64-mingw32/nios2-elf/lib/mno-hw-mul\libsmallc.a(lib_a-int_errno.o)
 .data          0x0000000000005524        0x0 c:/intelfpga/18.1/nios2eds/bin/gnu/h-x86_64-mingw32/bin/../lib/gcc/nios2-elf/5.3.0/../../../../../H-x86_64-mingw32/nios2-elf/lib/mno-hw-mul\libsmallc.a(lib_a-memcmp.o)
 .data          0x0000000000005524        0x0 c:/intelfpga/18.1/nios2eds/bin/gnu/h-x86_64-mingw32/bin/../lib/gcc/nios2-elf/5.3.0/../../../../../H-x86_64-mingw32/nios2-elf/lib/mno-hw-mul\libsmallc.a(lib_a-strlen.o)
 .data          0x0000000000005524        0x0 c:/intelfpga/18.1/nios2eds/bin/gnu/h-x86_64-mingw32/bin/../lib/gcc/nios2-elf/5.3.0/../../../../../H-x86_64-mingw32/nios2-elf/lib/mno-hw-mul\libsmallc.a(lib_a-__call_atexit.o)
 .data          0x0000000000005524        0x0 c:/intelfpga/18.1/nios2eds/bin/gnu/h-x86_64-mingw32/bin/../lib/gcc/nios2-elf/5.3.0/../../../../../H-x86_64-mingw32/nios2-elf/lib/mno-hw-mul\libsmallc.a(lib_a-impure.o)
 .data.impure_data
                0x0000000000005524       0xe0 c:/intelfpga/18.1/nios2eds/bin/gnu/h-x86_64-mingw32/bin/../lib/gcc/nios2-elf/5.3.0/../../../../../H-x86_64-mingw32/nios2-elf/lib/mno-hw-mul\libsmallc.a(lib_a-impure.o)
 .data          0x0000000000005604        0x0 c:/intelfpga/18.1/nios2eds/bin/gnu/h-x86_64-mingw32/bin/../lib/gcc/nios2-elf/5.3.0/mno-hw-mul\libgcc.a(lib2-mul.o)
 .data          0x0000000000005604        0x0 ../Lab6_Part2_APP_bsp/\libhal_bsp.a(alt_exit.o)
                0x000000000000d604                _gp = ABSOLUTE ((. + 0x8000))
                [!provide]                        PROVIDE (gp, _gp)
 *(.rwdata .rwdata.*)
 *(.sdata .sdata.* .gnu.linkonce.s.*)
 .sdata         0x0000000000005604        0xc obj/default/Lab6_Part2_code.o
                0x0000000000005604                PushbuttonPTR
                0x0000000000005608                LedPtr
                0x000000000000560c                Num_bytes
 .sdata         0x0000000000005610       0x14 ../Lab6_Part2_APP_bsp/\libhal_bsp.a(alt_dev.o)
                0x0000000000005610                alt_fs_list
                0x0000000000005618                alt_dev_list
                0x0000000000005620                alt_max_fd
 .sdata         0x0000000000005624        0x4 ../Lab6_Part2_APP_bsp/\libhal_bsp.a(alt_errno.o)
                0x0000000000005624                alt_errno
 .sdata._global_impure_ptr
                0x0000000000005628        0x4 c:/intelfpga/18.1/nios2eds/bin/gnu/h-x86_64-mingw32/bin/../lib/gcc/nios2-elf/5.3.0/../../../../../H-x86_64-mingw32/nios2-elf/lib/mno-hw-mul\libsmallc.a(lib_a-impure.o)
                0x0000000000005628                _global_impure_ptr
 .sdata._impure_ptr
                0x000000000000562c        0x4 c:/intelfpga/18.1/nios2eds/bin/gnu/h-x86_64-mingw32/bin/../lib/gcc/nios2-elf/5.3.0/../../../../../H-x86_64-mingw32/nios2-elf/lib/mno-hw-mul\libsmallc.a(lib_a-impure.o)
                0x000000000000562c                _impure_ptr
 *(.sdata2 .sdata2.* .gnu.linkonce.s2.*)
                0x0000000000005630                . = ALIGN (0x4)
                0x0000000000005630                _edata = ABSOLUTE (.)
                [!provide]                        PROVIDE (edata, ABSOLUTE (.))
                0x0000000000005630                PROVIDE (__ram_rwdata_end, ABSOLUTE (.))
                0x0000000000005630                PROVIDE (__flash_rwdata_start, LOADADDR (.rwdata))

.bss            0x0000000000005910       0x38
                0x0000000000005910                __bss_start = ABSOLUTE (.)
                [!provide]                        PROVIDE (__sbss_start, ABSOLUTE (.))
                [!provide]                        PROVIDE (___sbss_start, ABSOLUTE (.))
 *(.dynsbss)
 *(.sbss .sbss.* .gnu.linkonce.sb.*)
 .sbss          0x0000000000005910        0xc obj/default/Lab6_Part2_code.o
                0x0000000000005910                Ram32bitPTR
                0x0000000000005914                Ram16bitPTR
                0x0000000000005918                Ram8bitPTR
 .sbss          0x000000000000591c       0x1c obj/default/Lab6_Part2_code.o
                0x000000000000591c                Ramp16
                0x000000000000591e                Ramp8
                0x0000000000005920                Check32bit
                0x0000000000005924                Check16bit
                0x0000000000005928                sAddress
                0x000000000000592c                Check8bit
                0x0000000000005930                Data
                0x0000000000005934                Ramp32
 .sbss          0x0000000000005938        0xc ../Lab6_Part2_APP_bsp/\libhal_bsp.a(alt_main.o)
                0x0000000000005938                alt_argc
                0x000000000000593c                alt_argv
                0x0000000000005940                alt_envp
 .sbss          0x0000000000005944        0x4 c:/intelfpga/18.1/nios2eds/bin/gnu/h-x86_64-mingw32/bin/../lib/gcc/nios2-elf/5.3.0/../../../../../H-x86_64-mingw32/nios2-elf/lib/mno-hw-mul\libsmallc.a(lib_a-int_errno.o)
                0x0000000000005944                errno
 *(.sbss2 .sbss2.* .gnu.linkonce.sb2.*)
 *(.scommon)
                [!provide]                        PROVIDE (__sbss_end, ABSOLUTE (.))
                [!provide]                        PROVIDE (___sbss_end, ABSOLUTE (.))
 *(.dynbss)
 *(.bss .bss.* .gnu.linkonce.b.*)
 .bss           0x0000000000005948        0x0 ../Lab6_Part2_APP_bsp//obj/HAL/src/crt0.o
 .bss           0x0000000000005948        0x0 obj/default/Lab6_Part2_code.o
 .bss           0x0000000000005948        0x0 ../Lab6_Part2_APP_bsp/\libhal_bsp.a(alt_load.o)
 .bss           0x0000000000005948        0x0 ../Lab6_Part2_APP_bsp/\libhal_bsp.a(alt_main.o)
 .bss           0x0000000000005948        0x0 ../Lab6_Part2_APP_bsp/\libhal_bsp.a(alt_sys_init.o)
 .bss           0x0000000000005948        0x0 ../Lab6_Part2_APP_bsp/\libhal_bsp.a(altera_avalon_jtag_uart_fd.o)
 .bss           0x0000000000005948        0x0 ../Lab6_Part2_APP_bsp/\libhal_bsp.a(altera_avalon_jtag_uart_read.o)
 .bss           0x0000000000005948        0x0 ../Lab6_Part2_APP_bsp/\libhal_bsp.a(altera_avalon_jtag_uart_write.o)
 .bss           0x0000000000005948        0x0 ../Lab6_Part2_APP_bsp/\libhal_bsp.a(alt_close.o)
 .bss           0x0000000000005948        0x0 ../Lab6_Part2_APP_bsp/\libhal_bsp.a(alt_dcache_flush_all.o)
 .bss           0x0000000000005948        0x0 ../Lab6_Part2_APP_bsp/\libhal_bsp.a(alt_dev.o)
 .bss           0x0000000000005948        0x0 ../Lab6_Part2_APP_bsp/\libhal_bsp.a(alt_dev_llist_insert.o)
 .bss           0x0000000000005948        0x0 ../Lab6_Part2_APP_bsp/\libhal_bsp.a(alt_errno.o)
 .bss           0x0000000000005948        0x0 ../Lab6_Part2_APP_bsp/\libhal_bsp.a(alt_icache_flush_all.o)
 .bss           0x0000000000005948        0x0 ../Lab6_Part2_APP_bsp/\libhal_bsp.a(alt_io_redirect.o)
 .bss           0x0000000000005948        0x0 ../Lab6_Part2_APP_bsp/\libhal_bsp.a(alt_open.o)
 .bss           0x0000000000005948        0x0 ../Lab6_Part2_APP_bsp/\libhal_bsp.a(alt_release_fd.o)
 .bss           0x0000000000005948        0x0 ../Lab6_Part2_APP_bsp/\libhal_bsp.a(altera_nios2_gen2_irq.o)
 .bss           0x0000000000005948        0x0 ../Lab6_Part2_APP_bsp/\libhal_bsp.a(alt_find_dev.o)
 .bss           0x0000000000005948        0x0 ../Lab6_Part2_APP_bsp/\libhal_bsp.a(alt_find_file.o)
 .bss           0x0000000000005948        0x0 ../Lab6_Part2_APP_bsp/\libhal_bsp.a(alt_get_fd.o)
 .bss           0x0000000000005948        0x0 c:/intelfpga/18.1/nios2eds/bin/gnu/h-x86_64-mingw32/bin/../lib/gcc/nios2-elf/5.3.0/../../../../../H-x86_64-mingw32/nios2-elf/lib/mno-hw-mul\libsmallc.a(lib_a-exit.o)
 .bss           0x0000000000005948        0x0 c:/intelfpga/18.1/nios2eds/bin/gnu/h-x86_64-mingw32/bin/../lib/gcc/nios2-elf/5.3.0/../../../../../H-x86_64-mingw32/nios2-elf/lib/mno-hw-mul\libsmallc.a(lib_a-int_errno.o)
 .bss           0x0000000000005948        0x0 c:/intelfpga/18.1/nios2eds/bin/gnu/h-x86_64-mingw32/bin/../lib/gcc/nios2-elf/5.3.0/../../../../../H-x86_64-mingw32/nios2-elf/lib/mno-hw-mul\libsmallc.a(lib_a-memcmp.o)
 .bss           0x0000000000005948        0x0 c:/intelfpga/18.1/nios2eds/bin/gnu/h-x86_64-mingw32/bin/../lib/gcc/nios2-elf/5.3.0/../../../../../H-x86_64-mingw32/nios2-elf/lib/mno-hw-mul\libsmallc.a(lib_a-strlen.o)
 .bss           0x0000000000005948        0x0 c:/intelfpga/18.1/nios2eds/bin/gnu/h-x86_64-mingw32/bin/../lib/gcc/nios2-elf/5.3.0/../../../../../H-x86_64-mingw32/nios2-elf/lib/mno-hw-mul\libsmallc.a(lib_a-__call_atexit.o)
 .bss           0x0000000000005948        0x0 c:/intelfpga/18.1/nios2eds/bin/gnu/h-x86_64-mingw32/bin/../lib/gcc/nios2-elf/5.3.0/../../../../../H-x86_64-mingw32/nios2-elf/lib/mno-hw-mul\libsmallc.a(lib_a-impure.o)
 .bss           0x0000000000005948        0x0 c:/intelfpga/18.1/nios2eds/bin/gnu/h-x86_64-mingw32/bin/../lib/gcc/nios2-elf/5.3.0/mno-hw-mul\libgcc.a(lib2-mul.o)
 .bss           0x0000000000005948        0x0 ../Lab6_Part2_APP_bsp/\libhal_bsp.a(alt_exit.o)
 *(COMMON)
                0x0000000000005948                . = ALIGN (0x4)
                0x0000000000005948                __bss_end = ABSOLUTE (.)

.onchip_memory2_0
                0x0000000000005948        0x0
                [!provide]                        PROVIDE (_alt_partition_onchip_memory2_0_start, ABSOLUTE (.))
 *(.onchip_memory2_0 .onchip_memory2_0. onchip_memory2_0.*)
                0x0000000000005948                . = ALIGN (0x4)
                [!provide]                        PROVIDE (_alt_partition_onchip_memory2_0_end, ABSOLUTE (.))
                0x0000000000005948                _end = ABSOLUTE (.)
                0x0000000000005948                end = ABSOLUTE (.)
                0x0000000000005948                __alt_stack_base = ABSOLUTE (.)
                [!provide]                        PROVIDE (_alt_partition_onchip_memory2_0_load_addr, LOADADDR (.onchip_memory2_0))

.stab
 *(.stab)

.stabstr
 *(.stabstr)

.stab.excl
 *(.stab.excl)

.stab.exclstr
 *(.stab.exclstr)

.stab.index
 *(.stab.index)

.stab.indexstr
 *(.stab.indexstr)

.comment        0x0000000000000000       0x23
 *(.comment)
 .comment       0x0000000000000000       0x23 obj/default/Lab6_Part2_code.o
                                         0x24 (size before relaxing)
 .comment       0x0000000000000023       0x24 ../Lab6_Part2_APP_bsp/\libhal_bsp.a(alt_load.o)
 .comment       0x0000000000000023       0x24 ../Lab6_Part2_APP_bsp/\libhal_bsp.a(alt_main.o)
 .comment       0x0000000000000023       0x24 ../Lab6_Part2_APP_bsp/\libhal_bsp.a(alt_sys_init.o)
 .comment       0x0000000000000023       0x24 ../Lab6_Part2_APP_bsp/\libhal_bsp.a(altera_avalon_jtag_uart_fd.o)
 .comment       0x0000000000000023       0x24 ../Lab6_Part2_APP_bsp/\libhal_bsp.a(altera_avalon_jtag_uart_read.o)
 .comment       0x0000000000000023       0x24 ../Lab6_Part2_APP_bsp/\libhal_bsp.a(altera_avalon_jtag_uart_write.o)
 .comment       0x0000000000000023       0x24 ../Lab6_Part2_APP_bsp/\libhal_bsp.a(alt_close.o)
 .comment       0x0000000000000023       0x24 ../Lab6_Part2_APP_bsp/\libhal_bsp.a(alt_dcache_flush_all.o)
 .comment       0x0000000000000023       0x24 ../Lab6_Part2_APP_bsp/\libhal_bsp.a(alt_dev.o)
 .comment       0x0000000000000023       0x24 ../Lab6_Part2_APP_bsp/\libhal_bsp.a(alt_dev_llist_insert.o)
 .comment       0x0000000000000023       0x24 ../Lab6_Part2_APP_bsp/\libhal_bsp.a(alt_errno.o)
 .comment       0x0000000000000023       0x24 ../Lab6_Part2_APP_bsp/\libhal_bsp.a(alt_icache_flush_all.o)
 .comment       0x0000000000000023       0x24 ../Lab6_Part2_APP_bsp/\libhal_bsp.a(alt_io_redirect.o)
 .comment       0x0000000000000023       0x24 ../Lab6_Part2_APP_bsp/\libhal_bsp.a(alt_open.o)
 .comment       0x0000000000000023       0x24 ../Lab6_Part2_APP_bsp/\libhal_bsp.a(alt_release_fd.o)
 .comment       0x0000000000000023       0x24 ../Lab6_Part2_APP_bsp/\libhal_bsp.a(altera_nios2_gen2_irq.o)
 .comment       0x0000000000000023       0x24 ../Lab6_Part2_APP_bsp/\libhal_bsp.a(alt_find_dev.o)
 .comment       0x0000000000000023       0x24 ../Lab6_Part2_APP_bsp/\libhal_bsp.a(alt_find_file.o)
 .comment       0x0000000000000023       0x24 ../Lab6_Part2_APP_bsp/\libhal_bsp.a(alt_get_fd.o)
 .comment       0x0000000000000023       0x24 c:/intelfpga/18.1/nios2eds/bin/gnu/h-x86_64-mingw32/bin/../lib/gcc/nios2-elf/5.3.0/../../../../../H-x86_64-mingw32/nios2-elf/lib/mno-hw-mul\libsmallc.a(lib_a-exit.o)
 .comment       0x0000000000000023       0x24 c:/intelfpga/18.1/nios2eds/bin/gnu/h-x86_64-mingw32/bin/../lib/gcc/nios2-elf/5.3.0/../../../../../H-x86_64-mingw32/nios2-elf/lib/mno-hw-mul\libsmallc.a(lib_a-int_errno.o)
 .comment       0x0000000000000023       0x24 c:/intelfpga/18.1/nios2eds/bin/gnu/h-x86_64-mingw32/bin/../lib/gcc/nios2-elf/5.3.0/../../../../../H-x86_64-mingw32/nios2-elf/lib/mno-hw-mul\libsmallc.a(lib_a-memcmp.o)
 .comment       0x0000000000000023       0x24 c:/intelfpga/18.1/nios2eds/bin/gnu/h-x86_64-mingw32/bin/../lib/gcc/nios2-elf/5.3.0/../../../../../H-x86_64-mingw32/nios2-elf/lib/mno-hw-mul\libsmallc.a(lib_a-strlen.o)
 .comment       0x0000000000000023       0x24 c:/intelfpga/18.1/nios2eds/bin/gnu/h-x86_64-mingw32/bin/../lib/gcc/nios2-elf/5.3.0/../../../../../H-x86_64-mingw32/nios2-elf/lib/mno-hw-mul\libsmallc.a(lib_a-__call_atexit.o)
 .comment       0x0000000000000023       0x24 c:/intelfpga/18.1/nios2eds/bin/gnu/h-x86_64-mingw32/bin/../lib/gcc/nios2-elf/5.3.0/../../../../../H-x86_64-mingw32/nios2-elf/lib/mno-hw-mul\libsmallc.a(lib_a-impure.o)
 .comment       0x0000000000000023       0x24 c:/intelfpga/18.1/nios2eds/bin/gnu/h-x86_64-mingw32/bin/../lib/gcc/nios2-elf/5.3.0/mno-hw-mul\libgcc.a(lib2-mul.o)
 .comment       0x0000000000000023       0x24 ../Lab6_Part2_APP_bsp/\libhal_bsp.a(alt_exit.o)

.debug
 *(.debug)

.line
 *(.line)

.debug_srcinfo
 *(.debug_srcinfo)

.debug_sfnames
 *(.debug_sfnames)

.debug_aranges  0x0000000000000000      0x390
 *(.debug_aranges)
 .debug_aranges
                0x0000000000000000       0x28 ../Lab6_Part2_APP_bsp//obj/HAL/src/crt0.o
 .debug_aranges
                0x0000000000000028       0x20 obj/default/Lab6_Part2_code.o
 .debug_aranges
                0x0000000000000048       0x20 ../Lab6_Part2_APP_bsp/\libhal_bsp.a(alt_load.o)
 .debug_aranges
                0x0000000000000068       0x20 ../Lab6_Part2_APP_bsp/\libhal_bsp.a(alt_main.o)
 .debug_aranges
                0x0000000000000088       0x20 ../Lab6_Part2_APP_bsp/\libhal_bsp.a(alt_sys_init.o)
 .debug_aranges
                0x00000000000000a8       0x20 ../Lab6_Part2_APP_bsp/\libhal_bsp.a(altera_avalon_jtag_uart_fd.o)
 .debug_aranges
                0x00000000000000c8       0x20 ../Lab6_Part2_APP_bsp/\libhal_bsp.a(altera_avalon_jtag_uart_read.o)
 .debug_aranges
                0x00000000000000e8       0x20 ../Lab6_Part2_APP_bsp/\libhal_bsp.a(altera_avalon_jtag_uart_write.o)
 .debug_aranges
                0x0000000000000108       0x20 ../Lab6_Part2_APP_bsp/\libhal_bsp.a(alt_close.o)
 .debug_aranges
                0x0000000000000128       0x20 ../Lab6_Part2_APP_bsp/\libhal_bsp.a(alt_dcache_flush_all.o)
 .debug_aranges
                0x0000000000000148       0x20 ../Lab6_Part2_APP_bsp/\libhal_bsp.a(alt_dev.o)
 .debug_aranges
                0x0000000000000168       0x20 ../Lab6_Part2_APP_bsp/\libhal_bsp.a(alt_dev_llist_insert.o)
 .debug_aranges
                0x0000000000000188       0x18 ../Lab6_Part2_APP_bsp/\libhal_bsp.a(alt_errno.o)
 .debug_aranges
                0x00000000000001a0       0x20 ../Lab6_Part2_APP_bsp/\libhal_bsp.a(alt_icache_flush_all.o)
 .debug_aranges
                0x00000000000001c0       0x20 ../Lab6_Part2_APP_bsp/\libhal_bsp.a(alt_io_redirect.o)
 .debug_aranges
                0x00000000000001e0       0x20 ../Lab6_Part2_APP_bsp/\libhal_bsp.a(alt_open.o)
 .debug_aranges
                0x0000000000000200       0x20 ../Lab6_Part2_APP_bsp/\libhal_bsp.a(alt_release_fd.o)
 .debug_aranges
                0x0000000000000220       0x20 ../Lab6_Part2_APP_bsp/\libhal_bsp.a(altera_nios2_gen2_irq.o)
 .debug_aranges
                0x0000000000000240       0x20 ../Lab6_Part2_APP_bsp/\libhal_bsp.a(alt_find_dev.o)
 .debug_aranges
                0x0000000000000260       0x20 ../Lab6_Part2_APP_bsp/\libhal_bsp.a(alt_find_file.o)
 .debug_aranges
                0x0000000000000280       0x20 ../Lab6_Part2_APP_bsp/\libhal_bsp.a(alt_get_fd.o)
 .debug_aranges
                0x00000000000002a0       0x20 c:/intelfpga/18.1/nios2eds/bin/gnu/h-x86_64-mingw32/bin/../lib/gcc/nios2-elf/5.3.0/../../../../../H-x86_64-mingw32/nios2-elf/lib/mno-hw-mul\libsmallc.a(lib_a-exit.o)
 .debug_aranges
                0x00000000000002c0       0x18 c:/intelfpga/18.1/nios2eds/bin/gnu/h-x86_64-mingw32/bin/../lib/gcc/nios2-elf/5.3.0/../../../../../H-x86_64-mingw32/nios2-elf/lib/mno-hw-mul\libsmallc.a(lib_a-int_errno.o)
 .debug_aranges
                0x00000000000002d8       0x20 c:/intelfpga/18.1/nios2eds/bin/gnu/h-x86_64-mingw32/bin/../lib/gcc/nios2-elf/5.3.0/../../../../../H-x86_64-mingw32/nios2-elf/lib/mno-hw-mul\libsmallc.a(lib_a-memcmp.o)
 .debug_aranges
                0x00000000000002f8       0x20 c:/intelfpga/18.1/nios2eds/bin/gnu/h-x86_64-mingw32/bin/../lib/gcc/nios2-elf/5.3.0/../../../../../H-x86_64-mingw32/nios2-elf/lib/mno-hw-mul\libsmallc.a(lib_a-strlen.o)
 .debug_aranges
                0x0000000000000318       0x20 c:/intelfpga/18.1/nios2eds/bin/gnu/h-x86_64-mingw32/bin/../lib/gcc/nios2-elf/5.3.0/../../../../../H-x86_64-mingw32/nios2-elf/lib/mno-hw-mul\libsmallc.a(lib_a-__call_atexit.o)
 .debug_aranges
                0x0000000000000338       0x18 c:/intelfpga/18.1/nios2eds/bin/gnu/h-x86_64-mingw32/bin/../lib/gcc/nios2-elf/5.3.0/../../../../../H-x86_64-mingw32/nios2-elf/lib/mno-hw-mul\libsmallc.a(lib_a-impure.o)
 .debug_aranges
                0x0000000000000350       0x20 c:/intelfpga/18.1/nios2eds/bin/gnu/h-x86_64-mingw32/bin/../lib/gcc/nios2-elf/5.3.0/mno-hw-mul\libgcc.a(lib2-mul.o)
 .debug_aranges
                0x0000000000000370       0x20 ../Lab6_Part2_APP_bsp/\libhal_bsp.a(alt_exit.o)

.debug_pubnames
 *(.debug_pubnames)

.debug_info     0x0000000000000000     0x418a
 *(.debug_info .gnu.linkonce.wi.*)
 .debug_info    0x0000000000000000       0x7d ../Lab6_Part2_APP_bsp//obj/HAL/src/crt0.o
 .debug_info    0x000000000000007d      0x33f obj/default/Lab6_Part2_code.o
 .debug_info    0x00000000000003bc      0x145 ../Lab6_Part2_APP_bsp/\libhal_bsp.a(alt_load.o)
 .debug_info    0x0000000000000501      0x131 ../Lab6_Part2_APP_bsp/\libhal_bsp.a(alt_main.o)
 .debug_info    0x0000000000000632      0x3c9 ../Lab6_Part2_APP_bsp/\libhal_bsp.a(alt_sys_init.o)
 .debug_info    0x00000000000009fb      0x3a7 ../Lab6_Part2_APP_bsp/\libhal_bsp.a(altera_avalon_jtag_uart_fd.o)
 .debug_info    0x0000000000000da2      0x1b2 ../Lab6_Part2_APP_bsp/\libhal_bsp.a(altera_avalon_jtag_uart_read.o)
 .debug_info    0x0000000000000f54      0x195 ../Lab6_Part2_APP_bsp/\libhal_bsp.a(altera_avalon_jtag_uart_write.o)
 .debug_info    0x00000000000010e9      0x321 ../Lab6_Part2_APP_bsp/\libhal_bsp.a(alt_close.o)
 .debug_info    0x000000000000140a       0x92 ../Lab6_Part2_APP_bsp/\libhal_bsp.a(alt_dcache_flush_all.o)
 .debug_info    0x000000000000149c      0x49c ../Lab6_Part2_APP_bsp/\libhal_bsp.a(alt_dev.o)
 .debug_info    0x0000000000001938      0x1a9 ../Lab6_Part2_APP_bsp/\libhal_bsp.a(alt_dev_llist_insert.o)
 .debug_info    0x0000000000001ae1       0xa6 ../Lab6_Part2_APP_bsp/\libhal_bsp.a(alt_errno.o)
 .debug_info    0x0000000000001b87       0x92 ../Lab6_Part2_APP_bsp/\libhal_bsp.a(alt_icache_flush_all.o)
 .debug_info    0x0000000000001c19      0x4a5 ../Lab6_Part2_APP_bsp/\libhal_bsp.a(alt_io_redirect.o)
 .debug_info    0x00000000000020be      0x3bb ../Lab6_Part2_APP_bsp/\libhal_bsp.a(alt_open.o)
 .debug_info    0x0000000000002479      0x2b0 ../Lab6_Part2_APP_bsp/\libhal_bsp.a(alt_release_fd.o)
 .debug_info    0x0000000000002729       0x92 ../Lab6_Part2_APP_bsp/\libhal_bsp.a(altera_nios2_gen2_irq.o)
 .debug_info    0x00000000000027bb      0x2e9 ../Lab6_Part2_APP_bsp/\libhal_bsp.a(alt_find_dev.o)
 .debug_info    0x0000000000002aa4      0x2e6 ../Lab6_Part2_APP_bsp/\libhal_bsp.a(alt_find_file.o)
 .debug_info    0x0000000000002d8a      0x310 ../Lab6_Part2_APP_bsp/\libhal_bsp.a(alt_get_fd.o)
 .debug_info    0x000000000000309a       0xe5 c:/intelfpga/18.1/nios2eds/bin/gnu/h-x86_64-mingw32/bin/../lib/gcc/nios2-elf/5.3.0/../../../../../H-x86_64-mingw32/nios2-elf/lib/mno-hw-mul\libsmallc.a(lib_a-exit.o)
 .debug_info    0x000000000000317f       0x8a c:/intelfpga/18.1/nios2eds/bin/gnu/h-x86_64-mingw32/bin/../lib/gcc/nios2-elf/5.3.0/../../../../../H-x86_64-mingw32/nios2-elf/lib/mno-hw-mul\libsmallc.a(lib_a-int_errno.o)
 .debug_info    0x0000000000003209       0xf4 c:/intelfpga/18.1/nios2eds/bin/gnu/h-x86_64-mingw32/bin/../lib/gcc/nios2-elf/5.3.0/../../../../../H-x86_64-mingw32/nios2-elf/lib/mno-hw-mul\libsmallc.a(lib_a-memcmp.o)
 .debug_info    0x00000000000032fd       0xc9 c:/intelfpga/18.1/nios2eds/bin/gnu/h-x86_64-mingw32/bin/../lib/gcc/nios2-elf/5.3.0/../../../../../H-x86_64-mingw32/nios2-elf/lib/mno-hw-mul\libsmallc.a(lib_a-strlen.o)
 .debug_info    0x00000000000033c6      0x67b c:/intelfpga/18.1/nios2eds/bin/gnu/h-x86_64-mingw32/bin/../lib/gcc/nios2-elf/5.3.0/../../../../../H-x86_64-mingw32/nios2-elf/lib/mno-hw-mul\libsmallc.a(lib_a-__call_atexit.o)
 .debug_info    0x0000000000003a41      0x5a9 c:/intelfpga/18.1/nios2eds/bin/gnu/h-x86_64-mingw32/bin/../lib/gcc/nios2-elf/5.3.0/../../../../../H-x86_64-mingw32/nios2-elf/lib/mno-hw-mul\libsmallc.a(lib_a-impure.o)
 .debug_info    0x0000000000003fea       0xb4 c:/intelfpga/18.1/nios2eds/bin/gnu/h-x86_64-mingw32/bin/../lib/gcc/nios2-elf/5.3.0/mno-hw-mul\libgcc.a(lib2-mul.o)
 .debug_info    0x000000000000409e       0xec ../Lab6_Part2_APP_bsp/\libhal_bsp.a(alt_exit.o)

.debug_abbrev   0x0000000000000000     0x169b
 *(.debug_abbrev)
 .debug_abbrev  0x0000000000000000       0x12 ../Lab6_Part2_APP_bsp//obj/HAL/src/crt0.o
 .debug_abbrev  0x0000000000000012       0xcd obj/default/Lab6_Part2_code.o
 .debug_abbrev  0x00000000000000df       0x9f ../Lab6_Part2_APP_bsp/\libhal_bsp.a(alt_load.o)
 .debug_abbrev  0x000000000000017e       0xba ../Lab6_Part2_APP_bsp/\libhal_bsp.a(alt_main.o)
 .debug_abbrev  0x0000000000000238      0x157 ../Lab6_Part2_APP_bsp/\libhal_bsp.a(alt_sys_init.o)
 .debug_abbrev  0x000000000000038f       0xf7 ../Lab6_Part2_APP_bsp/\libhal_bsp.a(altera_avalon_jtag_uart_fd.o)
 .debug_abbrev  0x0000000000000486       0xd5 ../Lab6_Part2_APP_bsp/\libhal_bsp.a(altera_avalon_jtag_uart_read.o)
 .debug_abbrev  0x000000000000055b       0xd5 ../Lab6_Part2_APP_bsp/\libhal_bsp.a(altera_avalon_jtag_uart_write.o)
 .debug_abbrev  0x0000000000000630      0x11f ../Lab6_Part2_APP_bsp/\libhal_bsp.a(alt_close.o)
 .debug_abbrev  0x000000000000074f       0x42 ../Lab6_Part2_APP_bsp/\libhal_bsp.a(alt_dcache_flush_all.o)
 .debug_abbrev  0x0000000000000791       0xd9 ../Lab6_Part2_APP_bsp/\libhal_bsp.a(alt_dev.o)
 .debug_abbrev  0x000000000000086a      0x114 ../Lab6_Part2_APP_bsp/\libhal_bsp.a(alt_dev_llist_insert.o)
 .debug_abbrev  0x000000000000097e       0x5a ../Lab6_Part2_APP_bsp/\libhal_bsp.a(alt_errno.o)
 .debug_abbrev  0x00000000000009d8       0x42 ../Lab6_Part2_APP_bsp/\libhal_bsp.a(alt_icache_flush_all.o)
 .debug_abbrev  0x0000000000000a1a      0x114 ../Lab6_Part2_APP_bsp/\libhal_bsp.a(alt_io_redirect.o)
 .debug_abbrev  0x0000000000000b2e      0x148 ../Lab6_Part2_APP_bsp/\libhal_bsp.a(alt_open.o)
 .debug_abbrev  0x0000000000000c76       0xde ../Lab6_Part2_APP_bsp/\libhal_bsp.a(alt_release_fd.o)
 .debug_abbrev  0x0000000000000d54       0x42 ../Lab6_Part2_APP_bsp/\libhal_bsp.a(altera_nios2_gen2_irq.o)
 .debug_abbrev  0x0000000000000d96       0xf0 ../Lab6_Part2_APP_bsp/\libhal_bsp.a(alt_find_dev.o)
 .debug_abbrev  0x0000000000000e86       0xf0 ../Lab6_Part2_APP_bsp/\libhal_bsp.a(alt_find_file.o)
 .debug_abbrev  0x0000000000000f76      0x10d ../Lab6_Part2_APP_bsp/\libhal_bsp.a(alt_get_fd.o)
 .debug_abbrev  0x0000000000001083       0x8b c:/intelfpga/18.1/nios2eds/bin/gnu/h-x86_64-mingw32/bin/../lib/gcc/nios2-elf/5.3.0/../../../../../H-x86_64-mingw32/nios2-elf/lib/mno-hw-mul\libsmallc.a(lib_a-exit.o)
 .debug_abbrev  0x000000000000110e       0x37 c:/intelfpga/18.1/nios2eds/bin/gnu/h-x86_64-mingw32/bin/../lib/gcc/nios2-elf/5.3.0/../../../../../H-x86_64-mingw32/nios2-elf/lib/mno-hw-mul\libsmallc.a(lib_a-int_errno.o)
 .debug_abbrev  0x0000000000001145       0x7f c:/intelfpga/18.1/nios2eds/bin/gnu/h-x86_64-mingw32/bin/../lib/gcc/nios2-elf/5.3.0/../../../../../H-x86_64-mingw32/nios2-elf/lib/mno-hw-mul\libsmallc.a(lib_a-memcmp.o)
 .debug_abbrev  0x00000000000011c4       0x7f c:/intelfpga/18.1/nios2eds/bin/gnu/h-x86_64-mingw32/bin/../lib/gcc/nios2-elf/5.3.0/../../../../../H-x86_64-mingw32/nios2-elf/lib/mno-hw-mul\libsmallc.a(lib_a-strlen.o)
 .debug_abbrev  0x0000000000001243      0x1f6 c:/intelfpga/18.1/nios2eds/bin/gnu/h-x86_64-mingw32/bin/../lib/gcc/nios2-elf/5.3.0/../../../../../H-x86_64-mingw32/nios2-elf/lib/mno-hw-mul\libsmallc.a(lib_a-__call_atexit.o)
 .debug_abbrev  0x0000000000001439      0x14a c:/intelfpga/18.1/nios2eds/bin/gnu/h-x86_64-mingw32/bin/../lib/gcc/nios2-elf/5.3.0/../../../../../H-x86_64-mingw32/nios2-elf/lib/mno-hw-mul\libsmallc.a(lib_a-impure.o)
 .debug_abbrev  0x0000000000001583       0x6f c:/intelfpga/18.1/nios2eds/bin/gnu/h-x86_64-mingw32/bin/../lib/gcc/nios2-elf/5.3.0/mno-hw-mul\libgcc.a(lib2-mul.o)
 .debug_abbrev  0x00000000000015f2       0xa9 ../Lab6_Part2_APP_bsp/\libhal_bsp.a(alt_exit.o)

.debug_line     0x0000000000000000     0x1955
 *(.debug_line)
 .debug_line    0x0000000000000000       0x66 ../Lab6_Part2_APP_bsp//obj/HAL/src/crt0.o
 .debug_line    0x0000000000000066       0xe0 obj/default/Lab6_Part2_code.o
 .debug_line    0x0000000000000146       0x8e ../Lab6_Part2_APP_bsp/\libhal_bsp.a(alt_load.o)
 .debug_line    0x00000000000001d4       0x9e ../Lab6_Part2_APP_bsp/\libhal_bsp.a(alt_main.o)
 .debug_line    0x0000000000000272      0x127 ../Lab6_Part2_APP_bsp/\libhal_bsp.a(alt_sys_init.o)
 .debug_line    0x0000000000000399      0x112 ../Lab6_Part2_APP_bsp/\libhal_bsp.a(altera_avalon_jtag_uart_fd.o)
 .debug_line    0x00000000000004ab       0xfd ../Lab6_Part2_APP_bsp/\libhal_bsp.a(altera_avalon_jtag_uart_read.o)
 .debug_line    0x00000000000005a8       0xf4 ../Lab6_Part2_APP_bsp/\libhal_bsp.a(altera_avalon_jtag_uart_write.o)
 .debug_line    0x000000000000069c      0x160 ../Lab6_Part2_APP_bsp/\libhal_bsp.a(alt_close.o)
 .debug_line    0x00000000000007fc       0x51 ../Lab6_Part2_APP_bsp/\libhal_bsp.a(alt_dcache_flush_all.o)
 .debug_line    0x000000000000084d       0xf3 ../Lab6_Part2_APP_bsp/\libhal_bsp.a(alt_dev.o)
 .debug_line    0x0000000000000940       0xcf ../Lab6_Part2_APP_bsp/\libhal_bsp.a(alt_dev_llist_insert.o)
 .debug_line    0x0000000000000a0f       0x51 ../Lab6_Part2_APP_bsp/\libhal_bsp.a(alt_errno.o)
 .debug_line    0x0000000000000a60       0x4f ../Lab6_Part2_APP_bsp/\libhal_bsp.a(alt_icache_flush_all.o)
 .debug_line    0x0000000000000aaf      0x130 ../Lab6_Part2_APP_bsp/\libhal_bsp.a(alt_io_redirect.o)
 .debug_line    0x0000000000000bdf      0x12b ../Lab6_Part2_APP_bsp/\libhal_bsp.a(alt_open.o)
 .debug_line    0x0000000000000d0a       0xb0 ../Lab6_Part2_APP_bsp/\libhal_bsp.a(alt_release_fd.o)
 .debug_line    0x0000000000000dba       0x51 ../Lab6_Part2_APP_bsp/\libhal_bsp.a(altera_nios2_gen2_irq.o)
 .debug_line    0x0000000000000e0b       0xb5 ../Lab6_Part2_APP_bsp/\libhal_bsp.a(alt_find_dev.o)
 .debug_line    0x0000000000000ec0       0xd1 ../Lab6_Part2_APP_bsp/\libhal_bsp.a(alt_find_file.o)
 .debug_line    0x0000000000000f91       0xd7 ../Lab6_Part2_APP_bsp/\libhal_bsp.a(alt_get_fd.o)
 .debug_line    0x0000000000001068      0x159 c:/intelfpga/18.1/nios2eds/bin/gnu/h-x86_64-mingw32/bin/../lib/gcc/nios2-elf/5.3.0/../../../../../H-x86_64-mingw32/nios2-elf/lib/mno-hw-mul\libsmallc.a(lib_a-exit.o)
 .debug_line    0x00000000000011c1       0x5f c:/intelfpga/18.1/nios2eds/bin/gnu/h-x86_64-mingw32/bin/../lib/gcc/nios2-elf/5.3.0/../../../../../H-x86_64-mingw32/nios2-elf/lib/mno-hw-mul\libsmallc.a(lib_a-int_errno.o)
 .debug_line    0x0000000000001220      0x160 c:/intelfpga/18.1/nios2eds/bin/gnu/h-x86_64-mingw32/bin/../lib/gcc/nios2-elf/5.3.0/../../../../../H-x86_64-mingw32/nios2-elf/lib/mno-hw-mul\libsmallc.a(lib_a-memcmp.o)
 .debug_line    0x0000000000001380      0x15c c:/intelfpga/18.1/nios2eds/bin/gnu/h-x86_64-mingw32/bin/../lib/gcc/nios2-elf/5.3.0/../../../../../H-x86_64-mingw32/nios2-elf/lib/mno-hw-mul\libsmallc.a(lib_a-strlen.o)
 .debug_line    0x00000000000014dc      0x232 c:/intelfpga/18.1/nios2eds/bin/gnu/h-x86_64-mingw32/bin/../lib/gcc/nios2-elf/5.3.0/../../../../../H-x86_64-mingw32/nios2-elf/lib/mno-hw-mul\libsmallc.a(lib_a-__call_atexit.o)
 .debug_line    0x000000000000170e      0x156 c:/intelfpga/18.1/nios2eds/bin/gnu/h-x86_64-mingw32/bin/../lib/gcc/nios2-elf/5.3.0/../../../../../H-x86_64-mingw32/nios2-elf/lib/mno-hw-mul\libsmallc.a(lib_a-impure.o)
 .debug_line    0x0000000000001864       0x80 c:/intelfpga/18.1/nios2eds/bin/gnu/h-x86_64-mingw32/bin/../lib/gcc/nios2-elf/5.3.0/mno-hw-mul\libgcc.a(lib2-mul.o)
 .debug_line    0x00000000000018e4       0x71 ../Lab6_Part2_APP_bsp/\libhal_bsp.a(alt_exit.o)

.debug_frame    0x0000000000000000      0x6e0
 *(.debug_frame)
 .debug_frame   0x0000000000000000       0x98 obj/default/Lab6_Part2_code.o
 .debug_frame   0x0000000000000098       0x5c ../Lab6_Part2_APP_bsp/\libhal_bsp.a(alt_load.o)
 .debug_frame   0x00000000000000f4       0x2c ../Lab6_Part2_APP_bsp/\libhal_bsp.a(alt_main.o)
 .debug_frame   0x0000000000000120       0x88 ../Lab6_Part2_APP_bsp/\libhal_bsp.a(alt_sys_init.o)
 .debug_frame   0x00000000000001a8       0x60 ../Lab6_Part2_APP_bsp/\libhal_bsp.a(altera_avalon_jtag_uart_fd.o)
 .debug_frame   0x0000000000000208       0x34 ../Lab6_Part2_APP_bsp/\libhal_bsp.a(altera_avalon_jtag_uart_read.o)
 .debug_frame   0x000000000000023c       0x34 ../Lab6_Part2_APP_bsp/\libhal_bsp.a(altera_avalon_jtag_uart_write.o)
 .debug_frame   0x0000000000000270       0x60 ../Lab6_Part2_APP_bsp/\libhal_bsp.a(alt_close.o)
 .debug_frame   0x00000000000002d0       0x34 ../Lab6_Part2_APP_bsp/\libhal_bsp.a(alt_dcache_flush_all.o)
 .debug_frame   0x0000000000000304       0x34 ../Lab6_Part2_APP_bsp/\libhal_bsp.a(alt_dev.o)
 .debug_frame   0x0000000000000338       0x60 ../Lab6_Part2_APP_bsp/\libhal_bsp.a(alt_dev_llist_insert.o)
 .debug_frame   0x0000000000000398       0x34 ../Lab6_Part2_APP_bsp/\libhal_bsp.a(alt_icache_flush_all.o)
 .debug_frame   0x00000000000003cc       0x64 ../Lab6_Part2_APP_bsp/\libhal_bsp.a(alt_io_redirect.o)
 .debug_frame   0x0000000000000430       0x8c ../Lab6_Part2_APP_bsp/\libhal_bsp.a(alt_open.o)
 .debug_frame   0x00000000000004bc       0x3c ../Lab6_Part2_APP_bsp/\libhal_bsp.a(alt_release_fd.o)
 .debug_frame   0x00000000000004f8       0x34 ../Lab6_Part2_APP_bsp/\libhal_bsp.a(altera_nios2_gen2_irq.o)
 .debug_frame   0x000000000000052c       0x38 ../Lab6_Part2_APP_bsp/\libhal_bsp.a(alt_find_dev.o)
 .debug_frame   0x0000000000000564       0x38 ../Lab6_Part2_APP_bsp/\libhal_bsp.a(alt_find_file.o)
 .debug_frame   0x000000000000059c       0x3c ../Lab6_Part2_APP_bsp/\libhal_bsp.a(alt_get_fd.o)
 .debug_frame   0x00000000000005d8       0x28 c:/intelfpga/18.1/nios2eds/bin/gnu/h-x86_64-mingw32/bin/../lib/gcc/nios2-elf/5.3.0/../../../../../H-x86_64-mingw32/nios2-elf/lib/mno-hw-mul\libsmallc.a(lib_a-exit.o)
 .debug_frame   0x0000000000000600       0x20 c:/intelfpga/18.1/nios2eds/bin/gnu/h-x86_64-mingw32/bin/../lib/gcc/nios2-elf/5.3.0/../../../../../H-x86_64-mingw32/nios2-elf/lib/mno-hw-mul\libsmallc.a(lib_a-memcmp.o)
 .debug_frame   0x0000000000000620       0x20 c:/intelfpga/18.1/nios2eds/bin/gnu/h-x86_64-mingw32/bin/../lib/gcc/nios2-elf/5.3.0/../../../../../H-x86_64-mingw32/nios2-elf/lib/mno-hw-mul\libsmallc.a(lib_a-strlen.o)
 .debug_frame   0x0000000000000640       0x54 c:/intelfpga/18.1/nios2eds/bin/gnu/h-x86_64-mingw32/bin/../lib/gcc/nios2-elf/5.3.0/../../../../../H-x86_64-mingw32/nios2-elf/lib/mno-hw-mul\libsmallc.a(lib_a-__call_atexit.o)
 .debug_frame   0x0000000000000694       0x20 c:/intelfpga/18.1/nios2eds/bin/gnu/h-x86_64-mingw32/bin/../lib/gcc/nios2-elf/5.3.0/mno-hw-mul\libgcc.a(lib2-mul.o)
 .debug_frame   0x00000000000006b4       0x2c ../Lab6_Part2_APP_bsp/\libhal_bsp.a(alt_exit.o)

.debug_str      0x0000000000000000     0x11a2
 *(.debug_str)
 .debug_str     0x0000000000000000      0x1ef obj/default/Lab6_Part2_code.o
                                        0x22d (size before relaxing)
 .debug_str     0x00000000000001ef      0x13a ../Lab6_Part2_APP_bsp/\libhal_bsp.a(alt_load.o)
                                        0x221 (size before relaxing)
 .debug_str     0x0000000000000329       0x70 ../Lab6_Part2_APP_bsp/\libhal_bsp.a(alt_main.o)
                                        0x1ac (size before relaxing)
 .debug_str     0x0000000000000399      0x15e ../Lab6_Part2_APP_bsp/\libhal_bsp.a(alt_sys_init.o)
                                        0x2e3 (size before relaxing)
 .debug_str     0x00000000000004f7       0x77 ../Lab6_Part2_APP_bsp/\libhal_bsp.a(altera_avalon_jtag_uart_fd.o)
                                        0x2e4 (size before relaxing)
 .debug_str     0x000000000000056e       0x48 ../Lab6_Part2_APP_bsp/\libhal_bsp.a(altera_avalon_jtag_uart_read.o)
                                        0x22e (size before relaxing)
 .debug_str     0x00000000000005b6       0x4a ../Lab6_Part2_APP_bsp/\libhal_bsp.a(altera_avalon_jtag_uart_write.o)
                                        0x224 (size before relaxing)
 .debug_str     0x0000000000000600       0x44 ../Lab6_Part2_APP_bsp/\libhal_bsp.a(alt_close.o)
                                        0x21a (size before relaxing)
 .debug_str     0x0000000000000644       0x34 ../Lab6_Part2_APP_bsp/\libhal_bsp.a(alt_dcache_flush_all.o)
                                        0x164 (size before relaxing)
 .debug_str     0x0000000000000678      0x120 ../Lab6_Part2_APP_bsp/\libhal_bsp.a(alt_dev.o)
                                        0x314 (size before relaxing)
 .debug_str     0x0000000000000798       0x4b ../Lab6_Part2_APP_bsp/\libhal_bsp.a(alt_dev_llist_insert.o)
                                        0x1db (size before relaxing)
 .debug_str     0x00000000000007e3       0x14 ../Lab6_Part2_APP_bsp/\libhal_bsp.a(alt_errno.o)
                                        0x154 (size before relaxing)
 .debug_str     0x00000000000007f7       0x34 ../Lab6_Part2_APP_bsp/\libhal_bsp.a(alt_icache_flush_all.o)
                                        0x164 (size before relaxing)
 .debug_str     0x000000000000082b       0x56 ../Lab6_Part2_APP_bsp/\libhal_bsp.a(alt_io_redirect.o)
                                        0x325 (size before relaxing)
 .debug_str     0x0000000000000881       0x36 ../Lab6_Part2_APP_bsp/\libhal_bsp.a(alt_open.o)
                                        0x25a (size before relaxing)
 .debug_str     0x00000000000008b7       0x28 ../Lab6_Part2_APP_bsp/\libhal_bsp.a(alt_release_fd.o)
                                        0x1e2 (size before relaxing)
 .debug_str     0x00000000000008df       0x3b ../Lab6_Part2_APP_bsp/\libhal_bsp.a(altera_nios2_gen2_irq.o)
                                        0x16b (size before relaxing)
 .debug_str     0x000000000000091a       0x24 ../Lab6_Part2_APP_bsp/\libhal_bsp.a(alt_find_dev.o)
                                        0x1fb (size before relaxing)
 .debug_str     0x000000000000093e       0x26 ../Lab6_Part2_APP_bsp/\libhal_bsp.a(alt_find_file.o)
                                        0x209 (size before relaxing)
 .debug_str     0x0000000000000964       0x30 ../Lab6_Part2_APP_bsp/\libhal_bsp.a(alt_get_fd.o)
                                        0x22b (size before relaxing)
 .debug_str     0x0000000000000994      0x142 c:/intelfpga/18.1/nios2eds/bin/gnu/h-x86_64-mingw32/bin/../lib/gcc/nios2-elf/5.3.0/../../../../../H-x86_64-mingw32/nios2-elf/lib/mno-hw-mul\libsmallc.a(lib_a-exit.o)
                                        0x1f0 (size before relaxing)
 .debug_str     0x0000000000000ad6       0xd3 c:/intelfpga/18.1/nios2eds/bin/gnu/h-x86_64-mingw32/bin/../lib/gcc/nios2-elf/5.3.0/../../../../../H-x86_64-mingw32/nios2-elf/lib/mno-hw-mul\libsmallc.a(lib_a-int_errno.o)
                                        0x1d8 (size before relaxing)
 .debug_str     0x0000000000000ba9       0xe0 c:/intelfpga/18.1/nios2eds/bin/gnu/h-x86_64-mingw32/bin/../lib/gcc/nios2-elf/5.3.0/../../../../../H-x86_64-mingw32/nios2-elf/lib/mno-hw-mul\libsmallc.a(lib_a-memcmp.o)
                                        0x1df (size before relaxing)
 .debug_str     0x0000000000000c89       0x44 c:/intelfpga/18.1/nios2eds/bin/gnu/h-x86_64-mingw32/bin/../lib/gcc/nios2-elf/5.3.0/../../../../../H-x86_64-mingw32/nios2-elf/lib/mno-hw-mul\libsmallc.a(lib_a-strlen.o)
                                        0x1e5 (size before relaxing)
 .debug_str     0x0000000000000ccd      0x31b c:/intelfpga/18.1/nios2eds/bin/gnu/h-x86_64-mingw32/bin/../lib/gcc/nios2-elf/5.3.0/../../../../../H-x86_64-mingw32/nios2-elf/lib/mno-hw-mul\libsmallc.a(lib_a-__call_atexit.o)
                                        0x4eb (size before relaxing)
 .debug_str     0x0000000000000fe8       0x48 c:/intelfpga/18.1/nios2eds/bin/gnu/h-x86_64-mingw32/bin/../lib/gcc/nios2-elf/5.3.0/../../../../../H-x86_64-mingw32/nios2-elf/lib/mno-hw-mul\libsmallc.a(lib_a-impure.o)
                                        0x4be (size before relaxing)
 .debug_str     0x0000000000001030      0x148 c:/intelfpga/18.1/nios2eds/bin/gnu/h-x86_64-mingw32/bin/../lib/gcc/nios2-elf/5.3.0/mno-hw-mul\libgcc.a(lib2-mul.o)
                                        0x193 (size before relaxing)
 .debug_str     0x0000000000001178       0x2a ../Lab6_Part2_APP_bsp/\libhal_bsp.a(alt_exit.o)
                                        0x160 (size before relaxing)

.debug_loc      0x0000000000000000      0x2ba
 *(.debug_loc)
 .debug_loc     0x0000000000000000       0x1e c:/intelfpga/18.1/nios2eds/bin/gnu/h-x86_64-mingw32/bin/../lib/gcc/nios2-elf/5.3.0/../../../../../H-x86_64-mingw32/nios2-elf/lib/mno-hw-mul\libsmallc.a(lib_a-exit.o)
 .debug_loc     0x000000000000001e       0x94 c:/intelfpga/18.1/nios2eds/bin/gnu/h-x86_64-mingw32/bin/../lib/gcc/nios2-elf/5.3.0/../../../../../H-x86_64-mingw32/nios2-elf/lib/mno-hw-mul\libsmallc.a(lib_a-memcmp.o)
 .debug_loc     0x00000000000000b2       0x1e c:/intelfpga/18.1/nios2eds/bin/gnu/h-x86_64-mingw32/bin/../lib/gcc/nios2-elf/5.3.0/../../../../../H-x86_64-mingw32/nios2-elf/lib/mno-hw-mul\libsmallc.a(lib_a-strlen.o)
 .debug_loc     0x00000000000000d0      0x157 c:/intelfpga/18.1/nios2eds/bin/gnu/h-x86_64-mingw32/bin/../lib/gcc/nios2-elf/5.3.0/../../../../../H-x86_64-mingw32/nios2-elf/lib/mno-hw-mul\libsmallc.a(lib_a-__call_atexit.o)
 .debug_loc     0x0000000000000227       0x93 c:/intelfpga/18.1/nios2eds/bin/gnu/h-x86_64-mingw32/bin/../lib/gcc/nios2-elf/5.3.0/mno-hw-mul\libgcc.a(lib2-mul.o)

.debug_macinfo
 *(.debug_macinfo)

.debug_weaknames
 *(.debug_weaknames)

.debug_funcnames
 *(.debug_funcnames)

.debug_typenames
 *(.debug_typenames)

.debug_varnames
 *(.debug_varnames)

.debug_alt_sim_info
                0x0000000000000000       0x10
 *(.debug_alt_sim_info)
 .debug_alt_sim_info
                0x0000000000000000       0x10 ../Lab6_Part2_APP_bsp//obj/HAL/src/crt0.o
                0x0000000000008000                __alt_data_end = 0x8000
                0x0000000000008000                PROVIDE (__alt_stack_pointer, __alt_data_end)
                [!provide]                        PROVIDE (__alt_stack_limit, __alt_stack_base)
                [!provide]                        PROVIDE (__alt_heap_start, end)
                [!provide]                        PROVIDE (__alt_heap_limit, 0x8000)
OUTPUT(Lab6_Part2_APP.elf elf32-littlenios2)

.debug_ranges   0x0000000000000000       0x90
 .debug_ranges  0x0000000000000000       0x20 ../Lab6_Part2_APP_bsp//obj/HAL/src/crt0.o
 .debug_ranges  0x0000000000000020       0x18 ../Lab6_Part2_APP_bsp/\libhal_bsp.a(altera_avalon_jtag_uart_read.o)
 .debug_ranges  0x0000000000000038       0x10 c:/intelfpga/18.1/nios2eds/bin/gnu/h-x86_64-mingw32/bin/../lib/gcc/nios2-elf/5.3.0/../../../../../H-x86_64-mingw32/nios2-elf/lib/mno-hw-mul\libsmallc.a(lib_a-exit.o)
 .debug_ranges  0x0000000000000048       0x10 c:/intelfpga/18.1/nios2eds/bin/gnu/h-x86_64-mingw32/bin/../lib/gcc/nios2-elf/5.3.0/../../../../../H-x86_64-mingw32/nios2-elf/lib/mno-hw-mul\libsmallc.a(lib_a-memcmp.o)
 .debug_ranges  0x0000000000000058       0x10 c:/intelfpga/18.1/nios2eds/bin/gnu/h-x86_64-mingw32/bin/../lib/gcc/nios2-elf/5.3.0/../../../../../H-x86_64-mingw32/nios2-elf/lib/mno-hw-mul\libsmallc.a(lib_a-strlen.o)
 .debug_ranges  0x0000000000000068       0x28 c:/intelfpga/18.1/nios2eds/bin/gnu/h-x86_64-mingw32/bin/../lib/gcc/nios2-elf/5.3.0/../../../../../H-x86_64-mingw32/nios2-elf/lib/mno-hw-mul\libsmallc.a(lib_a-__call_atexit.o)
